2025-07-24 21:55:14,845 - batch4_phase5 - INFO - C:\Users\Tianyu Wang\Documents\Notebooks\cyberdata\src\cyberdata\utils\logger_config.py:62 - setup_logger() - Logger initialized. Logs will be saved to C:\Users\Tianyu Wang\Documents\Notebooks\cyberdata\logs\batch4_phase5_20250724_215514.log
2025-07-24 21:55:14,846 - batch4_phase5 - INFO - C:\Users\Tianyu Wang\Documents\Notebooks\cyberdata\src\cyberdata\scripts\batch4_phase5_model_training.py:92 - __init__() - Phase 5初始化完成，将进行 40 个实验
2025-07-24 21:55:14,846 - batch4_phase5 - INFO - C:\Users\Tianyu Wang\Documents\Notebooks\cyberdata\src\cyberdata\scripts\batch4_phase5_model_training.py:511 - run_phase5_complete() - ==================================================
2025-07-24 21:55:14,849 - batch4_phase5 - INFO - C:\Users\Tianyu Wang\Documents\Notebooks\cyberdata\src\cyberdata\scripts\batch4_phase5_model_training.py:512 - run_phase5_complete() - 开始执行批次4 Phase 5: 模型训练和评估
2025-07-24 21:55:14,849 - batch4_phase5 - INFO - C:\Users\Tianyu Wang\Documents\Notebooks\cyberdata\src\cyberdata\scripts\batch4_phase5_model_training.py:513 - run_phase5_complete() - ==================================================
2025-07-24 21:55:14,849 - batch4_phase5 - INFO - C:\Users\Tianyu Wang\Documents\Notebooks\cyberdata\src\cyberdata\scripts\batch4_phase5_model_training.py:521 - run_phase5_complete() - 开始执行 40 个实验...
2025-07-24 21:55:14,849 - batch4_phase5 - INFO - C:\Users\Tianyu Wang\Documents\Notebooks\cyberdata\src\cyberdata\scripts\batch4_phase5_model_training.py:526 - run_phase5_complete() - 实验 1/20: real_only_5pct
2025-07-24 21:55:14,849 - batch4_phase5 - INFO - C:\Users\Tianyu Wang\Documents\Notebooks\cyberdata\src\cyberdata\scripts\batch4_phase5_model_training.py:259 - run_single_experiment() - 开始实验: real_only_5pct
2025-07-24 21:55:14,849 - batch4_phase5 - INFO - C:\Users\Tianyu Wang\Documents\Notebooks\cyberdata\src\cyberdata\utils\data_loader.py:37 - load_csv_data() - 加载数据文件: C:\Users\Tianyu Wang\Documents\Notebooks\cyberdata\data\batch4_fresh\datasets\real_only_5pct\train.csv
2025-07-24 21:55:15,312 - batch4_phase5 - INFO - C:\Users\Tianyu Wang\Documents\Notebooks\cyberdata\src\cyberdata\utils\data_loader.py:65 - load_csv_data() - 成功加载数据: 10000 行
2025-07-24 21:55:15,312 - batch4_phase5 - INFO - C:\Users\Tianyu Wang\Documents\Notebooks\cyberdata\src\cyberdata\utils\data_loader.py:37 - load_csv_data() - 加载数据文件: C:\Users\Tianyu Wang\Documents\Notebooks\cyberdata\data\batch4_fresh\datasets\real_only_5pct\test.csv
2025-07-24 21:55:15,565 - batch4_phase5 - INFO - C:\Users\Tianyu Wang\Documents\Notebooks\cyberdata\src\cyberdata\utils\data_loader.py:65 - load_csv_data() - 成功加载数据: 7826 行
2025-07-24 21:55:15,586 - batch4_phase5 - INFO - C:\Users\Tianyu Wang\Documents\Notebooks\cyberdata\src\cyberdata\scripts\batch4_phase5_model_training.py:193 - train_and_evaluate_model() -   训练RandomForest模型...
2025-07-24 21:55:28,233 - batch4_phase5 - INFO - C:\Users\Tianyu Wang\Documents\Notebooks\cyberdata\src\cyberdata\scripts\batch4_phase5_model_training.py:247 - train_and_evaluate_model() -   ✅ RandomForest: F1=0.702, AUC=0.996
2025-07-24 21:55:28,233 - batch4_phase5 - INFO - C:\Users\Tianyu Wang\Documents\Notebooks\cyberdata\src\cyberdata\scripts\batch4_phase5_model_training.py:193 - train_and_evaluate_model() -   训练SVM模型...
2025-07-24 21:56:49,878 - batch4_phase5 - INFO - C:\Users\Tianyu Wang\Documents\Notebooks\cyberdata\src\cyberdata\scripts\batch4_phase5_model_training.py:247 - train_and_evaluate_model() -   ✅ SVM: F1=0.972, AUC=0.999
2025-07-24 21:56:49,879 - batch4_phase5 - INFO - C:\Users\Tianyu Wang\Documents\Notebooks\cyberdata\src\cyberdata\scripts\batch4_phase5_model_training.py:299 - run_single_experiment() - ✅ real_only_5pct: 实验完成
2025-07-24 21:56:49,899 - batch4_phase5 - INFO - C:\Users\Tianyu Wang\Documents\Notebooks\cyberdata\src\cyberdata\scripts\batch4_phase5_model_training.py:526 - run_phase5_complete() - 实验 2/20: real_only_10pct
2025-07-24 21:56:49,899 - batch4_phase5 - INFO - C:\Users\Tianyu Wang\Documents\Notebooks\cyberdata\src\cyberdata\scripts\batch4_phase5_model_training.py:259 - run_single_experiment() - 开始实验: real_only_10pct
2025-07-24 21:56:49,899 - batch4_phase5 - INFO - C:\Users\Tianyu Wang\Documents\Notebooks\cyberdata\src\cyberdata\utils\data_loader.py:37 - load_csv_data() - 加载数据文件: C:\Users\Tianyu Wang\Documents\Notebooks\cyberdata\data\batch4_fresh\datasets\real_only_10pct\train.csv
2025-07-24 21:56:50,325 - batch4_phase5 - INFO - C:\Users\Tianyu Wang\Documents\Notebooks\cyberdata\src\cyberdata\utils\data_loader.py:65 - load_csv_data() - 成功加载数据: 10000 行
2025-07-24 21:56:50,325 - batch4_phase5 - INFO - C:\Users\Tianyu Wang\Documents\Notebooks\cyberdata\src\cyberdata\utils\data_loader.py:37 - load_csv_data() - 加载数据文件: C:\Users\Tianyu Wang\Documents\Notebooks\cyberdata\data\batch4_fresh\datasets\real_only_10pct\test.csv
2025-07-24 21:56:50,560 - batch4_phase5 - INFO - C:\Users\Tianyu Wang\Documents\Notebooks\cyberdata\src\cyberdata\utils\data_loader.py:65 - load_csv_data() - 成功加载数据: 7826 行
2025-07-24 21:56:50,571 - batch4_phase5 - INFO - C:\Users\Tianyu Wang\Documents\Notebooks\cyberdata\src\cyberdata\scripts\batch4_phase5_model_training.py:193 - train_and_evaluate_model() -   训练RandomForest模型...
2025-07-24 21:57:04,931 - batch4_phase5 - INFO - C:\Users\Tianyu Wang\Documents\Notebooks\cyberdata\src\cyberdata\scripts\batch4_phase5_model_training.py:247 - train_and_evaluate_model() -   ✅ RandomForest: F1=0.819, AUC=0.998
2025-07-24 21:57:04,931 - batch4_phase5 - INFO - C:\Users\Tianyu Wang\Documents\Notebooks\cyberdata\src\cyberdata\scripts\batch4_phase5_model_training.py:193 - train_and_evaluate_model() -   训练SVM模型...
2025-07-24 21:58:32,951 - batch4_phase5 - INFO - C:\Users\Tianyu Wang\Documents\Notebooks\cyberdata\src\cyberdata\scripts\batch4_phase5_model_training.py:247 - train_and_evaluate_model() -   ✅ SVM: F1=0.988, AUC=1.000
2025-07-24 21:58:32,952 - batch4_phase5 - INFO - C:\Users\Tianyu Wang\Documents\Notebooks\cyberdata\src\cyberdata\scripts\batch4_phase5_model_training.py:299 - run_single_experiment() - ✅ real_only_10pct: 实验完成
2025-07-24 21:58:32,969 - batch4_phase5 - INFO - C:\Users\Tianyu Wang\Documents\Notebooks\cyberdata\src\cyberdata\scripts\batch4_phase5_model_training.py:526 - run_phase5_complete() - 实验 3/20: real_only_15pct
2025-07-24 21:58:32,969 - batch4_phase5 - INFO - C:\Users\Tianyu Wang\Documents\Notebooks\cyberdata\src\cyberdata\scripts\batch4_phase5_model_training.py:259 - run_single_experiment() - 开始实验: real_only_15pct
2025-07-24 21:58:32,970 - batch4_phase5 - INFO - C:\Users\Tianyu Wang\Documents\Notebooks\cyberdata\src\cyberdata\utils\data_loader.py:37 - load_csv_data() - 加载数据文件: C:\Users\Tianyu Wang\Documents\Notebooks\cyberdata\data\batch4_fresh\datasets\real_only_15pct\train.csv
2025-07-24 21:58:33,305 - batch4_phase5 - INFO - C:\Users\Tianyu Wang\Documents\Notebooks\cyberdata\src\cyberdata\utils\data_loader.py:65 - load_csv_data() - 成功加载数据: 10000 行
2025-07-24 21:58:33,305 - batch4_phase5 - INFO - C:\Users\Tianyu Wang\Documents\Notebooks\cyberdata\src\cyberdata\utils\data_loader.py:37 - load_csv_data() - 加载数据文件: C:\Users\Tianyu Wang\Documents\Notebooks\cyberdata\data\batch4_fresh\datasets\real_only_15pct\test.csv
2025-07-24 21:58:33,492 - batch4_phase5 - INFO - C:\Users\Tianyu Wang\Documents\Notebooks\cyberdata\src\cyberdata\utils\data_loader.py:65 - load_csv_data() - 成功加载数据: 7826 行
2025-07-24 21:58:33,508 - batch4_phase5 - INFO - C:\Users\Tianyu Wang\Documents\Notebooks\cyberdata\src\cyberdata\scripts\batch4_phase5_model_training.py:193 - train_and_evaluate_model() -   训练RandomForest模型...
2025-07-24 21:58:45,594 - batch4_phase5 - INFO - C:\Users\Tianyu Wang\Documents\Notebooks\cyberdata\src\cyberdata\scripts\batch4_phase5_model_training.py:247 - train_and_evaluate_model() -   ✅ RandomForest: F1=0.881, AUC=0.998
2025-07-24 21:58:45,594 - batch4_phase5 - INFO - C:\Users\Tianyu Wang\Documents\Notebooks\cyberdata\src\cyberdata\scripts\batch4_phase5_model_training.py:193 - train_and_evaluate_model() -   训练SVM模型...
2025-07-24 22:00:11,877 - batch4_phase5 - INFO - C:\Users\Tianyu Wang\Documents\Notebooks\cyberdata\src\cyberdata\scripts\batch4_phase5_model_training.py:247 - train_and_evaluate_model() -   ✅ SVM: F1=0.991, AUC=1.000
2025-07-24 22:00:11,893 - batch4_phase5 - INFO - C:\Users\Tianyu Wang\Documents\Notebooks\cyberdata\src\cyberdata\scripts\batch4_phase5_model_training.py:299 - run_single_experiment() - ✅ real_only_15pct: 实验完成
2025-07-24 22:00:11,909 - batch4_phase5 - INFO - C:\Users\Tianyu Wang\Documents\Notebooks\cyberdata\src\cyberdata\scripts\batch4_phase5_model_training.py:526 - run_phase5_complete() - 实验 4/20: real_only_20pct
2025-07-24 22:00:11,909 - batch4_phase5 - INFO - C:\Users\Tianyu Wang\Documents\Notebooks\cyberdata\src\cyberdata\scripts\batch4_phase5_model_training.py:259 - run_single_experiment() - 开始实验: real_only_20pct
2025-07-24 22:00:11,909 - batch4_phase5 - INFO - C:\Users\Tianyu Wang\Documents\Notebooks\cyberdata\src\cyberdata\utils\data_loader.py:37 - load_csv_data() - 加载数据文件: C:\Users\Tianyu Wang\Documents\Notebooks\cyberdata\data\batch4_fresh\datasets\real_only_20pct\train.csv
2025-07-24 22:00:12,238 - batch4_phase5 - INFO - C:\Users\Tianyu Wang\Documents\Notebooks\cyberdata\src\cyberdata\utils\data_loader.py:65 - load_csv_data() - 成功加载数据: 10000 行
2025-07-24 22:00:12,238 - batch4_phase5 - INFO - C:\Users\Tianyu Wang\Documents\Notebooks\cyberdata\src\cyberdata\utils\data_loader.py:37 - load_csv_data() - 加载数据文件: C:\Users\Tianyu Wang\Documents\Notebooks\cyberdata\data\batch4_fresh\datasets\real_only_20pct\test.csv
2025-07-24 22:00:12,426 - batch4_phase5 - INFO - C:\Users\Tianyu Wang\Documents\Notebooks\cyberdata\src\cyberdata\utils\data_loader.py:65 - load_csv_data() - 成功加载数据: 7826 行
2025-07-24 22:00:12,441 - batch4_phase5 - INFO - C:\Users\Tianyu Wang\Documents\Notebooks\cyberdata\src\cyberdata\scripts\batch4_phase5_model_training.py:193 - train_and_evaluate_model() -   训练RandomForest模型...
2025-07-24 22:00:25,450 - batch4_phase5 - INFO - C:\Users\Tianyu Wang\Documents\Notebooks\cyberdata\src\cyberdata\scripts\batch4_phase5_model_training.py:247 - train_and_evaluate_model() -   ✅ RandomForest: F1=0.917, AUC=0.999
2025-07-24 22:00:25,450 - batch4_phase5 - INFO - C:\Users\Tianyu Wang\Documents\Notebooks\cyberdata\src\cyberdata\scripts\batch4_phase5_model_training.py:193 - train_and_evaluate_model() -   训练SVM模型...
