2025-06-15 19:16:26,791 - cyberdata.scripts.generator - INFO - C:\Users\Tianyu Wang\Documents\Notebooks\cyberdata\src\cyberdata\utils\logger_config.py:62 - setup_logger() - Logger initialized. Logs will be saved to C:\Users\Tianyu Wang\Documents\Notebooks\cyberdata\logs\cyberdata.scripts.generator_20250615_191626.log
2025-06-15 19:16:26,816 - cyberdata.scripts.generator - INFO - c:\Users\Tianyu Wang\Documents\Notebooks\cyberdata\src\cyberdata\process\synthetic_generator.py:185 - __init__() - Generator initialized: 4 workers, batch size 2, defaults: 100 samples, 0.5 malicious ratio
2025-06-15 19:16:26,817 - cyberdata.scripts.generator - INFO - c:\Users\Tianyu Wang\Documents\Notebooks\cyberdata\src\cyberdata\process\synthetic_generator.py:712 - main() - Starting generation: count=100, malicious_ratio=0.5
2025-06-15 19:16:26,817 - cyberdata.scripts.generator - INFO - c:\Users\Tianyu Wang\Documents\Notebooks\cyberdata\src\cyberdata\process\synthetic_generator.py:723 - main() - Target distribution: 50 malicious, 50 benign
2025-06-15 19:16:26,818 - cyberdata.scripts.generator - INFO - c:\Users\Tianyu Wang\Documents\Notebooks\cyberdata\src\cyberdata\process\synthetic_generator.py:735 - main() - Processing 2 problems
2025-06-15 19:16:26,819 - cyberdata.scripts.generator - INFO - c:\Users\Tianyu Wang\Documents\Notebooks\cyberdata\src\cyberdata\process\synthetic_generator.py:751 - main() - 
============================================================
2025-06-15 19:16:26,819 - cyberdata.scripts.generator - INFO - c:\Users\Tianyu Wang\Documents\Notebooks\cyberdata\src\cyberdata\process\synthetic_generator.py:752 - main() - Processing problem 1/2: Social Engineering/phishing
2025-06-15 19:16:26,819 - cyberdata.scripts.generator - INFO - c:\Users\Tianyu Wang\Documents\Notebooks\cyberdata\src\cyberdata\process\synthetic_generator.py:753 - main() - ============================================================
2025-06-15 19:16:26,819 - cyberdata.scripts.generator - INFO - c:\Users\Tianyu Wang\Documents\Notebooks\cyberdata\src\cyberdata\process\synthetic_generator.py:595 - generate_parallel() - Starting parallel generation for phishing: 50 malicious, 50 benign
2025-06-15 19:16:26,820 - cyberdata.scripts.generator - INFO - c:\Users\Tianyu Wang\Documents\Notebooks\cyberdata\src\cyberdata\process\synthetic_generator.py:275 - load_existing_samples() - Loaded 36 existing samples for phishing
2025-06-15 19:16:26,828 - cyberdata.scripts.generator - INFO - c:\Users\Tianyu Wang\Documents\Notebooks\cyberdata\src\cyberdata\process\synthetic_generator.py:368 - create_generation_tasks() - Created 50 generation tasks for phishing
2025-06-15 19:16:26,829 - cyberdata.scripts.generator - INFO - c:\Users\Tianyu Wang\Documents\Notebooks\cyberdata\src\cyberdata\process\synthetic_generator.py:381 - execute_generation_task() - Executing task phishing_mal_0 (attempt 1): 2 malicious samples
2025-06-15 19:16:26,829 - cyberdata.scripts.generator - INFO - c:\Users\Tianyu Wang\Documents\Notebooks\cyberdata\src\cyberdata\process\synthetic_generator.py:381 - execute_generation_task() - Executing task phishing_mal_1 (attempt 1): 2 malicious samples
2025-06-15 19:16:26,830 - cyberdata.scripts.generator - INFO - c:\Users\Tianyu Wang\Documents\Notebooks\cyberdata\src\cyberdata\process\synthetic_generator.py:381 - execute_generation_task() - Executing task phishing_mal_2 (attempt 1): 2 malicious samples
2025-06-15 19:16:26,830 - cyberdata.scripts.generator - INFO - c:\Users\Tianyu Wang\Documents\Notebooks\cyberdata\src\cyberdata\process\synthetic_generator.py:381 - execute_generation_task() - Executing task phishing_mal_3 (attempt 1): 2 malicious samples
2025-06-15 19:16:32,494 - cyberdata.scripts.generator - INFO - c:\Users\Tianyu Wang\Documents\Notebooks\cyberdata\src\cyberdata\process\synthetic_generator.py:423 - execute_generation_task() - Task phishing_mal_1 completed: 2 unique samples (0 duplicates filtered) in 5.66s
2025-06-15 19:16:32,494 - cyberdata.scripts.generator - INFO - c:\Users\Tianyu Wang\Documents\Notebooks\cyberdata\src\cyberdata\process\synthetic_generator.py:381 - execute_generation_task() - Executing task phishing_mal_4 (attempt 1): 2 malicious samples
2025-06-15 19:16:32,494 - cyberdata.scripts.generator - INFO - c:\Users\Tianyu Wang\Documents\Notebooks\cyberdata\src\cyberdata\process\synthetic_generator.py:627 - generate_parallel() - Task phishing_mal_1 contributed 2 samples
2025-06-15 19:16:35,003 - cyberdata.scripts.generator - INFO - c:\Users\Tianyu Wang\Documents\Notebooks\cyberdata\src\cyberdata\process\synthetic_generator.py:423 - execute_generation_task() - Task phishing_mal_3 completed: 2 unique samples (0 duplicates filtered) in 8.17s
2025-06-15 19:16:35,003 - cyberdata.scripts.generator - INFO - c:\Users\Tianyu Wang\Documents\Notebooks\cyberdata\src\cyberdata\process\synthetic_generator.py:381 - execute_generation_task() - Executing task phishing_mal_5 (attempt 1): 2 malicious samples
2025-06-15 19:16:35,003 - cyberdata.scripts.generator - INFO - c:\Users\Tianyu Wang\Documents\Notebooks\cyberdata\src\cyberdata\process\synthetic_generator.py:627 - generate_parallel() - Task phishing_mal_3 contributed 2 samples
2025-06-15 19:16:35,227 - cyberdata.scripts.generator - INFO - c:\Users\Tianyu Wang\Documents\Notebooks\cyberdata\src\cyberdata\process\synthetic_generator.py:423 - execute_generation_task() - Task phishing_mal_0 completed: 2 unique samples (0 duplicates filtered) in 8.40s
2025-06-15 19:16:35,227 - cyberdata.scripts.generator - INFO - c:\Users\Tianyu Wang\Documents\Notebooks\cyberdata\src\cyberdata\process\synthetic_generator.py:381 - execute_generation_task() - Executing task phishing_mal_6 (attempt 1): 2 malicious samples
2025-06-15 19:16:35,227 - cyberdata.scripts.generator - INFO - c:\Users\Tianyu Wang\Documents\Notebooks\cyberdata\src\cyberdata\process\synthetic_generator.py:627 - generate_parallel() - Task phishing_mal_0 contributed 2 samples
2025-06-15 19:16:35,752 - cyberdata.scripts.generator - INFO - c:\Users\Tianyu Wang\Documents\Notebooks\cyberdata\src\cyberdata\process\synthetic_generator.py:423 - execute_generation_task() - Task phishing_mal_2 completed: 2 unique samples (0 duplicates filtered) in 8.92s
2025-06-15 19:16:35,752 - cyberdata.scripts.generator - INFO - c:\Users\Tianyu Wang\Documents\Notebooks\cyberdata\src\cyberdata\process\synthetic_generator.py:381 - execute_generation_task() - Executing task phishing_mal_7 (attempt 1): 2 malicious samples
2025-06-15 19:16:35,752 - cyberdata.scripts.generator - INFO - c:\Users\Tianyu Wang\Documents\Notebooks\cyberdata\src\cyberdata\process\synthetic_generator.py:627 - generate_parallel() - Task phishing_mal_2 contributed 2 samples
2025-06-15 19:16:37,627 - cyberdata.scripts.generator - INFO - c:\Users\Tianyu Wang\Documents\Notebooks\cyberdata\src\cyberdata\process\synthetic_generator.py:423 - execute_generation_task() - Task phishing_mal_4 completed: 2 unique samples (0 duplicates filtered) in 5.13s
2025-06-15 19:16:37,627 - cyberdata.scripts.generator - INFO - c:\Users\Tianyu Wang\Documents\Notebooks\cyberdata\src\cyberdata\process\synthetic_generator.py:381 - execute_generation_task() - Executing task phishing_mal_8 (attempt 1): 2 malicious samples
2025-06-15 19:16:37,627 - cyberdata.scripts.generator - INFO - c:\Users\Tianyu Wang\Documents\Notebooks\cyberdata\src\cyberdata\process\synthetic_generator.py:627 - generate_parallel() - Task phishing_mal_4 contributed 2 samples
2025-06-15 19:16:41,190 - cyberdata.scripts.generator - INFO - c:\Users\Tianyu Wang\Documents\Notebooks\cyberdata\src\cyberdata\process\synthetic_generator.py:423 - execute_generation_task() - Task phishing_mal_5 completed: 2 unique samples (0 duplicates filtered) in 6.19s
2025-06-15 19:16:41,191 - cyberdata.scripts.generator - INFO - c:\Users\Tianyu Wang\Documents\Notebooks\cyberdata\src\cyberdata\process\synthetic_generator.py:381 - execute_generation_task() - Executing task phishing_mal_9 (attempt 1): 2 malicious samples
2025-06-15 19:16:41,191 - cyberdata.scripts.generator - INFO - c:\Users\Tianyu Wang\Documents\Notebooks\cyberdata\src\cyberdata\process\synthetic_generator.py:627 - generate_parallel() - Task phishing_mal_5 contributed 2 samples
2025-06-15 19:16:41,645 - cyberdata.scripts.generator - INFO - c:\Users\Tianyu Wang\Documents\Notebooks\cyberdata\src\cyberdata\process\synthetic_generator.py:423 - execute_generation_task() - Task phishing_mal_7 completed: 2 unique samples (0 duplicates filtered) in 5.89s
2025-06-15 19:16:41,646 - cyberdata.scripts.generator - INFO - c:\Users\Tianyu Wang\Documents\Notebooks\cyberdata\src\cyberdata\process\synthetic_generator.py:381 - execute_generation_task() - Executing task phishing_mal_10 (attempt 1): 2 malicious samples
2025-06-15 19:16:41,646 - cyberdata.scripts.generator - INFO - c:\Users\Tianyu Wang\Documents\Notebooks\cyberdata\src\cyberdata\process\synthetic_generator.py:627 - generate_parallel() - Task phishing_mal_7 contributed 2 samples
2025-06-15 19:16:43,401 - cyberdata.scripts.generator - INFO - c:\Users\Tianyu Wang\Documents\Notebooks\cyberdata\src\cyberdata\process\synthetic_generator.py:423 - execute_generation_task() - Task phishing_mal_8 completed: 2 unique samples (0 duplicates filtered) in 5.77s
2025-06-15 19:16:43,401 - cyberdata.scripts.generator - INFO - c:\Users\Tianyu Wang\Documents\Notebooks\cyberdata\src\cyberdata\process\synthetic_generator.py:381 - execute_generation_task() - Executing task phishing_mal_11 (attempt 1): 2 malicious samples
2025-06-15 19:16:43,401 - cyberdata.scripts.generator - INFO - c:\Users\Tianyu Wang\Documents\Notebooks\cyberdata\src\cyberdata\process\synthetic_generator.py:627 - generate_parallel() - Task phishing_mal_8 contributed 2 samples
2025-06-15 19:16:43,434 - cyberdata.scripts.generator - INFO - c:\Users\Tianyu Wang\Documents\Notebooks\cyberdata\src\cyberdata\process\synthetic_generator.py:423 - execute_generation_task() - Task phishing_mal_6 completed: 2 unique samples (0 duplicates filtered) in 8.21s
2025-06-15 19:16:43,434 - cyberdata.scripts.generator - INFO - c:\Users\Tianyu Wang\Documents\Notebooks\cyberdata\src\cyberdata\process\synthetic_generator.py:381 - execute_generation_task() - Executing task phishing_mal_12 (attempt 1): 2 malicious samples
2025-06-15 19:16:43,435 - cyberdata.scripts.generator - INFO - c:\Users\Tianyu Wang\Documents\Notebooks\cyberdata\src\cyberdata\process\synthetic_generator.py:627 - generate_parallel() - Task phishing_mal_6 contributed 2 samples
2025-06-15 19:16:46,458 - cyberdata.scripts.generator - INFO - c:\Users\Tianyu Wang\Documents\Notebooks\cyberdata\src\cyberdata\process\synthetic_generator.py:423 - execute_generation_task() - Task phishing_mal_9 completed: 2 unique samples (0 duplicates filtered) in 5.27s
2025-06-15 19:16:46,460 - cyberdata.scripts.generator - INFO - c:\Users\Tianyu Wang\Documents\Notebooks\cyberdata\src\cyberdata\process\synthetic_generator.py:381 - execute_generation_task() - Executing task phishing_mal_13 (attempt 1): 2 malicious samples
2025-06-15 19:16:46,460 - cyberdata.scripts.generator - INFO - c:\Users\Tianyu Wang\Documents\Notebooks\cyberdata\src\cyberdata\process\synthetic_generator.py:627 - generate_parallel() - Task phishing_mal_9 contributed 2 samples
2025-06-15 19:16:46,891 - cyberdata.scripts.generator - INFO - c:\Users\Tianyu Wang\Documents\Notebooks\cyberdata\src\cyberdata\process\synthetic_generator.py:423 - execute_generation_task() - Task phishing_mal_10 completed: 2 unique samples (0 duplicates filtered) in 5.25s
2025-06-15 19:16:46,891 - cyberdata.scripts.generator - INFO - c:\Users\Tianyu Wang\Documents\Notebooks\cyberdata\src\cyberdata\process\synthetic_generator.py:381 - execute_generation_task() - Executing task phishing_mal_14 (attempt 1): 2 malicious samples
2025-06-15 19:16:46,891 - cyberdata.scripts.generator - INFO - c:\Users\Tianyu Wang\Documents\Notebooks\cyberdata\src\cyberdata\process\synthetic_generator.py:627 - generate_parallel() - Task phishing_mal_10 contributed 2 samples
2025-06-15 19:16:47,956 - cyberdata.scripts.generator - INFO - c:\Users\Tianyu Wang\Documents\Notebooks\cyberdata\src\cyberdata\process\synthetic_generator.py:423 - execute_generation_task() - Task phishing_mal_11 completed: 2 unique samples (0 duplicates filtered) in 4.56s
2025-06-15 19:16:47,957 - cyberdata.scripts.generator - INFO - c:\Users\Tianyu Wang\Documents\Notebooks\cyberdata\src\cyberdata\process\synthetic_generator.py:381 - execute_generation_task() - Executing task phishing_mal_15 (attempt 1): 2 malicious samples
2025-06-15 19:16:47,958 - cyberdata.scripts.generator - INFO - c:\Users\Tianyu Wang\Documents\Notebooks\cyberdata\src\cyberdata\process\synthetic_generator.py:627 - generate_parallel() - Task phishing_mal_11 contributed 2 samples
2025-06-15 19:16:49,836 - cyberdata.scripts.generator - INFO - c:\Users\Tianyu Wang\Documents\Notebooks\cyberdata\src\cyberdata\process\synthetic_generator.py:423 - execute_generation_task() - Task phishing_mal_12 completed: 2 unique samples (0 duplicates filtered) in 6.40s
2025-06-15 19:16:49,836 - cyberdata.scripts.generator - INFO - c:\Users\Tianyu Wang\Documents\Notebooks\cyberdata\src\cyberdata\process\synthetic_generator.py:381 - execute_generation_task() - Executing task phishing_mal_16 (attempt 1): 2 malicious samples
2025-06-15 19:16:49,836 - cyberdata.scripts.generator - INFO - c:\Users\Tianyu Wang\Documents\Notebooks\cyberdata\src\cyberdata\process\synthetic_generator.py:627 - generate_parallel() - Task phishing_mal_12 contributed 2 samples
2025-06-15 19:16:52,071 - cyberdata.scripts.generator - INFO - c:\Users\Tianyu Wang\Documents\Notebooks\cyberdata\src\cyberdata\process\synthetic_generator.py:423 - execute_generation_task() - Task phishing_mal_15 completed: 2 unique samples (0 duplicates filtered) in 4.11s
2025-06-15 19:16:52,071 - cyberdata.scripts.generator - INFO - c:\Users\Tianyu Wang\Documents\Notebooks\cyberdata\src\cyberdata\process\synthetic_generator.py:381 - execute_generation_task() - Executing task phishing_mal_17 (attempt 1): 2 malicious samples
2025-06-15 19:16:52,072 - cyberdata.scripts.generator - INFO - c:\Users\Tianyu Wang\Documents\Notebooks\cyberdata\src\cyberdata\process\synthetic_generator.py:627 - generate_parallel() - Task phishing_mal_15 contributed 2 samples
2025-06-15 19:16:52,205 - cyberdata.scripts.generator - INFO - c:\Users\Tianyu Wang\Documents\Notebooks\cyberdata\src\cyberdata\process\synthetic_generator.py:423 - execute_generation_task() - Task phishing_mal_14 completed: 2 unique samples (0 duplicates filtered) in 5.31s
2025-06-15 19:16:52,207 - cyberdata.scripts.generator - INFO - c:\Users\Tianyu Wang\Documents\Notebooks\cyberdata\src\cyberdata\process\synthetic_generator.py:381 - execute_generation_task() - Executing task phishing_mal_18 (attempt 1): 2 malicious samples
2025-06-15 19:16:52,207 - cyberdata.scripts.generator - INFO - c:\Users\Tianyu Wang\Documents\Notebooks\cyberdata\src\cyberdata\process\synthetic_generator.py:627 - generate_parallel() - Task phishing_mal_14 contributed 2 samples
2025-06-15 19:16:52,354 - cyberdata.scripts.generator - INFO - c:\Users\Tianyu Wang\Documents\Notebooks\cyberdata\src\cyberdata\process\synthetic_generator.py:423 - execute_generation_task() - Task phishing_mal_13 completed: 2 unique samples (0 duplicates filtered) in 5.89s
2025-06-15 19:16:52,355 - cyberdata.scripts.generator - INFO - c:\Users\Tianyu Wang\Documents\Notebooks\cyberdata\src\cyberdata\process\synthetic_generator.py:381 - execute_generation_task() - Executing task phishing_mal_19 (attempt 1): 2 malicious samples
2025-06-15 19:16:52,355 - cyberdata.scripts.generator - INFO - c:\Users\Tianyu Wang\Documents\Notebooks\cyberdata\src\cyberdata\process\synthetic_generator.py:627 - generate_parallel() - Task phishing_mal_13 contributed 2 samples
2025-06-15 19:16:54,582 - cyberdata.scripts.generator - INFO - c:\Users\Tianyu Wang\Documents\Notebooks\cyberdata\src\cyberdata\process\synthetic_generator.py:423 - execute_generation_task() - Task phishing_mal_16 completed: 2 unique samples (0 duplicates filtered) in 4.75s
2025-06-15 19:16:54,583 - cyberdata.scripts.generator - INFO - c:\Users\Tianyu Wang\Documents\Notebooks\cyberdata\src\cyberdata\process\synthetic_generator.py:381 - execute_generation_task() - Executing task phishing_mal_20 (attempt 1): 2 malicious samples
2025-06-15 19:16:54,583 - cyberdata.scripts.generator - INFO - c:\Users\Tianyu Wang\Documents\Notebooks\cyberdata\src\cyberdata\process\synthetic_generator.py:627 - generate_parallel() - Task phishing_mal_16 contributed 2 samples
2025-06-15 19:16:57,021 - cyberdata.scripts.generator - INFO - c:\Users\Tianyu Wang\Documents\Notebooks\cyberdata\src\cyberdata\process\synthetic_generator.py:423 - execute_generation_task() - Task phishing_mal_19 completed: 2 unique samples (0 duplicates filtered) in 4.67s
2025-06-15 19:16:57,021 - cyberdata.scripts.generator - INFO - c:\Users\Tianyu Wang\Documents\Notebooks\cyberdata\src\cyberdata\process\synthetic_generator.py:381 - execute_generation_task() - Executing task phishing_mal_21 (attempt 1): 2 malicious samples
2025-06-15 19:16:57,021 - cyberdata.scripts.generator - INFO - c:\Users\Tianyu Wang\Documents\Notebooks\cyberdata\src\cyberdata\process\synthetic_generator.py:627 - generate_parallel() - Task phishing_mal_19 contributed 2 samples
2025-06-15 19:16:57,409 - cyberdata.scripts.generator - INFO - c:\Users\Tianyu Wang\Documents\Notebooks\cyberdata\src\cyberdata\process\synthetic_generator.py:423 - execute_generation_task() - Task phishing_mal_17 completed: 2 unique samples (0 duplicates filtered) in 5.34s
2025-06-15 19:16:57,409 - cyberdata.scripts.generator - INFO - c:\Users\Tianyu Wang\Documents\Notebooks\cyberdata\src\cyberdata\process\synthetic_generator.py:381 - execute_generation_task() - Executing task phishing_mal_22 (attempt 1): 2 malicious samples
2025-06-15 19:16:57,410 - cyberdata.scripts.generator - INFO - c:\Users\Tianyu Wang\Documents\Notebooks\cyberdata\src\cyberdata\process\synthetic_generator.py:627 - generate_parallel() - Task phishing_mal_17 contributed 2 samples
2025-06-15 19:16:59,783 - cyberdata.scripts.generator - INFO - c:\Users\Tianyu Wang\Documents\Notebooks\cyberdata\src\cyberdata\process\synthetic_generator.py:423 - execute_generation_task() - Task phishing_mal_18 completed: 2 unique samples (0 duplicates filtered) in 7.58s
2025-06-15 19:16:59,785 - cyberdata.scripts.generator - INFO - c:\Users\Tianyu Wang\Documents\Notebooks\cyberdata\src\cyberdata\process\synthetic_generator.py:381 - execute_generation_task() - Executing task phishing_mal_23 (attempt 1): 2 malicious samples
2025-06-15 19:16:59,785 - cyberdata.scripts.generator - INFO - c:\Users\Tianyu Wang\Documents\Notebooks\cyberdata\src\cyberdata\process\synthetic_generator.py:627 - generate_parallel() - Task phishing_mal_18 contributed 2 samples
2025-06-15 19:16:59,952 - cyberdata.scripts.generator - INFO - c:\Users\Tianyu Wang\Documents\Notebooks\cyberdata\src\cyberdata\process\synthetic_generator.py:423 - execute_generation_task() - Task phishing_mal_20 completed: 2 unique samples (0 duplicates filtered) in 5.37s
2025-06-15 19:16:59,953 - cyberdata.scripts.generator - INFO - c:\Users\Tianyu Wang\Documents\Notebooks\cyberdata\src\cyberdata\process\synthetic_generator.py:381 - execute_generation_task() - Executing task phishing_mal_24 (attempt 1): 2 malicious samples
2025-06-15 19:16:59,954 - cyberdata.scripts.generator - INFO - c:\Users\Tianyu Wang\Documents\Notebooks\cyberdata\src\cyberdata\process\synthetic_generator.py:627 - generate_parallel() - Task phishing_mal_20 contributed 2 samples
2025-06-15 19:17:02,089 - cyberdata.scripts.generator - INFO - c:\Users\Tianyu Wang\Documents\Notebooks\cyberdata\src\cyberdata\process\synthetic_generator.py:423 - execute_generation_task() - Task phishing_mal_21 completed: 2 unique samples (0 duplicates filtered) in 5.07s
2025-06-15 19:17:02,090 - cyberdata.scripts.generator - INFO - c:\Users\Tianyu Wang\Documents\Notebooks\cyberdata\src\cyberdata\process\synthetic_generator.py:381 - execute_generation_task() - Executing task phishing_ben_25 (attempt 1): 2 benign samples
2025-06-15 19:17:02,091 - cyberdata.scripts.generator - INFO - c:\Users\Tianyu Wang\Documents\Notebooks\cyberdata\src\cyberdata\process\synthetic_generator.py:627 - generate_parallel() - Task phishing_mal_21 contributed 2 samples
2025-06-15 19:17:03,675 - cyberdata.scripts.generator - INFO - c:\Users\Tianyu Wang\Documents\Notebooks\cyberdata\src\cyberdata\process\synthetic_generator.py:423 - execute_generation_task() - Task phishing_mal_22 completed: 2 unique samples (0 duplicates filtered) in 6.27s
2025-06-15 19:17:03,675 - cyberdata.scripts.generator - INFO - c:\Users\Tianyu Wang\Documents\Notebooks\cyberdata\src\cyberdata\process\synthetic_generator.py:381 - execute_generation_task() - Executing task phishing_ben_26 (attempt 1): 2 benign samples
2025-06-15 19:17:03,675 - cyberdata.scripts.generator - INFO - c:\Users\Tianyu Wang\Documents\Notebooks\cyberdata\src\cyberdata\process\synthetic_generator.py:627 - generate_parallel() - Task phishing_mal_22 contributed 2 samples
2025-06-15 19:17:04,882 - cyberdata.scripts.generator - INFO - c:\Users\Tianyu Wang\Documents\Notebooks\cyberdata\src\cyberdata\process\synthetic_generator.py:423 - execute_generation_task() - Task phishing_mal_23 completed: 2 unique samples (0 duplicates filtered) in 5.10s
2025-06-15 19:17:04,882 - cyberdata.scripts.generator - INFO - c:\Users\Tianyu Wang\Documents\Notebooks\cyberdata\src\cyberdata\process\synthetic_generator.py:381 - execute_generation_task() - Executing task phishing_ben_27 (attempt 1): 2 benign samples
2025-06-15 19:17:04,882 - cyberdata.scripts.generator - INFO - c:\Users\Tianyu Wang\Documents\Notebooks\cyberdata\src\cyberdata\process\synthetic_generator.py:627 - generate_parallel() - Task phishing_mal_23 contributed 2 samples
2025-06-15 19:17:05,703 - cyberdata.scripts.generator - INFO - c:\Users\Tianyu Wang\Documents\Notebooks\cyberdata\src\cyberdata\process\synthetic_generator.py:423 - execute_generation_task() - Task phishing_mal_24 completed: 2 unique samples (0 duplicates filtered) in 5.75s
2025-06-15 19:17:05,704 - cyberdata.scripts.generator - INFO - c:\Users\Tianyu Wang\Documents\Notebooks\cyberdata\src\cyberdata\process\synthetic_generator.py:381 - execute_generation_task() - Executing task phishing_ben_28 (attempt 1): 2 benign samples
2025-06-15 19:17:05,704 - cyberdata.scripts.generator - INFO - c:\Users\Tianyu Wang\Documents\Notebooks\cyberdata\src\cyberdata\process\synthetic_generator.py:627 - generate_parallel() - Task phishing_mal_24 contributed 2 samples
2025-06-15 19:17:14,391 - cyberdata.scripts.generator - INFO - c:\Users\Tianyu Wang\Documents\Notebooks\cyberdata\src\cyberdata\process\synthetic_generator.py:423 - execute_generation_task() - Task phishing_ben_26 completed: 2 unique samples (0 duplicates filtered) in 10.72s
2025-06-15 19:17:14,391 - cyberdata.scripts.generator - INFO - c:\Users\Tianyu Wang\Documents\Notebooks\cyberdata\src\cyberdata\process\synthetic_generator.py:381 - execute_generation_task() - Executing task phishing_ben_29 (attempt 1): 2 benign samples
2025-06-15 19:17:14,391 - cyberdata.scripts.generator - INFO - c:\Users\Tianyu Wang\Documents\Notebooks\cyberdata\src\cyberdata\process\synthetic_generator.py:627 - generate_parallel() - Task phishing_ben_26 contributed 2 samples
2025-06-15 19:17:14,727 - cyberdata.scripts.generator - INFO - c:\Users\Tianyu Wang\Documents\Notebooks\cyberdata\src\cyberdata\process\synthetic_generator.py:423 - execute_generation_task() - Task phishing_ben_25 completed: 2 unique samples (0 duplicates filtered) in 12.64s
2025-06-15 19:17:14,728 - cyberdata.scripts.generator - INFO - c:\Users\Tianyu Wang\Documents\Notebooks\cyberdata\src\cyberdata\process\synthetic_generator.py:381 - execute_generation_task() - Executing task phishing_ben_30 (attempt 1): 2 benign samples
2025-06-15 19:17:14,728 - cyberdata.scripts.generator - INFO - c:\Users\Tianyu Wang\Documents\Notebooks\cyberdata\src\cyberdata\process\synthetic_generator.py:627 - generate_parallel() - Task phishing_ben_25 contributed 2 samples
2025-06-15 19:17:15,207 - cyberdata.scripts.generator - INFO - c:\Users\Tianyu Wang\Documents\Notebooks\cyberdata\src\cyberdata\process\synthetic_generator.py:423 - execute_generation_task() - Task phishing_ben_27 completed: 2 unique samples (0 duplicates filtered) in 10.32s
2025-06-15 19:17:15,207 - cyberdata.scripts.generator - INFO - c:\Users\Tianyu Wang\Documents\Notebooks\cyberdata\src\cyberdata\process\synthetic_generator.py:381 - execute_generation_task() - Executing task phishing_ben_31 (attempt 1): 2 benign samples
2025-06-15 19:17:15,207 - cyberdata.scripts.generator - INFO - c:\Users\Tianyu Wang\Documents\Notebooks\cyberdata\src\cyberdata\process\synthetic_generator.py:627 - generate_parallel() - Task phishing_ben_27 contributed 2 samples
2025-06-15 19:17:16,438 - cyberdata.scripts.generator - INFO - c:\Users\Tianyu Wang\Documents\Notebooks\cyberdata\src\cyberdata\process\synthetic_generator.py:423 - execute_generation_task() - Task phishing_ben_28 completed: 2 unique samples (0 duplicates filtered) in 10.73s
2025-06-15 19:17:16,439 - cyberdata.scripts.generator - INFO - c:\Users\Tianyu Wang\Documents\Notebooks\cyberdata\src\cyberdata\process\synthetic_generator.py:381 - execute_generation_task() - Executing task phishing_ben_32 (attempt 1): 2 benign samples
2025-06-15 19:17:16,439 - cyberdata.scripts.generator - INFO - c:\Users\Tianyu Wang\Documents\Notebooks\cyberdata\src\cyberdata\process\synthetic_generator.py:627 - generate_parallel() - Task phishing_ben_28 contributed 2 samples
2025-06-15 19:17:23,368 - cyberdata.scripts.generator - INFO - c:\Users\Tianyu Wang\Documents\Notebooks\cyberdata\src\cyberdata\process\synthetic_generator.py:423 - execute_generation_task() - Task phishing_ben_30 completed: 2 unique samples (0 duplicates filtered) in 8.64s
2025-06-15 19:17:23,368 - cyberdata.scripts.generator - INFO - c:\Users\Tianyu Wang\Documents\Notebooks\cyberdata\src\cyberdata\process\synthetic_generator.py:381 - execute_generation_task() - Executing task phishing_ben_33 (attempt 1): 2 benign samples
2025-06-15 19:17:23,368 - cyberdata.scripts.generator - INFO - c:\Users\Tianyu Wang\Documents\Notebooks\cyberdata\src\cyberdata\process\synthetic_generator.py:627 - generate_parallel() - Task phishing_ben_30 contributed 2 samples
2025-06-15 19:17:24,234 - cyberdata.scripts.generator - INFO - c:\Users\Tianyu Wang\Documents\Notebooks\cyberdata\src\cyberdata\process\synthetic_generator.py:423 - execute_generation_task() - Task phishing_ben_31 completed: 2 unique samples (0 duplicates filtered) in 9.03s
2025-06-15 19:17:24,234 - cyberdata.scripts.generator - INFO - c:\Users\Tianyu Wang\Documents\Notebooks\cyberdata\src\cyberdata\process\synthetic_generator.py:381 - execute_generation_task() - Executing task phishing_ben_34 (attempt 1): 2 benign samples
2025-06-15 19:17:24,234 - cyberdata.scripts.generator - INFO - c:\Users\Tianyu Wang\Documents\Notebooks\cyberdata\src\cyberdata\process\synthetic_generator.py:627 - generate_parallel() - Task phishing_ben_31 contributed 2 samples
2025-06-15 19:17:28,817 - cyberdata.scripts.generator - INFO - c:\Users\Tianyu Wang\Documents\Notebooks\cyberdata\src\cyberdata\process\synthetic_generator.py:423 - execute_generation_task() - Task phishing_ben_29 completed: 2 unique samples (0 duplicates filtered) in 14.43s
2025-06-15 19:17:28,819 - cyberdata.scripts.generator - INFO - c:\Users\Tianyu Wang\Documents\Notebooks\cyberdata\src\cyberdata\process\synthetic_generator.py:381 - execute_generation_task() - Executing task phishing_ben_35 (attempt 1): 2 benign samples
2025-06-15 19:17:28,819 - cyberdata.scripts.generator - INFO - c:\Users\Tianyu Wang\Documents\Notebooks\cyberdata\src\cyberdata\process\synthetic_generator.py:627 - generate_parallel() - Task phishing_ben_29 contributed 2 samples
2025-06-15 19:17:29,728 - cyberdata.scripts.generator - INFO - c:\Users\Tianyu Wang\Documents\Notebooks\cyberdata\src\cyberdata\process\synthetic_generator.py:423 - execute_generation_task() - Task phishing_ben_32 completed: 2 unique samples (0 duplicates filtered) in 13.29s
2025-06-15 19:17:29,729 - cyberdata.scripts.generator - INFO - c:\Users\Tianyu Wang\Documents\Notebooks\cyberdata\src\cyberdata\process\synthetic_generator.py:381 - execute_generation_task() - Executing task phishing_ben_36 (attempt 1): 2 benign samples
2025-06-15 19:17:29,729 - cyberdata.scripts.generator - INFO - c:\Users\Tianyu Wang\Documents\Notebooks\cyberdata\src\cyberdata\process\synthetic_generator.py:627 - generate_parallel() - Task phishing_ben_32 contributed 2 samples
2025-06-15 19:17:30,866 - cyberdata.scripts.generator - INFO - c:\Users\Tianyu Wang\Documents\Notebooks\cyberdata\src\cyberdata\process\synthetic_generator.py:423 - execute_generation_task() - Task phishing_ben_33 completed: 2 unique samples (0 duplicates filtered) in 7.50s
2025-06-15 19:17:30,867 - cyberdata.scripts.generator - INFO - c:\Users\Tianyu Wang\Documents\Notebooks\cyberdata\src\cyberdata\process\synthetic_generator.py:381 - execute_generation_task() - Executing task phishing_ben_37 (attempt 1): 2 benign samples
2025-06-15 19:17:30,867 - cyberdata.scripts.generator - INFO - c:\Users\Tianyu Wang\Documents\Notebooks\cyberdata\src\cyberdata\process\synthetic_generator.py:627 - generate_parallel() - Task phishing_ben_33 contributed 2 samples
2025-06-15 19:17:35,560 - cyberdata.scripts.generator - INFO - c:\Users\Tianyu Wang\Documents\Notebooks\cyberdata\src\cyberdata\process\synthetic_generator.py:423 - execute_generation_task() - Task phishing_ben_35 completed: 2 unique samples (0 duplicates filtered) in 6.74s
2025-06-15 19:17:35,561 - cyberdata.scripts.generator - INFO - c:\Users\Tianyu Wang\Documents\Notebooks\cyberdata\src\cyberdata\process\synthetic_generator.py:381 - execute_generation_task() - Executing task phishing_ben_38 (attempt 1): 2 benign samples
2025-06-15 19:17:35,561 - cyberdata.scripts.generator - INFO - c:\Users\Tianyu Wang\Documents\Notebooks\cyberdata\src\cyberdata\process\synthetic_generator.py:627 - generate_parallel() - Task phishing_ben_35 contributed 2 samples
2025-06-15 19:17:36,467 - cyberdata.scripts.generator - INFO - c:\Users\Tianyu Wang\Documents\Notebooks\cyberdata\src\cyberdata\process\synthetic_generator.py:423 - execute_generation_task() - Task phishing_ben_34 completed: 2 unique samples (0 duplicates filtered) in 12.23s
2025-06-15 19:17:36,467 - cyberdata.scripts.generator - INFO - c:\Users\Tianyu Wang\Documents\Notebooks\cyberdata\src\cyberdata\process\synthetic_generator.py:381 - execute_generation_task() - Executing task phishing_ben_39 (attempt 1): 2 benign samples
2025-06-15 19:17:36,467 - cyberdata.scripts.generator - INFO - c:\Users\Tianyu Wang\Documents\Notebooks\cyberdata\src\cyberdata\process\synthetic_generator.py:627 - generate_parallel() - Task phishing_ben_34 contributed 2 samples
2025-06-15 19:17:43,374 - cyberdata.scripts.generator - INFO - c:\Users\Tianyu Wang\Documents\Notebooks\cyberdata\src\cyberdata\process\synthetic_generator.py:423 - execute_generation_task() - Task phishing_ben_39 completed: 2 unique samples (0 duplicates filtered) in 6.91s
2025-06-15 19:17:43,374 - cyberdata.scripts.generator - INFO - c:\Users\Tianyu Wang\Documents\Notebooks\cyberdata\src\cyberdata\process\synthetic_generator.py:381 - execute_generation_task() - Executing task phishing_ben_40 (attempt 1): 2 benign samples
2025-06-15 19:17:43,375 - cyberdata.scripts.generator - INFO - c:\Users\Tianyu Wang\Documents\Notebooks\cyberdata\src\cyberdata\process\synthetic_generator.py:627 - generate_parallel() - Task phishing_ben_39 contributed 2 samples
2025-06-15 19:17:45,272 - cyberdata.scripts.generator - INFO - c:\Users\Tianyu Wang\Documents\Notebooks\cyberdata\src\cyberdata\process\synthetic_generator.py:423 - execute_generation_task() - Task phishing_ben_37 completed: 2 unique samples (0 duplicates filtered) in 14.40s
2025-06-15 19:17:45,273 - cyberdata.scripts.generator - INFO - c:\Users\Tianyu Wang\Documents\Notebooks\cyberdata\src\cyberdata\process\synthetic_generator.py:381 - execute_generation_task() - Executing task phishing_ben_41 (attempt 1): 2 benign samples
2025-06-15 19:17:45,273 - cyberdata.scripts.generator - INFO - c:\Users\Tianyu Wang\Documents\Notebooks\cyberdata\src\cyberdata\process\synthetic_generator.py:627 - generate_parallel() - Task phishing_ben_37 contributed 2 samples
2025-06-15 19:17:45,481 - cyberdata.scripts.generator - INFO - c:\Users\Tianyu Wang\Documents\Notebooks\cyberdata\src\cyberdata\process\synthetic_generator.py:423 - execute_generation_task() - Task phishing_ben_36 completed: 2 unique samples (0 duplicates filtered) in 15.75s
2025-06-15 19:17:45,482 - cyberdata.scripts.generator - INFO - c:\Users\Tianyu Wang\Documents\Notebooks\cyberdata\src\cyberdata\process\synthetic_generator.py:381 - execute_generation_task() - Executing task phishing_ben_42 (attempt 1): 2 benign samples
2025-06-15 19:17:45,482 - cyberdata.scripts.generator - INFO - c:\Users\Tianyu Wang\Documents\Notebooks\cyberdata\src\cyberdata\process\synthetic_generator.py:627 - generate_parallel() - Task phishing_ben_36 contributed 2 samples
2025-06-15 19:17:57,162 - cyberdata.scripts.generator - INFO - c:\Users\Tianyu Wang\Documents\Notebooks\cyberdata\src\cyberdata\process\synthetic_generator.py:423 - execute_generation_task() - Task phishing_ben_38 completed: 2 unique samples (0 duplicates filtered) in 21.60s
2025-06-15 19:17:57,163 - cyberdata.scripts.generator - INFO - c:\Users\Tianyu Wang\Documents\Notebooks\cyberdata\src\cyberdata\process\synthetic_generator.py:381 - execute_generation_task() - Executing task phishing_ben_43 (attempt 1): 2 benign samples
2025-06-15 19:17:57,164 - cyberdata.scripts.generator - INFO - c:\Users\Tianyu Wang\Documents\Notebooks\cyberdata\src\cyberdata\process\synthetic_generator.py:627 - generate_parallel() - Task phishing_ben_38 contributed 2 samples
2025-06-15 19:18:00,546 - cyberdata.scripts.generator - INFO - c:\Users\Tianyu Wang\Documents\Notebooks\cyberdata\src\cyberdata\process\synthetic_generator.py:423 - execute_generation_task() - Task phishing_ben_41 completed: 2 unique samples (0 duplicates filtered) in 15.27s
2025-06-15 19:18:00,549 - cyberdata.scripts.generator - INFO - c:\Users\Tianyu Wang\Documents\Notebooks\cyberdata\src\cyberdata\process\synthetic_generator.py:381 - execute_generation_task() - Executing task phishing_ben_44 (attempt 1): 2 benign samples
2025-06-15 19:18:00,549 - cyberdata.scripts.generator - INFO - c:\Users\Tianyu Wang\Documents\Notebooks\cyberdata\src\cyberdata\process\synthetic_generator.py:627 - generate_parallel() - Task phishing_ben_41 contributed 2 samples
2025-06-15 19:18:07,203 - cyberdata.scripts.generator - INFO - c:\Users\Tianyu Wang\Documents\Notebooks\cyberdata\src\cyberdata\process\synthetic_generator.py:423 - execute_generation_task() - Task phishing_ben_42 completed: 2 unique samples (0 duplicates filtered) in 21.72s
2025-06-15 19:18:07,205 - cyberdata.scripts.generator - INFO - c:\Users\Tianyu Wang\Documents\Notebooks\cyberdata\src\cyberdata\process\synthetic_generator.py:381 - execute_generation_task() - Executing task phishing_ben_45 (attempt 1): 2 benign samples
2025-06-15 19:18:07,205 - cyberdata.scripts.generator - INFO - c:\Users\Tianyu Wang\Documents\Notebooks\cyberdata\src\cyberdata\process\synthetic_generator.py:627 - generate_parallel() - Task phishing_ben_42 contributed 2 samples
2025-06-15 19:18:08,615 - cyberdata.scripts.generator - INFO - c:\Users\Tianyu Wang\Documents\Notebooks\cyberdata\src\cyberdata\process\synthetic_generator.py:423 - execute_generation_task() - Task phishing_ben_40 completed: 2 unique samples (0 duplicates filtered) in 25.24s
2025-06-15 19:18:08,616 - cyberdata.scripts.generator - INFO - c:\Users\Tianyu Wang\Documents\Notebooks\cyberdata\src\cyberdata\process\synthetic_generator.py:381 - execute_generation_task() - Executing task phishing_ben_46 (attempt 1): 2 benign samples
2025-06-15 19:18:08,616 - cyberdata.scripts.generator - INFO - c:\Users\Tianyu Wang\Documents\Notebooks\cyberdata\src\cyberdata\process\synthetic_generator.py:627 - generate_parallel() - Task phishing_ben_40 contributed 2 samples
2025-06-15 19:18:09,996 - cyberdata.scripts.generator - INFO - c:\Users\Tianyu Wang\Documents\Notebooks\cyberdata\src\cyberdata\process\synthetic_generator.py:423 - execute_generation_task() - Task phishing_ben_43 completed: 2 unique samples (0 duplicates filtered) in 12.83s
2025-06-15 19:18:09,996 - cyberdata.scripts.generator - INFO - c:\Users\Tianyu Wang\Documents\Notebooks\cyberdata\src\cyberdata\process\synthetic_generator.py:381 - execute_generation_task() - Executing task phishing_ben_47 (attempt 1): 2 benign samples
2025-06-15 19:18:09,997 - cyberdata.scripts.generator - INFO - c:\Users\Tianyu Wang\Documents\Notebooks\cyberdata\src\cyberdata\process\synthetic_generator.py:627 - generate_parallel() - Task phishing_ben_43 contributed 2 samples
2025-06-15 19:18:13,202 - cyberdata.scripts.generator - INFO - c:\Users\Tianyu Wang\Documents\Notebooks\cyberdata\src\cyberdata\process\synthetic_generator.py:423 - execute_generation_task() - Task phishing_ben_44 completed: 2 unique samples (0 duplicates filtered) in 12.65s
2025-06-15 19:18:13,203 - cyberdata.scripts.generator - INFO - c:\Users\Tianyu Wang\Documents\Notebooks\cyberdata\src\cyberdata\process\synthetic_generator.py:381 - execute_generation_task() - Executing task phishing_ben_48 (attempt 1): 2 benign samples
2025-06-15 19:18:13,204 - cyberdata.scripts.generator - INFO - c:\Users\Tianyu Wang\Documents\Notebooks\cyberdata\src\cyberdata\process\synthetic_generator.py:627 - generate_parallel() - Task phishing_ben_44 contributed 2 samples
2025-06-15 19:18:15,137 - cyberdata.scripts.generator - INFO - c:\Users\Tianyu Wang\Documents\Notebooks\cyberdata\src\cyberdata\process\synthetic_generator.py:423 - execute_generation_task() - Task phishing_ben_46 completed: 2 unique samples (0 duplicates filtered) in 6.52s
2025-06-15 19:18:15,138 - cyberdata.scripts.generator - INFO - c:\Users\Tianyu Wang\Documents\Notebooks\cyberdata\src\cyberdata\process\synthetic_generator.py:381 - execute_generation_task() - Executing task phishing_ben_49 (attempt 1): 2 benign samples
2025-06-15 19:18:15,138 - cyberdata.scripts.generator - INFO - c:\Users\Tianyu Wang\Documents\Notebooks\cyberdata\src\cyberdata\process\synthetic_generator.py:627 - generate_parallel() - Task phishing_ben_46 contributed 2 samples
2025-06-15 19:18:15,814 - cyberdata.scripts.generator - INFO - c:\Users\Tianyu Wang\Documents\Notebooks\cyberdata\src\cyberdata\process\synthetic_generator.py:423 - execute_generation_task() - Task phishing_ben_47 completed: 2 unique samples (0 duplicates filtered) in 5.82s
2025-06-15 19:18:15,816 - cyberdata.scripts.generator - INFO - c:\Users\Tianyu Wang\Documents\Notebooks\cyberdata\src\cyberdata\process\synthetic_generator.py:627 - generate_parallel() - Task phishing_ben_47 contributed 2 samples
2025-06-15 19:18:21,245 - cyberdata.scripts.generator - INFO - c:\Users\Tianyu Wang\Documents\Notebooks\cyberdata\src\cyberdata\process\synthetic_generator.py:423 - execute_generation_task() - Task phishing_ben_45 completed: 2 unique samples (0 duplicates filtered) in 14.04s
2025-06-15 19:18:21,246 - cyberdata.scripts.generator - INFO - c:\Users\Tianyu Wang\Documents\Notebooks\cyberdata\src\cyberdata\process\synthetic_generator.py:627 - generate_parallel() - Task phishing_ben_45 contributed 2 samples
2025-06-15 19:18:21,267 - cyberdata.scripts.generator - INFO - c:\Users\Tianyu Wang\Documents\Notebooks\cyberdata\src\cyberdata\process\synthetic_generator.py:423 - execute_generation_task() - Task phishing_ben_49 completed: 2 unique samples (0 duplicates filtered) in 6.13s
2025-06-15 19:18:21,267 - cyberdata.scripts.generator - INFO - c:\Users\Tianyu Wang\Documents\Notebooks\cyberdata\src\cyberdata\process\synthetic_generator.py:627 - generate_parallel() - Task phishing_ben_49 contributed 2 samples
2025-06-15 19:18:30,785 - cyberdata.scripts.generator - INFO - c:\Users\Tianyu Wang\Documents\Notebooks\cyberdata\src\cyberdata\process\synthetic_generator.py:423 - execute_generation_task() - Task phishing_ben_48 completed: 2 unique samples (0 duplicates filtered) in 17.58s
2025-06-15 19:18:30,787 - cyberdata.scripts.generator - INFO - c:\Users\Tianyu Wang\Documents\Notebooks\cyberdata\src\cyberdata\process\synthetic_generator.py:627 - generate_parallel() - Task phishing_ben_48 contributed 2 samples
2025-06-15 19:18:30,789 - cyberdata.scripts.generator - INFO - c:\Users\Tianyu Wang\Documents\Notebooks\cyberdata\src\cyberdata\process\synthetic_generator.py:639 - generate_parallel() - Parallel generation completed for phishing: 100 total samples generated in 123.97 seconds
2025-06-15 19:18:30,795 - cyberdata.scripts.generator - INFO - c:\Users\Tianyu Wang\Documents\Notebooks\cyberdata\src\cyberdata\process\synthetic_generator.py:275 - load_existing_samples() - Loaded 36 existing samples for phishing
2025-06-15 19:18:30,819 - cyberdata.scripts.generator - INFO - c:\Users\Tianyu Wang\Documents\Notebooks\cyberdata\src\cyberdata\process\synthetic_generator.py:691 - save_samples() - Saved 100 new samples to C:\Users\Tianyu Wang\Documents\Notebooks\cyberdata\data\large_samples\Social_Engineering\phishing_large.json
2025-06-15 19:18:30,819 - cyberdata.scripts.generator - INFO - c:\Users\Tianyu Wang\Documents\Notebooks\cyberdata\src\cyberdata\process\synthetic_generator.py:692 - save_samples() - Total samples in file: 136
2025-06-15 19:18:30,819 - cyberdata.scripts.generator - INFO - c:\Users\Tianyu Wang\Documents\Notebooks\cyberdata\src\cyberdata\process\synthetic_generator.py:693 - save_samples() - Generation rate: 48.4 samples/minute
2025-06-15 19:18:30,820 - cyberdata.scripts.generator - INFO - c:\Users\Tianyu Wang\Documents\Notebooks\cyberdata\src\cyberdata\process\synthetic_generator.py:782 - main() - Successfully generated 100 samples for phishing
2025-06-15 19:18:30,820 - cyberdata.scripts.generator - INFO - c:\Users\Tianyu Wang\Documents\Notebooks\cyberdata\src\cyberdata\process\synthetic_generator.py:751 - main() - 
============================================================
2025-06-15 19:18:30,821 - cyberdata.scripts.generator - INFO - c:\Users\Tianyu Wang\Documents\Notebooks\cyberdata\src\cyberdata\process\synthetic_generator.py:752 - main() - Processing problem 2/2: Social Engineering/Phishing and Spam Email Campaigns
2025-06-15 19:18:30,821 - cyberdata.scripts.generator - INFO - c:\Users\Tianyu Wang\Documents\Notebooks\cyberdata\src\cyberdata\process\synthetic_generator.py:753 - main() - ============================================================
2025-06-15 19:18:30,821 - cyberdata.scripts.generator - INFO - c:\Users\Tianyu Wang\Documents\Notebooks\cyberdata\src\cyberdata\process\synthetic_generator.py:595 - generate_parallel() - Starting parallel generation for Phishing and Spam Email Campaigns: 50 malicious, 50 benign
2025-06-15 19:18:30,837 - cyberdata.scripts.generator - INFO - c:\Users\Tianyu Wang\Documents\Notebooks\cyberdata\src\cyberdata\process\synthetic_generator.py:368 - create_generation_tasks() - Created 50 generation tasks for Phishing and Spam Email Campaigns
2025-06-15 19:18:30,838 - cyberdata.scripts.generator - INFO - c:\Users\Tianyu Wang\Documents\Notebooks\cyberdata\src\cyberdata\process\synthetic_generator.py:381 - execute_generation_task() - Executing task Phishing and Spam Email Campaigns_mal_0 (attempt 1): 2 malicious samples
2025-06-15 19:18:30,838 - cyberdata.scripts.generator - INFO - c:\Users\Tianyu Wang\Documents\Notebooks\cyberdata\src\cyberdata\process\synthetic_generator.py:381 - execute_generation_task() - Executing task Phishing and Spam Email Campaigns_mal_1 (attempt 1): 2 malicious samples
2025-06-15 19:18:30,839 - cyberdata.scripts.generator - INFO - c:\Users\Tianyu Wang\Documents\Notebooks\cyberdata\src\cyberdata\process\synthetic_generator.py:381 - execute_generation_task() - Executing task Phishing and Spam Email Campaigns_mal_2 (attempt 1): 2 malicious samples
2025-06-15 19:18:30,839 - cyberdata.scripts.generator - INFO - c:\Users\Tianyu Wang\Documents\Notebooks\cyberdata\src\cyberdata\process\synthetic_generator.py:381 - execute_generation_task() - Executing task Phishing and Spam Email Campaigns_mal_3 (attempt 1): 2 malicious samples
2025-06-15 19:18:35,708 - cyberdata.scripts.generator - INFO - c:\Users\Tianyu Wang\Documents\Notebooks\cyberdata\src\cyberdata\process\synthetic_generator.py:423 - execute_generation_task() - Task Phishing and Spam Email Campaigns_mal_0 completed: 0 unique samples (2 duplicates filtered) in 4.87s
2025-06-15 19:18:35,710 - cyberdata.scripts.generator - INFO - c:\Users\Tianyu Wang\Documents\Notebooks\cyberdata\src\cyberdata\process\synthetic_generator.py:381 - execute_generation_task() - Executing task Phishing and Spam Email Campaigns_mal_4 (attempt 1): 2 malicious samples
2025-06-15 19:18:35,710 - cyberdata.scripts.generator - INFO - c:\Users\Tianyu Wang\Documents\Notebooks\cyberdata\src\cyberdata\process\synthetic_generator.py:627 - generate_parallel() - Task Phishing and Spam Email Campaigns_mal_0 contributed 0 samples
2025-06-15 19:18:35,763 - cyberdata.scripts.generator - INFO - c:\Users\Tianyu Wang\Documents\Notebooks\cyberdata\src\cyberdata\process\synthetic_generator.py:423 - execute_generation_task() - Task Phishing and Spam Email Campaigns_mal_2 completed: 0 unique samples (2 duplicates filtered) in 4.92s
2025-06-15 19:18:35,764 - cyberdata.scripts.generator - INFO - c:\Users\Tianyu Wang\Documents\Notebooks\cyberdata\src\cyberdata\process\synthetic_generator.py:381 - execute_generation_task() - Executing task Phishing and Spam Email Campaigns_mal_5 (attempt 1): 2 malicious samples
2025-06-15 19:18:35,764 - cyberdata.scripts.generator - INFO - c:\Users\Tianyu Wang\Documents\Notebooks\cyberdata\src\cyberdata\process\synthetic_generator.py:627 - generate_parallel() - Task Phishing and Spam Email Campaigns_mal_2 contributed 0 samples
2025-06-15 19:18:36,059 - cyberdata.scripts.generator - INFO - c:\Users\Tianyu Wang\Documents\Notebooks\cyberdata\src\cyberdata\process\synthetic_generator.py:423 - execute_generation_task() - Task Phishing and Spam Email Campaigns_mal_3 completed: 0 unique samples (2 duplicates filtered) in 5.22s
2025-06-15 19:18:36,060 - cyberdata.scripts.generator - INFO - c:\Users\Tianyu Wang\Documents\Notebooks\cyberdata\src\cyberdata\process\synthetic_generator.py:381 - execute_generation_task() - Executing task Phishing and Spam Email Campaigns_mal_6 (attempt 1): 2 malicious samples
2025-06-15 19:18:36,061 - cyberdata.scripts.generator - INFO - c:\Users\Tianyu Wang\Documents\Notebooks\cyberdata\src\cyberdata\process\synthetic_generator.py:627 - generate_parallel() - Task Phishing and Spam Email Campaigns_mal_3 contributed 0 samples
2025-06-15 19:18:36,087 - cyberdata.scripts.generator - INFO - c:\Users\Tianyu Wang\Documents\Notebooks\cyberdata\src\cyberdata\process\synthetic_generator.py:423 - execute_generation_task() - Task Phishing and Spam Email Campaigns_mal_1 completed: 0 unique samples (2 duplicates filtered) in 5.25s
2025-06-15 19:18:36,088 - cyberdata.scripts.generator - INFO - c:\Users\Tianyu Wang\Documents\Notebooks\cyberdata\src\cyberdata\process\synthetic_generator.py:381 - execute_generation_task() - Executing task Phishing and Spam Email Campaigns_mal_7 (attempt 1): 2 malicious samples
2025-06-15 19:18:36,088 - cyberdata.scripts.generator - INFO - c:\Users\Tianyu Wang\Documents\Notebooks\cyberdata\src\cyberdata\process\synthetic_generator.py:627 - generate_parallel() - Task Phishing and Spam Email Campaigns_mal_1 contributed 0 samples
2025-06-15 19:18:38,552 - cyberdata.scripts.generator - INFO - c:\Users\Tianyu Wang\Documents\Notebooks\cyberdata\src\cyberdata\process\synthetic_generator.py:423 - execute_generation_task() - Task Phishing and Spam Email Campaigns_mal_6 completed: 0 unique samples (2 duplicates filtered) in 2.49s
2025-06-15 19:18:38,553 - cyberdata.scripts.generator - INFO - c:\Users\Tianyu Wang\Documents\Notebooks\cyberdata\src\cyberdata\process\synthetic_generator.py:381 - execute_generation_task() - Executing task Phishing and Spam Email Campaigns_mal_8 (attempt 1): 2 malicious samples
2025-06-15 19:18:38,553 - cyberdata.scripts.generator - INFO - c:\Users\Tianyu Wang\Documents\Notebooks\cyberdata\src\cyberdata\process\synthetic_generator.py:627 - generate_parallel() - Task Phishing and Spam Email Campaigns_mal_6 contributed 0 samples
2025-06-15 19:18:41,240 - cyberdata.scripts.generator - INFO - c:\Users\Tianyu Wang\Documents\Notebooks\cyberdata\src\cyberdata\process\synthetic_generator.py:423 - execute_generation_task() - Task Phishing and Spam Email Campaigns_mal_4 completed: 0 unique samples (2 duplicates filtered) in 5.53s
2025-06-15 19:18:41,240 - cyberdata.scripts.generator - INFO - c:\Users\Tianyu Wang\Documents\Notebooks\cyberdata\src\cyberdata\process\synthetic_generator.py:381 - execute_generation_task() - Executing task Phishing and Spam Email Campaigns_mal_9 (attempt 1): 2 malicious samples
2025-06-15 19:18:41,241 - cyberdata.scripts.generator - INFO - c:\Users\Tianyu Wang\Documents\Notebooks\cyberdata\src\cyberdata\process\synthetic_generator.py:627 - generate_parallel() - Task Phishing and Spam Email Campaigns_mal_4 contributed 0 samples
2025-06-15 19:18:41,562 - cyberdata.scripts.generator - INFO - c:\Users\Tianyu Wang\Documents\Notebooks\cyberdata\src\cyberdata\process\synthetic_generator.py:423 - execute_generation_task() - Task Phishing and Spam Email Campaigns_mal_5 completed: 0 unique samples (2 duplicates filtered) in 5.80s
2025-06-15 19:18:41,563 - cyberdata.scripts.generator - INFO - c:\Users\Tianyu Wang\Documents\Notebooks\cyberdata\src\cyberdata\process\synthetic_generator.py:381 - execute_generation_task() - Executing task Phishing and Spam Email Campaigns_mal_10 (attempt 1): 2 malicious samples
2025-06-15 19:18:41,563 - cyberdata.scripts.generator - INFO - c:\Users\Tianyu Wang\Documents\Notebooks\cyberdata\src\cyberdata\process\synthetic_generator.py:627 - generate_parallel() - Task Phishing and Spam Email Campaigns_mal_5 contributed 0 samples
2025-06-15 19:18:41,639 - cyberdata.scripts.generator - INFO - c:\Users\Tianyu Wang\Documents\Notebooks\cyberdata\src\cyberdata\process\synthetic_generator.py:423 - execute_generation_task() - Task Phishing and Spam Email Campaigns_mal_7 completed: 0 unique samples (2 duplicates filtered) in 5.55s
2025-06-15 19:18:41,640 - cyberdata.scripts.generator - INFO - c:\Users\Tianyu Wang\Documents\Notebooks\cyberdata\src\cyberdata\process\synthetic_generator.py:381 - execute_generation_task() - Executing task Phishing and Spam Email Campaigns_mal_11 (attempt 1): 2 malicious samples
2025-06-15 19:18:41,640 - cyberdata.scripts.generator - INFO - c:\Users\Tianyu Wang\Documents\Notebooks\cyberdata\src\cyberdata\process\synthetic_generator.py:627 - generate_parallel() - Task Phishing and Spam Email Campaigns_mal_7 contributed 0 samples
2025-06-15 19:18:43,999 - cyberdata.scripts.generator - INFO - c:\Users\Tianyu Wang\Documents\Notebooks\cyberdata\src\cyberdata\process\synthetic_generator.py:423 - execute_generation_task() - Task Phishing and Spam Email Campaigns_mal_8 completed: 0 unique samples (2 duplicates filtered) in 5.45s
2025-06-15 19:18:44,000 - cyberdata.scripts.generator - INFO - c:\Users\Tianyu Wang\Documents\Notebooks\cyberdata\src\cyberdata\process\synthetic_generator.py:381 - execute_generation_task() - Executing task Phishing and Spam Email Campaigns_mal_12 (attempt 1): 2 malicious samples
2025-06-15 19:18:44,000 - cyberdata.scripts.generator - INFO - c:\Users\Tianyu Wang\Documents\Notebooks\cyberdata\src\cyberdata\process\synthetic_generator.py:627 - generate_parallel() - Task Phishing and Spam Email Campaigns_mal_8 contributed 0 samples
2025-06-15 19:18:46,583 - cyberdata.scripts.generator - INFO - c:\Users\Tianyu Wang\Documents\Notebooks\cyberdata\src\cyberdata\process\synthetic_generator.py:423 - execute_generation_task() - Task Phishing and Spam Email Campaigns_mal_9 completed: 0 unique samples (2 duplicates filtered) in 5.34s
2025-06-15 19:18:46,583 - cyberdata.scripts.generator - INFO - c:\Users\Tianyu Wang\Documents\Notebooks\cyberdata\src\cyberdata\process\synthetic_generator.py:381 - execute_generation_task() - Executing task Phishing and Spam Email Campaigns_mal_13 (attempt 1): 2 malicious samples
2025-06-15 19:18:46,583 - cyberdata.scripts.generator - INFO - c:\Users\Tianyu Wang\Documents\Notebooks\cyberdata\src\cyberdata\process\synthetic_generator.py:627 - generate_parallel() - Task Phishing and Spam Email Campaigns_mal_9 contributed 0 samples
2025-06-15 19:18:46,748 - cyberdata.scripts.generator - INFO - c:\Users\Tianyu Wang\Documents\Notebooks\cyberdata\src\cyberdata\process\synthetic_generator.py:423 - execute_generation_task() - Task Phishing and Spam Email Campaigns_mal_10 completed: 0 unique samples (2 duplicates filtered) in 5.18s
2025-06-15 19:18:46,748 - cyberdata.scripts.generator - INFO - c:\Users\Tianyu Wang\Documents\Notebooks\cyberdata\src\cyberdata\process\synthetic_generator.py:381 - execute_generation_task() - Executing task Phishing and Spam Email Campaigns_mal_14 (attempt 1): 2 malicious samples
2025-06-15 19:18:46,749 - cyberdata.scripts.generator - INFO - c:\Users\Tianyu Wang\Documents\Notebooks\cyberdata\src\cyberdata\process\synthetic_generator.py:627 - generate_parallel() - Task Phishing and Spam Email Campaigns_mal_10 contributed 0 samples
2025-06-15 19:18:46,882 - cyberdata.scripts.generator - INFO - c:\Users\Tianyu Wang\Documents\Notebooks\cyberdata\src\cyberdata\process\synthetic_generator.py:423 - execute_generation_task() - Task Phishing and Spam Email Campaigns_mal_11 completed: 0 unique samples (2 duplicates filtered) in 5.24s
2025-06-15 19:18:46,883 - cyberdata.scripts.generator - INFO - c:\Users\Tianyu Wang\Documents\Notebooks\cyberdata\src\cyberdata\process\synthetic_generator.py:381 - execute_generation_task() - Executing task Phishing and Spam Email Campaigns_mal_15 (attempt 1): 2 malicious samples
2025-06-15 19:18:46,883 - cyberdata.scripts.generator - INFO - c:\Users\Tianyu Wang\Documents\Notebooks\cyberdata\src\cyberdata\process\synthetic_generator.py:627 - generate_parallel() - Task Phishing and Spam Email Campaigns_mal_11 contributed 0 samples
2025-06-15 19:18:48,898 - cyberdata.scripts.generator - INFO - c:\Users\Tianyu Wang\Documents\Notebooks\cyberdata\src\cyberdata\process\synthetic_generator.py:423 - execute_generation_task() - Task Phishing and Spam Email Campaigns_mal_14 completed: 0 unique samples (2 duplicates filtered) in 2.15s
2025-06-15 19:18:48,899 - cyberdata.scripts.generator - INFO - c:\Users\Tianyu Wang\Documents\Notebooks\cyberdata\src\cyberdata\process\synthetic_generator.py:381 - execute_generation_task() - Executing task Phishing and Spam Email Campaigns_mal_16 (attempt 1): 2 malicious samples
2025-06-15 19:18:48,899 - cyberdata.scripts.generator - INFO - c:\Users\Tianyu Wang\Documents\Notebooks\cyberdata\src\cyberdata\process\synthetic_generator.py:627 - generate_parallel() - Task Phishing and Spam Email Campaigns_mal_14 contributed 0 samples
2025-06-15 19:18:49,569 - cyberdata.scripts.generator - INFO - c:\Users\Tianyu Wang\Documents\Notebooks\cyberdata\src\cyberdata\process\synthetic_generator.py:423 - execute_generation_task() - Task Phishing and Spam Email Campaigns_mal_12 completed: 0 unique samples (2 duplicates filtered) in 5.57s
2025-06-15 19:18:49,570 - cyberdata.scripts.generator - INFO - c:\Users\Tianyu Wang\Documents\Notebooks\cyberdata\src\cyberdata\process\synthetic_generator.py:381 - execute_generation_task() - Executing task Phishing and Spam Email Campaigns_mal_17 (attempt 1): 2 malicious samples
2025-06-15 19:18:49,570 - cyberdata.scripts.generator - INFO - c:\Users\Tianyu Wang\Documents\Notebooks\cyberdata\src\cyberdata\process\synthetic_generator.py:627 - generate_parallel() - Task Phishing and Spam Email Campaigns_mal_12 contributed 0 samples
2025-06-15 19:18:51,041 - cyberdata.scripts.generator - INFO - c:\Users\Tianyu Wang\Documents\Notebooks\cyberdata\src\cyberdata\process\synthetic_generator.py:423 - execute_generation_task() - Task Phishing and Spam Email Campaigns_mal_15 completed: 0 unique samples (2 duplicates filtered) in 4.16s
2025-06-15 19:18:51,042 - cyberdata.scripts.generator - INFO - c:\Users\Tianyu Wang\Documents\Notebooks\cyberdata\src\cyberdata\process\synthetic_generator.py:381 - execute_generation_task() - Executing task Phishing and Spam Email Campaigns_mal_18 (attempt 1): 2 malicious samples
2025-06-15 19:18:51,042 - cyberdata.scripts.generator - INFO - c:\Users\Tianyu Wang\Documents\Notebooks\cyberdata\src\cyberdata\process\synthetic_generator.py:627 - generate_parallel() - Task Phishing and Spam Email Campaigns_mal_15 contributed 0 samples
2025-06-15 19:18:51,677 - cyberdata.scripts.generator - INFO - c:\Users\Tianyu Wang\Documents\Notebooks\cyberdata\src\cyberdata\process\synthetic_generator.py:423 - execute_generation_task() - Task Phishing and Spam Email Campaigns_mal_13 completed: 0 unique samples (2 duplicates filtered) in 5.09s
2025-06-15 19:18:51,679 - cyberdata.scripts.generator - INFO - c:\Users\Tianyu Wang\Documents\Notebooks\cyberdata\src\cyberdata\process\synthetic_generator.py:381 - execute_generation_task() - Executing task Phishing and Spam Email Campaigns_mal_19 (attempt 1): 2 malicious samples
2025-06-15 19:18:51,679 - cyberdata.scripts.generator - INFO - c:\Users\Tianyu Wang\Documents\Notebooks\cyberdata\src\cyberdata\process\synthetic_generator.py:627 - generate_parallel() - Task Phishing and Spam Email Campaigns_mal_13 contributed 0 samples
2025-06-15 19:18:51,854 - cyberdata.scripts.generator - INFO - c:\Users\Tianyu Wang\Documents\Notebooks\cyberdata\src\cyberdata\process\synthetic_generator.py:423 - execute_generation_task() - Task Phishing and Spam Email Campaigns_mal_17 completed: 0 unique samples (2 duplicates filtered) in 2.28s
2025-06-15 19:18:51,855 - cyberdata.scripts.generator - INFO - c:\Users\Tianyu Wang\Documents\Notebooks\cyberdata\src\cyberdata\process\synthetic_generator.py:381 - execute_generation_task() - Executing task Phishing and Spam Email Campaigns_mal_20 (attempt 1): 2 malicious samples
2025-06-15 19:18:51,856 - cyberdata.scripts.generator - INFO - c:\Users\Tianyu Wang\Documents\Notebooks\cyberdata\src\cyberdata\process\synthetic_generator.py:627 - generate_parallel() - Task Phishing and Spam Email Campaigns_mal_17 contributed 0 samples
2025-06-15 19:18:54,021 - cyberdata.scripts.generator - INFO - c:\Users\Tianyu Wang\Documents\Notebooks\cyberdata\src\cyberdata\process\synthetic_generator.py:423 - execute_generation_task() - Task Phishing and Spam Email Campaigns_mal_19 completed: 0 unique samples (2 duplicates filtered) in 2.34s
2025-06-15 19:18:54,023 - cyberdata.scripts.generator - INFO - c:\Users\Tianyu Wang\Documents\Notebooks\cyberdata\src\cyberdata\process\synthetic_generator.py:381 - execute_generation_task() - Executing task Phishing and Spam Email Campaigns_mal_21 (attempt 1): 2 malicious samples
2025-06-15 19:18:54,023 - cyberdata.scripts.generator - INFO - c:\Users\Tianyu Wang\Documents\Notebooks\cyberdata\src\cyberdata\process\synthetic_generator.py:627 - generate_parallel() - Task Phishing and Spam Email Campaigns_mal_19 contributed 0 samples
2025-06-15 19:18:55,307 - cyberdata.scripts.generator - INFO - c:\Users\Tianyu Wang\Documents\Notebooks\cyberdata\src\cyberdata\process\synthetic_generator.py:423 - execute_generation_task() - Task Phishing and Spam Email Campaigns_mal_16 completed: 0 unique samples (2 duplicates filtered) in 6.41s
2025-06-15 19:18:55,308 - cyberdata.scripts.generator - INFO - c:\Users\Tianyu Wang\Documents\Notebooks\cyberdata\src\cyberdata\process\synthetic_generator.py:381 - execute_generation_task() - Executing task Phishing and Spam Email Campaigns_mal_22 (attempt 1): 2 malicious samples
2025-06-15 19:18:55,309 - cyberdata.scripts.generator - INFO - c:\Users\Tianyu Wang\Documents\Notebooks\cyberdata\src\cyberdata\process\synthetic_generator.py:627 - generate_parallel() - Task Phishing and Spam Email Campaigns_mal_16 contributed 0 samples
2025-06-15 19:18:56,120 - cyberdata.scripts.generator - INFO - c:\Users\Tianyu Wang\Documents\Notebooks\cyberdata\src\cyberdata\process\synthetic_generator.py:423 - execute_generation_task() - Task Phishing and Spam Email Campaigns_mal_18 completed: 0 unique samples (2 duplicates filtered) in 5.08s
2025-06-15 19:18:56,121 - cyberdata.scripts.generator - INFO - c:\Users\Tianyu Wang\Documents\Notebooks\cyberdata\src\cyberdata\process\synthetic_generator.py:381 - execute_generation_task() - Executing task Phishing and Spam Email Campaigns_mal_23 (attempt 1): 2 malicious samples
2025-06-15 19:18:56,121 - cyberdata.scripts.generator - INFO - c:\Users\Tianyu Wang\Documents\Notebooks\cyberdata\src\cyberdata\process\synthetic_generator.py:627 - generate_parallel() - Task Phishing and Spam Email Campaigns_mal_18 contributed 0 samples
2025-06-15 19:18:57,123 - cyberdata.scripts.generator - INFO - c:\Users\Tianyu Wang\Documents\Notebooks\cyberdata\src\cyberdata\process\synthetic_generator.py:423 - execute_generation_task() - Task Phishing and Spam Email Campaigns_mal_20 completed: 0 unique samples (2 duplicates filtered) in 5.27s
2025-06-15 19:18:57,124 - cyberdata.scripts.generator - INFO - c:\Users\Tianyu Wang\Documents\Notebooks\cyberdata\src\cyberdata\process\synthetic_generator.py:381 - execute_generation_task() - Executing task Phishing and Spam Email Campaigns_mal_24 (attempt 1): 2 malicious samples
2025-06-15 19:18:57,125 - cyberdata.scripts.generator - INFO - c:\Users\Tianyu Wang\Documents\Notebooks\cyberdata\src\cyberdata\process\synthetic_generator.py:627 - generate_parallel() - Task Phishing and Spam Email Campaigns_mal_20 contributed 0 samples
2025-06-15 19:18:59,023 - cyberdata.scripts.generator - INFO - c:\Users\Tianyu Wang\Documents\Notebooks\cyberdata\src\cyberdata\process\synthetic_generator.py:423 - execute_generation_task() - Task Phishing and Spam Email Campaigns_mal_21 completed: 0 unique samples (2 duplicates filtered) in 5.00s
2025-06-15 19:18:59,025 - cyberdata.scripts.generator - INFO - c:\Users\Tianyu Wang\Documents\Notebooks\cyberdata\src\cyberdata\process\synthetic_generator.py:381 - execute_generation_task() - Executing task Phishing and Spam Email Campaigns_ben_25 (attempt 1): 2 benign samples
2025-06-15 19:18:59,025 - cyberdata.scripts.generator - INFO - c:\Users\Tianyu Wang\Documents\Notebooks\cyberdata\src\cyberdata\process\synthetic_generator.py:627 - generate_parallel() - Task Phishing and Spam Email Campaigns_mal_21 contributed 0 samples
2025-06-15 19:18:59,370 - cyberdata.scripts.generator - INFO - c:\Users\Tianyu Wang\Documents\Notebooks\cyberdata\src\cyberdata\process\synthetic_generator.py:423 - execute_generation_task() - Task Phishing and Spam Email Campaigns_mal_24 completed: 0 unique samples (2 duplicates filtered) in 2.25s
2025-06-15 19:18:59,373 - cyberdata.scripts.generator - INFO - c:\Users\Tianyu Wang\Documents\Notebooks\cyberdata\src\cyberdata\process\synthetic_generator.py:381 - execute_generation_task() - Executing task Phishing and Spam Email Campaigns_ben_26 (attempt 1): 2 benign samples
2025-06-15 19:18:59,373 - cyberdata.scripts.generator - INFO - c:\Users\Tianyu Wang\Documents\Notebooks\cyberdata\src\cyberdata\process\synthetic_generator.py:627 - generate_parallel() - Task Phishing and Spam Email Campaigns_mal_24 contributed 0 samples
2025-06-15 19:18:59,902 - cyberdata.scripts.generator - INFO - c:\Users\Tianyu Wang\Documents\Notebooks\cyberdata\src\cyberdata\process\synthetic_generator.py:423 - execute_generation_task() - Task Phishing and Spam Email Campaigns_mal_22 completed: 0 unique samples (2 duplicates filtered) in 4.59s
2025-06-15 19:18:59,902 - cyberdata.scripts.generator - INFO - c:\Users\Tianyu Wang\Documents\Notebooks\cyberdata\src\cyberdata\process\synthetic_generator.py:381 - execute_generation_task() - Executing task Phishing and Spam Email Campaigns_ben_27 (attempt 1): 2 benign samples
2025-06-15 19:18:59,902 - cyberdata.scripts.generator - INFO - c:\Users\Tianyu Wang\Documents\Notebooks\cyberdata\src\cyberdata\process\synthetic_generator.py:627 - generate_parallel() - Task Phishing and Spam Email Campaigns_mal_22 contributed 0 samples
2025-06-15 19:19:00,673 - cyberdata.scripts.generator - INFO - c:\Users\Tianyu Wang\Documents\Notebooks\cyberdata\src\cyberdata\process\synthetic_generator.py:423 - execute_generation_task() - Task Phishing and Spam Email Campaigns_mal_23 completed: 0 unique samples (2 duplicates filtered) in 4.55s
2025-06-15 19:19:00,674 - cyberdata.scripts.generator - INFO - c:\Users\Tianyu Wang\Documents\Notebooks\cyberdata\src\cyberdata\process\synthetic_generator.py:381 - execute_generation_task() - Executing task Phishing and Spam Email Campaigns_ben_28 (attempt 1): 2 benign samples
2025-06-15 19:19:00,674 - cyberdata.scripts.generator - INFO - c:\Users\Tianyu Wang\Documents\Notebooks\cyberdata\src\cyberdata\process\synthetic_generator.py:627 - generate_parallel() - Task Phishing and Spam Email Campaigns_mal_23 contributed 0 samples
2025-06-15 19:19:04,400 - cyberdata.scripts.generator - INFO - c:\Users\Tianyu Wang\Documents\Notebooks\cyberdata\src\cyberdata\process\synthetic_generator.py:423 - execute_generation_task() - Task Phishing and Spam Email Campaigns_ben_25 completed: 2 unique samples (0 duplicates filtered) in 5.37s
2025-06-15 19:19:04,401 - cyberdata.scripts.generator - INFO - c:\Users\Tianyu Wang\Documents\Notebooks\cyberdata\src\cyberdata\process\synthetic_generator.py:381 - execute_generation_task() - Executing task Phishing and Spam Email Campaigns_ben_29 (attempt 1): 2 benign samples
2025-06-15 19:19:04,402 - cyberdata.scripts.generator - INFO - c:\Users\Tianyu Wang\Documents\Notebooks\cyberdata\src\cyberdata\process\synthetic_generator.py:627 - generate_parallel() - Task Phishing and Spam Email Campaigns_ben_25 contributed 2 samples
2025-06-15 19:19:04,828 - cyberdata.scripts.generator - INFO - c:\Users\Tianyu Wang\Documents\Notebooks\cyberdata\src\cyberdata\process\synthetic_generator.py:423 - execute_generation_task() - Task Phishing and Spam Email Campaigns_ben_26 completed: 2 unique samples (0 duplicates filtered) in 5.46s
2025-06-15 19:19:04,829 - cyberdata.scripts.generator - INFO - c:\Users\Tianyu Wang\Documents\Notebooks\cyberdata\src\cyberdata\process\synthetic_generator.py:381 - execute_generation_task() - Executing task Phishing and Spam Email Campaigns_ben_30 (attempt 1): 2 benign samples
2025-06-15 19:19:04,829 - cyberdata.scripts.generator - INFO - c:\Users\Tianyu Wang\Documents\Notebooks\cyberdata\src\cyberdata\process\synthetic_generator.py:627 - generate_parallel() - Task Phishing and Spam Email Campaigns_ben_26 contributed 2 samples
2025-06-15 19:19:08,002 - cyberdata.scripts.generator - INFO - c:\Users\Tianyu Wang\Documents\Notebooks\cyberdata\src\cyberdata\process\synthetic_generator.py:423 - execute_generation_task() - Task Phishing and Spam Email Campaigns_ben_27 completed: 2 unique samples (0 duplicates filtered) in 8.10s
2025-06-15 19:19:08,003 - cyberdata.scripts.generator - INFO - c:\Users\Tianyu Wang\Documents\Notebooks\cyberdata\src\cyberdata\process\synthetic_generator.py:381 - execute_generation_task() - Executing task Phishing and Spam Email Campaigns_ben_31 (attempt 1): 2 benign samples
2025-06-15 19:19:08,003 - cyberdata.scripts.generator - INFO - c:\Users\Tianyu Wang\Documents\Notebooks\cyberdata\src\cyberdata\process\synthetic_generator.py:627 - generate_parallel() - Task Phishing and Spam Email Campaigns_ben_27 contributed 2 samples
2025-06-15 19:19:10,024 - cyberdata.scripts.generator - INFO - c:\Users\Tianyu Wang\Documents\Notebooks\cyberdata\src\cyberdata\process\synthetic_generator.py:423 - execute_generation_task() - Task Phishing and Spam Email Campaigns_ben_28 completed: 2 unique samples (0 duplicates filtered) in 9.35s
2025-06-15 19:19:10,026 - cyberdata.scripts.generator - INFO - c:\Users\Tianyu Wang\Documents\Notebooks\cyberdata\src\cyberdata\process\synthetic_generator.py:381 - execute_generation_task() - Executing task Phishing and Spam Email Campaigns_ben_32 (attempt 1): 2 benign samples
2025-06-15 19:19:10,026 - cyberdata.scripts.generator - INFO - c:\Users\Tianyu Wang\Documents\Notebooks\cyberdata\src\cyberdata\process\synthetic_generator.py:627 - generate_parallel() - Task Phishing and Spam Email Campaigns_ben_28 contributed 2 samples
2025-06-15 19:19:11,428 - cyberdata.scripts.generator - INFO - c:\Users\Tianyu Wang\Documents\Notebooks\cyberdata\src\cyberdata\process\synthetic_generator.py:423 - execute_generation_task() - Task Phishing and Spam Email Campaigns_ben_30 completed: 2 unique samples (0 duplicates filtered) in 6.60s
2025-06-15 19:19:11,429 - cyberdata.scripts.generator - INFO - c:\Users\Tianyu Wang\Documents\Notebooks\cyberdata\src\cyberdata\process\synthetic_generator.py:381 - execute_generation_task() - Executing task Phishing and Spam Email Campaigns_ben_33 (attempt 1): 2 benign samples
2025-06-15 19:19:11,430 - cyberdata.scripts.generator - INFO - c:\Users\Tianyu Wang\Documents\Notebooks\cyberdata\src\cyberdata\process\synthetic_generator.py:627 - generate_parallel() - Task Phishing and Spam Email Campaigns_ben_30 contributed 2 samples
2025-06-15 19:19:15,360 - cyberdata.scripts.generator - INFO - c:\Users\Tianyu Wang\Documents\Notebooks\cyberdata\src\cyberdata\process\synthetic_generator.py:423 - execute_generation_task() - Task Phishing and Spam Email Campaigns_ben_29 completed: 2 unique samples (0 duplicates filtered) in 10.96s
2025-06-15 19:19:15,360 - cyberdata.scripts.generator - INFO - c:\Users\Tianyu Wang\Documents\Notebooks\cyberdata\src\cyberdata\process\synthetic_generator.py:381 - execute_generation_task() - Executing task Phishing and Spam Email Campaigns_ben_34 (attempt 1): 2 benign samples
2025-06-15 19:19:15,361 - cyberdata.scripts.generator - INFO - c:\Users\Tianyu Wang\Documents\Notebooks\cyberdata\src\cyberdata\process\synthetic_generator.py:627 - generate_parallel() - Task Phishing and Spam Email Campaigns_ben_29 contributed 2 samples
2025-06-15 19:19:19,916 - cyberdata.scripts.generator - INFO - c:\Users\Tianyu Wang\Documents\Notebooks\cyberdata\src\cyberdata\process\synthetic_generator.py:423 - execute_generation_task() - Task Phishing and Spam Email Campaigns_ben_31 completed: 2 unique samples (0 duplicates filtered) in 11.91s
2025-06-15 19:19:19,917 - cyberdata.scripts.generator - INFO - c:\Users\Tianyu Wang\Documents\Notebooks\cyberdata\src\cyberdata\process\synthetic_generator.py:381 - execute_generation_task() - Executing task Phishing and Spam Email Campaigns_ben_35 (attempt 1): 2 benign samples
2025-06-15 19:19:19,917 - cyberdata.scripts.generator - INFO - c:\Users\Tianyu Wang\Documents\Notebooks\cyberdata\src\cyberdata\process\synthetic_generator.py:627 - generate_parallel() - Task Phishing and Spam Email Campaigns_ben_31 contributed 2 samples
2025-06-15 19:19:21,139 - cyberdata.scripts.generator - INFO - c:\Users\Tianyu Wang\Documents\Notebooks\cyberdata\src\cyberdata\process\synthetic_generator.py:423 - execute_generation_task() - Task Phishing and Spam Email Campaigns_ben_34 completed: 2 unique samples (0 duplicates filtered) in 5.78s
2025-06-15 19:19:21,140 - cyberdata.scripts.generator - INFO - c:\Users\Tianyu Wang\Documents\Notebooks\cyberdata\src\cyberdata\process\synthetic_generator.py:381 - execute_generation_task() - Executing task Phishing and Spam Email Campaigns_ben_36 (attempt 1): 2 benign samples
2025-06-15 19:19:21,140 - cyberdata.scripts.generator - INFO - c:\Users\Tianyu Wang\Documents\Notebooks\cyberdata\src\cyberdata\process\synthetic_generator.py:627 - generate_parallel() - Task Phishing and Spam Email Campaigns_ben_34 contributed 2 samples
2025-06-15 19:19:22,009 - cyberdata.scripts.generator - INFO - c:\Users\Tianyu Wang\Documents\Notebooks\cyberdata\src\cyberdata\process\synthetic_generator.py:423 - execute_generation_task() - Task Phishing and Spam Email Campaigns_ben_32 completed: 2 unique samples (0 duplicates filtered) in 11.98s
2025-06-15 19:19:22,010 - cyberdata.scripts.generator - INFO - c:\Users\Tianyu Wang\Documents\Notebooks\cyberdata\src\cyberdata\process\synthetic_generator.py:381 - execute_generation_task() - Executing task Phishing and Spam Email Campaigns_ben_37 (attempt 1): 2 benign samples
2025-06-15 19:19:22,010 - cyberdata.scripts.generator - INFO - c:\Users\Tianyu Wang\Documents\Notebooks\cyberdata\src\cyberdata\process\synthetic_generator.py:627 - generate_parallel() - Task Phishing and Spam Email Campaigns_ben_32 contributed 2 samples
2025-06-15 19:19:22,086 - cyberdata.scripts.generator - INFO - c:\Users\Tianyu Wang\Documents\Notebooks\cyberdata\src\cyberdata\process\synthetic_generator.py:423 - execute_generation_task() - Task Phishing and Spam Email Campaigns_ben_33 completed: 2 unique samples (0 duplicates filtered) in 10.66s
2025-06-15 19:19:22,087 - cyberdata.scripts.generator - INFO - c:\Users\Tianyu Wang\Documents\Notebooks\cyberdata\src\cyberdata\process\synthetic_generator.py:381 - execute_generation_task() - Executing task Phishing and Spam Email Campaigns_ben_38 (attempt 1): 2 benign samples
2025-06-15 19:19:22,087 - cyberdata.scripts.generator - INFO - c:\Users\Tianyu Wang\Documents\Notebooks\cyberdata\src\cyberdata\process\synthetic_generator.py:627 - generate_parallel() - Task Phishing and Spam Email Campaigns_ben_33 contributed 2 samples
2025-06-15 19:19:25,872 - cyberdata.scripts.generator - INFO - c:\Users\Tianyu Wang\Documents\Notebooks\cyberdata\src\cyberdata\process\synthetic_generator.py:423 - execute_generation_task() - Task Phishing and Spam Email Campaigns_ben_35 completed: 2 unique samples (0 duplicates filtered) in 5.96s
2025-06-15 19:19:25,873 - cyberdata.scripts.generator - INFO - c:\Users\Tianyu Wang\Documents\Notebooks\cyberdata\src\cyberdata\process\synthetic_generator.py:381 - execute_generation_task() - Executing task Phishing and Spam Email Campaigns_ben_39 (attempt 1): 2 benign samples
2025-06-15 19:19:25,874 - cyberdata.scripts.generator - INFO - c:\Users\Tianyu Wang\Documents\Notebooks\cyberdata\src\cyberdata\process\synthetic_generator.py:627 - generate_parallel() - Task Phishing and Spam Email Campaigns_ben_35 contributed 2 samples
2025-06-15 19:19:28,694 - cyberdata.scripts.generator - INFO - c:\Users\Tianyu Wang\Documents\Notebooks\cyberdata\src\cyberdata\process\synthetic_generator.py:423 - execute_generation_task() - Task Phishing and Spam Email Campaigns_ben_36 completed: 2 unique samples (0 duplicates filtered) in 7.55s
2025-06-15 19:19:28,694 - cyberdata.scripts.generator - INFO - c:\Users\Tianyu Wang\Documents\Notebooks\cyberdata\src\cyberdata\process\synthetic_generator.py:381 - execute_generation_task() - Executing task Phishing and Spam Email Campaigns_ben_40 (attempt 1): 2 benign samples
2025-06-15 19:19:28,694 - cyberdata.scripts.generator - INFO - c:\Users\Tianyu Wang\Documents\Notebooks\cyberdata\src\cyberdata\process\synthetic_generator.py:627 - generate_parallel() - Task Phishing and Spam Email Campaigns_ben_36 contributed 2 samples
2025-06-15 19:19:32,264 - cyberdata.scripts.generator - INFO - c:\Users\Tianyu Wang\Documents\Notebooks\cyberdata\src\cyberdata\process\synthetic_generator.py:423 - execute_generation_task() - Task Phishing and Spam Email Campaigns_ben_38 completed: 2 unique samples (0 duplicates filtered) in 10.18s
2025-06-15 19:19:32,265 - cyberdata.scripts.generator - INFO - c:\Users\Tianyu Wang\Documents\Notebooks\cyberdata\src\cyberdata\process\synthetic_generator.py:381 - execute_generation_task() - Executing task Phishing and Spam Email Campaigns_ben_41 (attempt 1): 2 benign samples
2025-06-15 19:19:32,265 - cyberdata.scripts.generator - INFO - c:\Users\Tianyu Wang\Documents\Notebooks\cyberdata\src\cyberdata\process\synthetic_generator.py:627 - generate_parallel() - Task Phishing and Spam Email Campaigns_ben_38 contributed 2 samples
2025-06-15 19:19:33,904 - cyberdata.scripts.generator - INFO - c:\Users\Tianyu Wang\Documents\Notebooks\cyberdata\src\cyberdata\process\synthetic_generator.py:423 - execute_generation_task() - Task Phishing and Spam Email Campaigns_ben_37 completed: 2 unique samples (0 duplicates filtered) in 11.89s
2025-06-15 19:19:33,905 - cyberdata.scripts.generator - INFO - c:\Users\Tianyu Wang\Documents\Notebooks\cyberdata\src\cyberdata\process\synthetic_generator.py:381 - execute_generation_task() - Executing task Phishing and Spam Email Campaigns_ben_42 (attempt 1): 2 benign samples
2025-06-15 19:19:33,906 - cyberdata.scripts.generator - INFO - c:\Users\Tianyu Wang\Documents\Notebooks\cyberdata\src\cyberdata\process\synthetic_generator.py:627 - generate_parallel() - Task Phishing and Spam Email Campaigns_ben_37 contributed 2 samples
2025-06-15 19:19:35,680 - cyberdata.scripts.generator - INFO - c:\Users\Tianyu Wang\Documents\Notebooks\cyberdata\src\cyberdata\process\synthetic_generator.py:423 - execute_generation_task() - Task Phishing and Spam Email Campaigns_ben_39 completed: 2 unique samples (0 duplicates filtered) in 9.81s
2025-06-15 19:19:35,682 - cyberdata.scripts.generator - INFO - c:\Users\Tianyu Wang\Documents\Notebooks\cyberdata\src\cyberdata\process\synthetic_generator.py:381 - execute_generation_task() - Executing task Phishing and Spam Email Campaigns_ben_43 (attempt 1): 2 benign samples
2025-06-15 19:19:35,682 - cyberdata.scripts.generator - INFO - c:\Users\Tianyu Wang\Documents\Notebooks\cyberdata\src\cyberdata\process\synthetic_generator.py:627 - generate_parallel() - Task Phishing and Spam Email Campaigns_ben_39 contributed 2 samples
2025-06-15 19:19:37,629 - cyberdata.scripts.generator - INFO - c:\Users\Tianyu Wang\Documents\Notebooks\cyberdata\src\cyberdata\process\synthetic_generator.py:423 - execute_generation_task() - Task Phishing and Spam Email Campaigns_ben_40 completed: 2 unique samples (0 duplicates filtered) in 8.94s
2025-06-15 19:19:37,630 - cyberdata.scripts.generator - INFO - c:\Users\Tianyu Wang\Documents\Notebooks\cyberdata\src\cyberdata\process\synthetic_generator.py:381 - execute_generation_task() - Executing task Phishing and Spam Email Campaigns_ben_44 (attempt 1): 2 benign samples
2025-06-15 19:19:37,630 - cyberdata.scripts.generator - INFO - c:\Users\Tianyu Wang\Documents\Notebooks\cyberdata\src\cyberdata\process\synthetic_generator.py:627 - generate_parallel() - Task Phishing and Spam Email Campaigns_ben_40 contributed 2 samples
2025-06-15 19:19:38,790 - cyberdata.scripts.generator - INFO - c:\Users\Tianyu Wang\Documents\Notebooks\cyberdata\src\cyberdata\process\synthetic_generator.py:423 - execute_generation_task() - Task Phishing and Spam Email Campaigns_ben_42 completed: 2 unique samples (0 duplicates filtered) in 4.88s
2025-06-15 19:19:38,791 - cyberdata.scripts.generator - INFO - c:\Users\Tianyu Wang\Documents\Notebooks\cyberdata\src\cyberdata\process\synthetic_generator.py:381 - execute_generation_task() - Executing task Phishing and Spam Email Campaigns_ben_45 (attempt 1): 2 benign samples
2025-06-15 19:19:38,791 - cyberdata.scripts.generator - INFO - c:\Users\Tianyu Wang\Documents\Notebooks\cyberdata\src\cyberdata\process\synthetic_generator.py:627 - generate_parallel() - Task Phishing and Spam Email Campaigns_ben_42 contributed 2 samples
2025-06-15 19:19:43,019 - cyberdata.scripts.generator - INFO - c:\Users\Tianyu Wang\Documents\Notebooks\cyberdata\src\cyberdata\process\synthetic_generator.py:423 - execute_generation_task() - Task Phishing and Spam Email Campaigns_ben_43 completed: 2 unique samples (0 duplicates filtered) in 7.34s
2025-06-15 19:19:43,021 - cyberdata.scripts.generator - INFO - c:\Users\Tianyu Wang\Documents\Notebooks\cyberdata\src\cyberdata\process\synthetic_generator.py:381 - execute_generation_task() - Executing task Phishing and Spam Email Campaigns_ben_46 (attempt 1): 2 benign samples
2025-06-15 19:19:43,021 - cyberdata.scripts.generator - INFO - c:\Users\Tianyu Wang\Documents\Notebooks\cyberdata\src\cyberdata\process\synthetic_generator.py:627 - generate_parallel() - Task Phishing and Spam Email Campaigns_ben_43 contributed 2 samples
2025-06-15 19:19:43,286 - cyberdata.scripts.generator - INFO - c:\Users\Tianyu Wang\Documents\Notebooks\cyberdata\src\cyberdata\process\synthetic_generator.py:423 - execute_generation_task() - Task Phishing and Spam Email Campaigns_ben_41 completed: 2 unique samples (0 duplicates filtered) in 11.02s
2025-06-15 19:19:43,287 - cyberdata.scripts.generator - INFO - c:\Users\Tianyu Wang\Documents\Notebooks\cyberdata\src\cyberdata\process\synthetic_generator.py:381 - execute_generation_task() - Executing task Phishing and Spam Email Campaigns_ben_47 (attempt 1): 2 benign samples
2025-06-15 19:19:43,288 - cyberdata.scripts.generator - INFO - c:\Users\Tianyu Wang\Documents\Notebooks\cyberdata\src\cyberdata\process\synthetic_generator.py:627 - generate_parallel() - Task Phishing and Spam Email Campaigns_ben_41 contributed 2 samples
2025-06-15 19:19:49,952 - cyberdata.scripts.generator - INFO - c:\Users\Tianyu Wang\Documents\Notebooks\cyberdata\src\cyberdata\process\synthetic_generator.py:423 - execute_generation_task() - Task Phishing and Spam Email Campaigns_ben_45 completed: 2 unique samples (0 duplicates filtered) in 11.16s
2025-06-15 19:19:49,954 - cyberdata.scripts.generator - INFO - c:\Users\Tianyu Wang\Documents\Notebooks\cyberdata\src\cyberdata\process\synthetic_generator.py:381 - execute_generation_task() - Executing task Phishing and Spam Email Campaigns_ben_48 (attempt 1): 2 benign samples
2025-06-15 19:19:49,954 - cyberdata.scripts.generator - INFO - c:\Users\Tianyu Wang\Documents\Notebooks\cyberdata\src\cyberdata\process\synthetic_generator.py:627 - generate_parallel() - Task Phishing and Spam Email Campaigns_ben_45 contributed 2 samples
2025-06-15 19:19:51,350 - cyberdata.scripts.generator - INFO - c:\Users\Tianyu Wang\Documents\Notebooks\cyberdata\src\cyberdata\process\synthetic_generator.py:423 - execute_generation_task() - Task Phishing and Spam Email Campaigns_ben_46 completed: 2 unique samples (0 duplicates filtered) in 8.33s
2025-06-15 19:19:51,351 - cyberdata.scripts.generator - INFO - c:\Users\Tianyu Wang\Documents\Notebooks\cyberdata\src\cyberdata\process\synthetic_generator.py:381 - execute_generation_task() - Executing task Phishing and Spam Email Campaigns_ben_49 (attempt 1): 2 benign samples
2025-06-15 19:19:51,351 - cyberdata.scripts.generator - INFO - c:\Users\Tianyu Wang\Documents\Notebooks\cyberdata\src\cyberdata\process\synthetic_generator.py:627 - generate_parallel() - Task Phishing and Spam Email Campaigns_ben_46 contributed 2 samples
2025-06-15 19:19:53,121 - cyberdata.scripts.generator - INFO - c:\Users\Tianyu Wang\Documents\Notebooks\cyberdata\src\cyberdata\process\synthetic_generator.py:423 - execute_generation_task() - Task Phishing and Spam Email Campaigns_ben_47 completed: 2 unique samples (0 duplicates filtered) in 9.83s
2025-06-15 19:19:53,123 - cyberdata.scripts.generator - INFO - c:\Users\Tianyu Wang\Documents\Notebooks\cyberdata\src\cyberdata\process\synthetic_generator.py:627 - generate_parallel() - Task Phishing and Spam Email Campaigns_ben_47 contributed 2 samples
2025-06-15 19:19:55,114 - cyberdata.scripts.generator - INFO - c:\Users\Tianyu Wang\Documents\Notebooks\cyberdata\src\cyberdata\process\synthetic_generator.py:423 - execute_generation_task() - Task Phishing and Spam Email Campaigns_ben_44 completed: 2 unique samples (0 duplicates filtered) in 17.48s
2025-06-15 19:19:55,115 - cyberdata.scripts.generator - INFO - c:\Users\Tianyu Wang\Documents\Notebooks\cyberdata\src\cyberdata\process\synthetic_generator.py:627 - generate_parallel() - Task Phishing and Spam Email Campaigns_ben_44 contributed 2 samples
2025-06-15 19:19:59,563 - cyberdata.scripts.generator - INFO - c:\Users\Tianyu Wang\Documents\Notebooks\cyberdata\src\cyberdata\process\synthetic_generator.py:423 - execute_generation_task() - Task Phishing and Spam Email Campaigns_ben_49 completed: 2 unique samples (0 duplicates filtered) in 8.21s
2025-06-15 19:19:59,565 - cyberdata.scripts.generator - INFO - c:\Users\Tianyu Wang\Documents\Notebooks\cyberdata\src\cyberdata\process\synthetic_generator.py:627 - generate_parallel() - Task Phishing and Spam Email Campaigns_ben_49 contributed 2 samples
2025-06-15 19:20:03,141 - cyberdata.scripts.generator - INFO - c:\Users\Tianyu Wang\Documents\Notebooks\cyberdata\src\cyberdata\process\synthetic_generator.py:423 - execute_generation_task() - Task Phishing and Spam Email Campaigns_ben_48 completed: 2 unique samples (0 duplicates filtered) in 13.19s
2025-06-15 19:20:03,143 - cyberdata.scripts.generator - INFO - c:\Users\Tianyu Wang\Documents\Notebooks\cyberdata\src\cyberdata\process\synthetic_generator.py:627 - generate_parallel() - Task Phishing and Spam Email Campaigns_ben_48 contributed 2 samples
2025-06-15 19:20:03,145 - cyberdata.scripts.generator - INFO - c:\Users\Tianyu Wang\Documents\Notebooks\cyberdata\src\cyberdata\process\synthetic_generator.py:639 - generate_parallel() - Parallel generation completed for Phishing and Spam Email Campaigns: 50 total samples generated in 92.32 seconds
2025-06-15 19:20:03,153 - cyberdata.scripts.generator - INFO - c:\Users\Tianyu Wang\Documents\Notebooks\cyberdata\src\cyberdata\process\synthetic_generator.py:691 - save_samples() - Saved 50 new samples to C:\Users\Tianyu Wang\Documents\Notebooks\cyberdata\data\large_samples\Social_Engineering\Phishing_and_Spam_Email_Campaigns_large.json
2025-06-15 19:20:03,154 - cyberdata.scripts.generator - INFO - c:\Users\Tianyu Wang\Documents\Notebooks\cyberdata\src\cyberdata\process\synthetic_generator.py:692 - save_samples() - Total samples in file: 50
2025-06-15 19:20:03,154 - cyberdata.scripts.generator - INFO - c:\Users\Tianyu Wang\Documents\Notebooks\cyberdata\src\cyberdata\process\synthetic_generator.py:693 - save_samples() - Generation rate: 32.5 samples/minute
2025-06-15 19:20:03,155 - cyberdata.scripts.generator - INFO - c:\Users\Tianyu Wang\Documents\Notebooks\cyberdata\src\cyberdata\process\synthetic_generator.py:782 - main() - Successfully generated 50 samples for Phishing and Spam Email Campaigns
2025-06-15 19:20:03,155 - cyberdata.scripts.generator - INFO - c:\Users\Tianyu Wang\Documents\Notebooks\cyberdata\src\cyberdata\process\synthetic_generator.py:796 - main() - 
============================================================
2025-06-15 19:20:03,155 - cyberdata.scripts.generator - INFO - c:\Users\Tianyu Wang\Documents\Notebooks\cyberdata\src\cyberdata\process\synthetic_generator.py:797 - main() - GENERATION COMPLETED
2025-06-15 19:20:03,156 - cyberdata.scripts.generator - INFO - c:\Users\Tianyu Wang\Documents\Notebooks\cyberdata\src\cyberdata\process\synthetic_generator.py:798 - main() - ============================================================
2025-06-15 19:20:03,156 - cyberdata.scripts.generator - INFO - c:\Users\Tianyu Wang\Documents\Notebooks\cyberdata\src\cyberdata\process\synthetic_generator.py:799 - main() - Problems processed: 2/2
2025-06-15 19:20:03,156 - cyberdata.scripts.generator - INFO - c:\Users\Tianyu Wang\Documents\Notebooks\cyberdata\src\cyberdata\process\synthetic_generator.py:800 - main() - Total samples generated: 150
2025-06-15 19:20:03,157 - cyberdata.scripts.generator - INFO - c:\Users\Tianyu Wang\Documents\Notebooks\cyberdata\src\cyberdata\process\synthetic_generator.py:801 - main() - Total duplicates filtered: 50
2025-06-15 19:20:03,157 - cyberdata.scripts.generator - INFO - c:\Users\Tianyu Wang\Documents\Notebooks\cyberdata\src\cyberdata\process\synthetic_generator.py:802 - main() - Total generation time: 216.34 seconds
2025-06-15 19:20:03,157 - cyberdata.scripts.generator - INFO - c:\Users\Tianyu Wang\Documents\Notebooks\cyberdata\src\cyberdata\process\synthetic_generator.py:806 - main() - Overall generation rate: 41.6 samples/minute
2025-06-15 19:20:03,158 - cyberdata.scripts.generator - INFO - c:\Users\Tianyu Wang\Documents\Notebooks\cyberdata\src\cyberdata\process\synthetic_generator.py:808 - main() - ============================================================
