2025-06-16 16:07:32,427 - cyberdata.scripts.data_mixer - INFO - C:\Users\Tianyu Wang\Documents\Notebooks\cyberdata\src\cyberdata\utils\logger_config.py:62 - setup_logger() - Logger initialized. Logs will be saved to C:\Users\Tianyu Wang\Documents\Notebooks\cyberdata\logs\cyberdata.scripts.data_mixer_20250616_160732.log
2025-06-16 16:07:32,430 - cyberdata.scripts.data_mixer - INFO - C:\Users\Tianyu Wang\Documents\Notebooks\cyberdata\src\cyberdata\process\data_mixer.py:31 - <module>() - Project root: C:\Users\Tianyu Wang\Documents\Notebooks\cyberdata
2025-06-16 16:07:32,430 - cyberdata.scripts.data_mixer - INFO - C:\Users\Tianyu Wang\Documents\Notebooks\cyberdata\src\cyberdata\process\data_mixer.py:32 - <module>() - Raw data directory: C:\Users\Tianyu Wang\Documents\Notebooks\cyberdata\raw
2025-06-16 16:07:32,431 - cyberdata.scripts.data_mixer - INFO - C:\Users\Tianyu Wang\Documents\Notebooks\cyberdata\src\cyberdata\process\data_mixer.py:33 - <module>() - Large samples directory: C:\Users\Tianyu Wang\Documents\Notebooks\cyberdata\data\large_samples
2025-06-16 16:07:32,434 - cyberdata.scripts.data_mixer - INFO - C:\Users\Tianyu Wang\Documents\Notebooks\cyberdata\src\cyberdata\process\data_mixer.py:686 - main() - Starting intelligent data mixing process
2025-06-16 16:07:32,435 - cyberdata.scripts.data_mixer - INFO - C:\Users\Tianyu Wang\Documents\Notebooks\cyberdata\src\cyberdata\process\data_mixer.py:687 - main() - Parameters: raw_samples=100, synthetic_samples=100
2025-06-16 16:07:32,435 - cyberdata.scripts.data_mixer - INFO - C:\Users\Tianyu Wang\Documents\Notebooks\cyberdata\src\cyberdata\process\data_mixer.py:47 - load_raw_data() - Loading raw data from: C:\Users\Tianyu Wang\Documents\Notebooks\cyberdata\raw\five_email_phishing.csv.gz
2025-06-16 16:07:35,706 - cyberdata.scripts.data_mixer - INFO - C:\Users\Tianyu Wang\Documents\Notebooks\cyberdata\src\cyberdata\process\data_mixer.py:59 - load_raw_data() - Loaded 131346 rows with columns: ['subject', 'body', 'label', 'source']
2025-06-16 16:07:35,708 - cyberdata.scripts.data_mixer - INFO - C:\Users\Tianyu Wang\Documents\Notebooks\cyberdata\src\cyberdata\process\data_mixer.py:67 - load_raw_data() - Raw data label distribution: {1: np.int64(67393), 0: np.int64(63953)}
2025-06-16 16:07:35,709 - cyberdata.scripts.data_mixer - INFO - C:\Users\Tianyu Wang\Documents\Notebooks\cyberdata\src\cyberdata\process\data_mixer.py:696 - main() - Raw data schema: ['subject', 'body', 'label', 'source']
2025-06-16 16:07:35,709 - cyberdata.scripts.data_mixer - INFO - C:\Users\Tianyu Wang\Documents\Notebooks\cyberdata\src\cyberdata\process\data_mixer.py:659 - infer_problem_from_raw_file() - Inferred from 'five_email_phishing.csv.gz': area='Social Engineering', nature='phishing'
2025-06-16 16:07:35,709 - cyberdata.scripts.data_mixer - INFO - C:\Users\Tianyu Wang\Documents\Notebooks\cyberdata\src\cyberdata\process\data_mixer.py:704 - main() - Using inferred parameters: area='Social Engineering', nature='phishing'
2025-06-16 16:07:35,710 - cyberdata.scripts.data_mixer - INFO - C:\Users\Tianyu Wang\Documents\Notebooks\cyberdata\src\cyberdata\process\data_mixer.py:515 - find_best_synthetic_file() - Searching for schema-compatible synthetic data files...
2025-06-16 16:07:35,711 - cyberdata.scripts.data_mixer - INFO - C:\Users\Tianyu Wang\Documents\Notebooks\cyberdata\src\cyberdata\process\data_mixer.py:573 - find_best_synthetic_file() - Compatible file found: Social_Engineering\Phishing_and_Spam_Email_Campaigns_large.json
2025-06-16 16:07:35,711 - cyberdata.scripts.data_mixer - INFO - C:\Users\Tianyu Wang\Documents\Notebooks\cyberdata\src\cyberdata\process\data_mixer.py:574 - find_best_synthetic_file() -   Score: 1.200, Coverage: 1.00, Samples: 100
2025-06-16 16:07:35,713 - cyberdata.scripts.data_mixer - INFO - C:\Users\Tianyu Wang\Documents\Notebooks\cyberdata\src\cyberdata\process\data_mixer.py:573 - find_best_synthetic_file() - Compatible file found: Social_Engineering\Phishing_and_Spam_Email_Campaigns_large.json
2025-06-16 16:07:35,714 - cyberdata.scripts.data_mixer - INFO - C:\Users\Tianyu Wang\Documents\Notebooks\cyberdata\src\cyberdata\process\data_mixer.py:574 - find_best_synthetic_file() -   Score: 1.200, Coverage: 1.00, Samples: 100
2025-06-16 16:07:35,715 - cyberdata.scripts.data_mixer - INFO - C:\Users\Tianyu Wang\Documents\Notebooks\cyberdata\src\cyberdata\process\data_mixer.py:588 - find_best_synthetic_file() - Selected best match: Social_Engineering\Phishing_and_Spam_Email_Campaigns_large.json
2025-06-16 16:07:35,715 - cyberdata.scripts.data_mixer - INFO - C:\Users\Tianyu Wang\Documents\Notebooks\cyberdata\src\cyberdata\process\data_mixer.py:589 - find_best_synthetic_file() -   Final score: 1.200
2025-06-16 16:07:35,716 - cyberdata.scripts.data_mixer - INFO - C:\Users\Tianyu Wang\Documents\Notebooks\cyberdata\src\cyberdata\process\data_mixer.py:590 - find_best_synthetic_file() -   Schema coverage: 100.0%
2025-06-16 16:07:35,716 - cyberdata.scripts.data_mixer - INFO - C:\Users\Tianyu Wang\Documents\Notebooks\cyberdata\src\cyberdata\process\data_mixer.py:591 - find_best_synthetic_file() -   Sample count: 100
2025-06-16 16:07:35,717 - cyberdata.scripts.data_mixer - INFO - C:\Users\Tianyu Wang\Documents\Notebooks\cyberdata\src\cyberdata\process\data_mixer.py:592 - find_best_synthetic_file() -   Common columns: 4
2025-06-16 16:07:35,717 - cyberdata.scripts.data_mixer - INFO - C:\Users\Tianyu Wang\Documents\Notebooks\cyberdata\src\cyberdata\process\data_mixer.py:593 - find_best_synthetic_file() -   Extra columns: 0
2025-06-16 16:07:35,717 - cyberdata.scripts.data_mixer - INFO - C:\Users\Tianyu Wang\Documents\Notebooks\cyberdata\src\cyberdata\process\data_mixer.py:597 - find_best_synthetic_file() - Other compatible options:
2025-06-16 16:07:35,717 - cyberdata.scripts.data_mixer - INFO - C:\Users\Tianyu Wang\Documents\Notebooks\cyberdata\src\cyberdata\process\data_mixer.py:599 - find_best_synthetic_file() -   - Phishing_and_Spam_Email_Campaigns_large.json (score: 1.200)
2025-06-16 16:07:35,718 - cyberdata.scripts.data_mixer - INFO - C:\Users\Tianyu Wang\Documents\Notebooks\cyberdata\src\cyberdata\process\data_mixer.py:744 - main() - Selected synthetic file: Social_Engineering\Phishing_and_Spam_Email_Campaigns_large.json
2025-06-16 16:07:35,718 - cyberdata.scripts.data_mixer - INFO - C:\Users\Tianyu Wang\Documents\Notebooks\cyberdata\src\cyberdata\process\data_mixer.py:86 - load_synthetic_data() - Loading synthetic data from: C:\Users\Tianyu Wang\Documents\Notebooks\cyberdata\data\large_samples\Social_Engineering\Phishing_and_Spam_Email_Campaigns_large.json
2025-06-16 16:07:35,720 - cyberdata.scripts.data_mixer - INFO - C:\Users\Tianyu Wang\Documents\Notebooks\cyberdata\src\cyberdata\process\data_mixer.py:103 - load_synthetic_data() - Loaded 100 synthetic samples with columns: ['subject', 'body', 'label', 'source']
2025-06-16 16:07:35,720 - cyberdata.scripts.data_mixer - INFO - C:\Users\Tianyu Wang\Documents\Notebooks\cyberdata\src\cyberdata\process\data_mixer.py:114 - load_synthetic_data() - Found potential label columns: ['label']
2025-06-16 16:07:35,720 - cyberdata.scripts.data_mixer - INFO - C:\Users\Tianyu Wang\Documents\Notebooks\cyberdata\src\cyberdata\process\data_mixer.py:748 - main() - Synthetic data schema: ['subject', 'body', 'label', 'source']
2025-06-16 16:07:35,721 - cyberdata.scripts.data_mixer - INFO - C:\Users\Tianyu Wang\Documents\Notebooks\cyberdata\src\cyberdata\process\data_mixer.py:756 - main() - Schema compatibility: 100.0% coverage (4/4 columns)
2025-06-16 16:07:35,721 - cyberdata.scripts.data_mixer - INFO - C:\Users\Tianyu Wang\Documents\Notebooks\cyberdata\src\cyberdata\process\data_mixer.py:139 - stratified_sample_raw() - Performing stratified sampling on raw data: 100 total samples
2025-06-16 16:07:35,722 - cyberdata.scripts.data_mixer - INFO - C:\Users\Tianyu Wang\Documents\Notebooks\cyberdata\src\cyberdata\process\data_mixer.py:145 - stratified_sample_raw() - Available labels: {1: np.int64(67393), 0: np.int64(63953)}
2025-06-16 16:07:35,723 - cyberdata.scripts.data_mixer - INFO - C:\Users\Tianyu Wang\Documents\Notebooks\cyberdata\src\cyberdata\process\data_mixer.py:188 - stratified_sample_raw() - Target samples per label: {1: 52, 0: 48}
2025-06-16 16:07:35,723 - cyberdata.scripts.data_mixer - INFO - C:\Users\Tianyu Wang\Documents\Notebooks\cyberdata\src\cyberdata\process\data_mixer.py:190 - stratified_sample_raw() - Final distribution plan: {1: 52, 0: 48} (total: 100/100)
2025-06-16 16:07:35,738 - cyberdata.scripts.data_mixer - INFO - C:\Users\Tianyu Wang\Documents\Notebooks\cyberdata\src\cyberdata\process\data_mixer.py:212 - stratified_sample_raw() - Stratified sampling completed: 100 samples extracted
2025-06-16 16:07:35,739 - cyberdata.scripts.data_mixer - INFO - C:\Users\Tianyu Wang\Documents\Notebooks\cyberdata\src\cyberdata\process\data_mixer.py:214 - stratified_sample_raw() - Final raw sample distribution: {1: np.int64(52), 0: np.int64(48)}
2025-06-16 16:07:35,742 - cyberdata.scripts.data_mixer - INFO - C:\Users\Tianyu Wang\Documents\Notebooks\cyberdata\src\cyberdata\process\data_mixer.py:233 - sample_synthetic_data() - Sampling synthetic data: 100 samples
2025-06-16 16:07:35,742 - cyberdata.scripts.data_mixer - INFO - C:\Users\Tianyu Wang\Documents\Notebooks\cyberdata\src\cyberdata\process\data_mixer.py:236 - sample_synthetic_data() - Synthetic data has 100 samples, using all
2025-06-16 16:07:35,743 - cyberdata.scripts.data_mixer - INFO - C:\Users\Tianyu Wang\Documents\Notebooks\cyberdata\src\cyberdata\process\data_mixer.py:357 - create_mixed_dataset() - Creating mixed dataset with synthetic marker
2025-06-16 16:07:35,744 - cyberdata.scripts.data_mixer - INFO - C:\Users\Tianyu Wang\Documents\Notebooks\cyberdata\src\cyberdata\process\data_mixer.py:301 - align_schemas() - Aligning schemas between raw and synthetic data
2025-06-16 16:07:35,744 - cyberdata.scripts.data_mixer - INFO - C:\Users\Tianyu Wang\Documents\Notebooks\cyberdata\src\cyberdata\process\data_mixer.py:306 - align_schemas() - Raw data columns: ['body', 'label', 'source', 'subject']
2025-06-16 16:07:35,744 - cyberdata.scripts.data_mixer - INFO - C:\Users\Tianyu Wang\Documents\Notebooks\cyberdata\src\cyberdata\process\data_mixer.py:307 - align_schemas() - Synthetic data columns: ['body', 'label', 'source', 'subject']
2025-06-16 16:07:35,745 - cyberdata.scripts.data_mixer - INFO - C:\Users\Tianyu Wang\Documents\Notebooks\cyberdata\src\cyberdata\process\data_mixer.py:314 - align_schemas() - Common columns: ['body', 'label', 'source', 'subject']
2025-06-16 16:07:35,746 - cyberdata.scripts.data_mixer - INFO - C:\Users\Tianyu Wang\Documents\Notebooks\cyberdata\src\cyberdata\process\data_mixer.py:340 - align_schemas() - Schema alignment completed. Final columns: ['body', 'label', 'source', 'subject']
2025-06-16 16:07:35,748 - cyberdata.scripts.data_mixer - INFO - C:\Users\Tianyu Wang\Documents\Notebooks\cyberdata\src\cyberdata\process\data_mixer.py:372 - create_mixed_dataset() - Mixed dataset created: 200 total samples
2025-06-16 16:07:35,748 - cyberdata.scripts.data_mixer - INFO - C:\Users\Tianyu Wang\Documents\Notebooks\cyberdata\src\cyberdata\process\data_mixer.py:373 - create_mixed_dataset() - Real samples: 100, Synthetic samples: 100
2025-06-16 16:07:35,749 - cyberdata.scripts.data_mixer - INFO - C:\Users\Tianyu Wang\Documents\Notebooks\cyberdata\src\cyberdata\process\data_mixer.py:377 - create_mixed_dataset() - Synthetic marker distribution: {0: np.int64(100), 1: np.int64(100)}
2025-06-16 16:07:35,750 - cyberdata.scripts.data_mixer - INFO - C:\Users\Tianyu Wang\Documents\Notebooks\cyberdata\src\cyberdata\process\data_mixer.py:395 - save_mixed_dataset() - Saving mixed dataset to: C:\Users\Tianyu Wang\Documents\Notebooks\cyberdata\data\mixed\mixed_five_email_phishing_Phishing_and_Spam_Email_Campaigns_100+100.csv
2025-06-16 16:07:35,758 - cyberdata.scripts.data_mixer - INFO - C:\Users\Tianyu Wang\Documents\Notebooks\cyberdata\src\cyberdata\process\data_mixer.py:417 - save_mixed_dataset() - Saved mixed dataset as CSV: C:\Users\Tianyu Wang\Documents\Notebooks\cyberdata\data\mixed\mixed_five_email_phishing_Phishing_and_Spam_Email_Campaigns_100+100.csv
2025-06-16 16:07:35,759 - cyberdata.scripts.data_mixer - INFO - C:\Users\Tianyu Wang\Documents\Notebooks\cyberdata\src\cyberdata\process\data_mixer.py:423 - save_mixed_dataset() - Saved metadata: C:\Users\Tianyu Wang\Documents\Notebooks\cyberdata\data\mixed\mixed_five_email_phishing_Phishing_and_Spam_Email_Campaigns_100+100.metadata.json
2025-06-16 16:07:35,760 - cyberdata.scripts.data_mixer - INFO - C:\Users\Tianyu Wang\Documents\Notebooks\cyberdata\src\cyberdata\process\data_mixer.py:437 - save_mixed_dataset() - ==================================================
2025-06-16 16:07:35,760 - cyberdata.scripts.data_mixer - INFO - C:\Users\Tianyu Wang\Documents\Notebooks\cyberdata\src\cyberdata\process\data_mixer.py:438 - save_mixed_dataset() - MIXED DATASET SUMMARY
2025-06-16 16:07:35,760 - cyberdata.scripts.data_mixer - INFO - C:\Users\Tianyu Wang\Documents\Notebooks\cyberdata\src\cyberdata\process\data_mixer.py:439 - save_mixed_dataset() - ==================================================
2025-06-16 16:07:35,761 - cyberdata.scripts.data_mixer - INFO - C:\Users\Tianyu Wang\Documents\Notebooks\cyberdata\src\cyberdata\process\data_mixer.py:440 - save_mixed_dataset() - Total samples: 200
2025-06-16 16:07:35,761 - cyberdata.scripts.data_mixer - INFO - C:\Users\Tianyu Wang\Documents\Notebooks\cyberdata\src\cyberdata\process\data_mixer.py:441 - save_mixed_dataset() - Real samples: 100 (50.0%)
2025-06-16 16:07:35,761 - cyberdata.scripts.data_mixer - INFO - C:\Users\Tianyu Wang\Documents\Notebooks\cyberdata\src\cyberdata\process\data_mixer.py:442 - save_mixed_dataset() - Synthetic samples: 100 (50.0%)
2025-06-16 16:07:35,762 - cyberdata.scripts.data_mixer - INFO - C:\Users\Tianyu Wang\Documents\Notebooks\cyberdata\src\cyberdata\process\data_mixer.py:443 - save_mixed_dataset() - Columns: 5
2025-06-16 16:07:35,762 - cyberdata.scripts.data_mixer - INFO - C:\Users\Tianyu Wang\Documents\Notebooks\cyberdata\src\cyberdata\process\data_mixer.py:444 - save_mixed_dataset() - Output file: C:\Users\Tianyu Wang\Documents\Notebooks\cyberdata\data\mixed\mixed_five_email_phishing_Phishing_and_Spam_Email_Campaigns_100+100.csv
2025-06-16 16:07:35,762 - cyberdata.scripts.data_mixer - INFO - C:\Users\Tianyu Wang\Documents\Notebooks\cyberdata\src\cyberdata\process\data_mixer.py:445 - save_mixed_dataset() - ==================================================
2025-06-16 16:07:35,763 - cyberdata.scripts.data_mixer - INFO - C:\Users\Tianyu Wang\Documents\Notebooks\cyberdata\src\cyberdata\process\data_mixer.py:790 - main() - Data mixing completed successfully!
2025-06-16 16:07:35,763 - cyberdata.scripts.data_mixer - INFO - C:\Users\Tianyu Wang\Documents\Notebooks\cyberdata\src\cyberdata\process\data_mixer.py:791 - main() - Final dataset: 200 samples with 5 columns
2025-06-16 16:07:35,763 - cyberdata.scripts.data_mixer - INFO - C:\Users\Tianyu Wang\Documents\Notebooks\cyberdata\src\cyberdata\process\data_mixer.py:792 - main() - Schema coverage: 100.0%
