2025-06-16 15:41:11,802 - cyberdata.scripts.generator - INFO - C:\Users\Tianyu Wang\Documents\Notebooks\cyberdata\src\cyberdata\utils\logger_config.py:62 - setup_logger() - Logger initialized. Logs will be saved to C:\Users\Tianyu Wang\Documents\Notebooks\cyberdata\logs\cyberdata.scripts.generator_20250616_154111.log
2025-06-16 15:41:11,826 - cyberdata.scripts.generator - INFO - c:\Users\Tianyu Wang\Documents\Notebooks\cyberdata\src\cyberdata\process\synthetic_generator.py:198 - __init__() - Generator initialized: 4 workers, batch size 2, defaults: 100 samples, 0.5 malicious ratio
2025-06-16 15:41:11,826 - cyberdata.scripts.generator - INFO - c:\Users\Tianyu Wang\Documents\Notebooks\cyberdata\src\cyberdata\process\synthetic_generator.py:992 - main() - Starting generation: count=100, malicious_ratio=0.5
2025-06-16 15:41:11,826 - cyberdata.scripts.generator - INFO - c:\Users\Tianyu Wang\Documents\Notebooks\cyberdata\src\cyberdata\process\synthetic_generator.py:1003 - main() - Target distribution: 50 malicious, 50 benign
2025-06-16 15:41:11,837 - cyberdata.scripts.generator - INFO - c:\Users\Tianyu Wang\Documents\Notebooks\cyberdata\src\cyberdata\process\synthetic_generator.py:1015 - main() - Processing 2 problems
2025-06-16 15:41:11,837 - cyberdata.scripts.generator - INFO - c:\Users\Tianyu Wang\Documents\Notebooks\cyberdata\src\cyberdata\process\synthetic_generator.py:1032 - main() - 
============================================================
2025-06-16 15:41:11,837 - cyberdata.scripts.generator - INFO - c:\Users\Tianyu Wang\Documents\Notebooks\cyberdata\src\cyberdata\process\synthetic_generator.py:1033 - main() - Processing problem 1/2: Social Engineering/phishing
2025-06-16 15:41:11,837 - cyberdata.scripts.generator - INFO - c:\Users\Tianyu Wang\Documents\Notebooks\cyberdata\src\cyberdata\process\synthetic_generator.py:1034 - main() - ============================================================
2025-06-16 15:41:11,838 - cyberdata.scripts.generator - INFO - c:\Users\Tianyu Wang\Documents\Notebooks\cyberdata\src\cyberdata\process\synthetic_generator.py:809 - generate_parallel() - Starting parallel generation for phishing: 50 malicious, 50 benign
2025-06-16 15:41:11,838 - cyberdata.scripts.generator - INFO - c:\Users\Tianyu Wang\Documents\Notebooks\cyberdata\src\cyberdata\process\synthetic_generator.py:405 - create_generation_tasks() - Created 50 generation tasks for phishing (real-world: False)
2025-06-16 15:41:11,839 - cyberdata.scripts.generator - INFO - c:\Users\Tianyu Wang\Documents\Notebooks\cyberdata\src\cyberdata\process\synthetic_generator.py:418 - execute_generation_task() - Executing task phishing_mal_0 (attempt 1): 2 malicious samples (schema-aware: False)
2025-06-16 15:41:11,840 - cyberdata.scripts.generator - INFO - c:\Users\Tianyu Wang\Documents\Notebooks\cyberdata\src\cyberdata\process\synthetic_generator.py:418 - execute_generation_task() - Executing task phishing_mal_1 (attempt 1): 2 malicious samples (schema-aware: False)
2025-06-16 15:41:11,841 - cyberdata.scripts.generator - INFO - c:\Users\Tianyu Wang\Documents\Notebooks\cyberdata\src\cyberdata\process\synthetic_generator.py:418 - execute_generation_task() - Executing task phishing_mal_2 (attempt 1): 2 malicious samples (schema-aware: False)
2025-06-16 15:41:11,842 - cyberdata.scripts.generator - INFO - c:\Users\Tianyu Wang\Documents\Notebooks\cyberdata\src\cyberdata\process\synthetic_generator.py:418 - execute_generation_task() - Executing task phishing_mal_3 (attempt 1): 2 malicious samples (schema-aware: False)
2025-06-16 15:41:16,834 - cyberdata.scripts.generator - INFO - c:\Users\Tianyu Wang\Documents\Notebooks\cyberdata\src\cyberdata\process\synthetic_generator.py:464 - execute_generation_task() - Task phishing_mal_1 completed: 2 unique samples (0 duplicates filtered) in 4.99s
2025-06-16 15:41:16,835 - cyberdata.scripts.generator - INFO - c:\Users\Tianyu Wang\Documents\Notebooks\cyberdata\src\cyberdata\process\synthetic_generator.py:418 - execute_generation_task() - Executing task phishing_mal_4 (attempt 1): 2 malicious samples (schema-aware: False)
2025-06-16 15:41:16,835 - cyberdata.scripts.generator - INFO - c:\Users\Tianyu Wang\Documents\Notebooks\cyberdata\src\cyberdata\process\synthetic_generator.py:841 - generate_parallel() - Task phishing_mal_1 contributed 2 samples
2025-06-16 15:41:17,530 - cyberdata.scripts.generator - INFO - c:\Users\Tianyu Wang\Documents\Notebooks\cyberdata\src\cyberdata\process\synthetic_generator.py:464 - execute_generation_task() - Task phishing_mal_0 completed: 2 unique samples (0 duplicates filtered) in 5.69s
2025-06-16 15:41:17,531 - cyberdata.scripts.generator - INFO - c:\Users\Tianyu Wang\Documents\Notebooks\cyberdata\src\cyberdata\process\synthetic_generator.py:418 - execute_generation_task() - Executing task phishing_mal_5 (attempt 1): 2 malicious samples (schema-aware: False)
2025-06-16 15:41:17,531 - cyberdata.scripts.generator - INFO - c:\Users\Tianyu Wang\Documents\Notebooks\cyberdata\src\cyberdata\process\synthetic_generator.py:841 - generate_parallel() - Task phishing_mal_0 contributed 2 samples
2025-06-16 15:41:17,768 - cyberdata.scripts.generator - INFO - c:\Users\Tianyu Wang\Documents\Notebooks\cyberdata\src\cyberdata\process\synthetic_generator.py:464 - execute_generation_task() - Task phishing_mal_2 completed: 2 unique samples (0 duplicates filtered) in 5.93s
2025-06-16 15:41:17,769 - cyberdata.scripts.generator - INFO - c:\Users\Tianyu Wang\Documents\Notebooks\cyberdata\src\cyberdata\process\synthetic_generator.py:418 - execute_generation_task() - Executing task phishing_mal_6 (attempt 1): 2 malicious samples (schema-aware: False)
2025-06-16 15:41:17,769 - cyberdata.scripts.generator - INFO - c:\Users\Tianyu Wang\Documents\Notebooks\cyberdata\src\cyberdata\process\synthetic_generator.py:841 - generate_parallel() - Task phishing_mal_2 contributed 2 samples
2025-06-16 15:41:17,836 - cyberdata.scripts.generator - INFO - c:\Users\Tianyu Wang\Documents\Notebooks\cyberdata\src\cyberdata\process\synthetic_generator.py:464 - execute_generation_task() - Task phishing_mal_3 completed: 2 unique samples (0 duplicates filtered) in 5.99s
2025-06-16 15:41:17,836 - cyberdata.scripts.generator - INFO - c:\Users\Tianyu Wang\Documents\Notebooks\cyberdata\src\cyberdata\process\synthetic_generator.py:418 - execute_generation_task() - Executing task phishing_mal_7 (attempt 1): 2 malicious samples (schema-aware: False)
2025-06-16 15:41:17,836 - cyberdata.scripts.generator - INFO - c:\Users\Tianyu Wang\Documents\Notebooks\cyberdata\src\cyberdata\process\synthetic_generator.py:841 - generate_parallel() - Task phishing_mal_3 contributed 2 samples
2025-06-16 15:41:22,235 - cyberdata.scripts.generator - INFO - c:\Users\Tianyu Wang\Documents\Notebooks\cyberdata\src\cyberdata\process\synthetic_generator.py:464 - execute_generation_task() - Task phishing_mal_4 completed: 2 unique samples (0 duplicates filtered) in 5.40s
2025-06-16 15:41:22,236 - cyberdata.scripts.generator - INFO - c:\Users\Tianyu Wang\Documents\Notebooks\cyberdata\src\cyberdata\process\synthetic_generator.py:418 - execute_generation_task() - Executing task phishing_mal_8 (attempt 1): 2 malicious samples (schema-aware: False)
2025-06-16 15:41:22,236 - cyberdata.scripts.generator - INFO - c:\Users\Tianyu Wang\Documents\Notebooks\cyberdata\src\cyberdata\process\synthetic_generator.py:841 - generate_parallel() - Task phishing_mal_4 contributed 2 samples
2025-06-16 15:41:23,484 - cyberdata.scripts.generator - INFO - c:\Users\Tianyu Wang\Documents\Notebooks\cyberdata\src\cyberdata\process\synthetic_generator.py:464 - execute_generation_task() - Task phishing_mal_7 completed: 2 unique samples (0 duplicates filtered) in 5.65s
2025-06-16 15:41:23,485 - cyberdata.scripts.generator - INFO - c:\Users\Tianyu Wang\Documents\Notebooks\cyberdata\src\cyberdata\process\synthetic_generator.py:418 - execute_generation_task() - Executing task phishing_mal_9 (attempt 1): 2 malicious samples (schema-aware: False)
2025-06-16 15:41:23,485 - cyberdata.scripts.generator - INFO - c:\Users\Tianyu Wang\Documents\Notebooks\cyberdata\src\cyberdata\process\synthetic_generator.py:841 - generate_parallel() - Task phishing_mal_7 contributed 2 samples
2025-06-16 15:41:23,804 - cyberdata.scripts.generator - INFO - c:\Users\Tianyu Wang\Documents\Notebooks\cyberdata\src\cyberdata\process\synthetic_generator.py:464 - execute_generation_task() - Task phishing_mal_5 completed: 2 unique samples (0 duplicates filtered) in 6.27s
2025-06-16 15:41:23,805 - cyberdata.scripts.generator - INFO - c:\Users\Tianyu Wang\Documents\Notebooks\cyberdata\src\cyberdata\process\synthetic_generator.py:418 - execute_generation_task() - Executing task phishing_mal_10 (attempt 1): 2 malicious samples (schema-aware: False)
2025-06-16 15:41:23,805 - cyberdata.scripts.generator - INFO - c:\Users\Tianyu Wang\Documents\Notebooks\cyberdata\src\cyberdata\process\synthetic_generator.py:841 - generate_parallel() - Task phishing_mal_5 contributed 2 samples
2025-06-16 15:41:26,080 - cyberdata.scripts.generator - INFO - c:\Users\Tianyu Wang\Documents\Notebooks\cyberdata\src\cyberdata\process\synthetic_generator.py:464 - execute_generation_task() - Task phishing_mal_6 completed: 2 unique samples (0 duplicates filtered) in 8.31s
2025-06-16 15:41:26,080 - cyberdata.scripts.generator - INFO - c:\Users\Tianyu Wang\Documents\Notebooks\cyberdata\src\cyberdata\process\synthetic_generator.py:418 - execute_generation_task() - Executing task phishing_mal_11 (attempt 1): 2 malicious samples (schema-aware: False)
2025-06-16 15:41:26,080 - cyberdata.scripts.generator - INFO - c:\Users\Tianyu Wang\Documents\Notebooks\cyberdata\src\cyberdata\process\synthetic_generator.py:841 - generate_parallel() - Task phishing_mal_6 contributed 2 samples
2025-06-16 15:41:30,166 - cyberdata.scripts.generator - INFO - c:\Users\Tianyu Wang\Documents\Notebooks\cyberdata\src\cyberdata\process\synthetic_generator.py:464 - execute_generation_task() - Task phishing_mal_8 completed: 2 unique samples (0 duplicates filtered) in 7.93s
2025-06-16 15:41:30,166 - cyberdata.scripts.generator - INFO - c:\Users\Tianyu Wang\Documents\Notebooks\cyberdata\src\cyberdata\process\synthetic_generator.py:418 - execute_generation_task() - Executing task phishing_mal_12 (attempt 1): 2 malicious samples (schema-aware: False)
2025-06-16 15:41:30,166 - cyberdata.scripts.generator - INFO - c:\Users\Tianyu Wang\Documents\Notebooks\cyberdata\src\cyberdata\process\synthetic_generator.py:841 - generate_parallel() - Task phishing_mal_8 contributed 2 samples
2025-06-16 15:41:30,762 - cyberdata.scripts.generator - INFO - c:\Users\Tianyu Wang\Documents\Notebooks\cyberdata\src\cyberdata\process\synthetic_generator.py:464 - execute_generation_task() - Task phishing_mal_9 completed: 2 unique samples (0 duplicates filtered) in 7.28s
2025-06-16 15:41:30,764 - cyberdata.scripts.generator - INFO - c:\Users\Tianyu Wang\Documents\Notebooks\cyberdata\src\cyberdata\process\synthetic_generator.py:418 - execute_generation_task() - Executing task phishing_mal_13 (attempt 1): 2 malicious samples (schema-aware: False)
2025-06-16 15:41:30,764 - cyberdata.scripts.generator - INFO - c:\Users\Tianyu Wang\Documents\Notebooks\cyberdata\src\cyberdata\process\synthetic_generator.py:841 - generate_parallel() - Task phishing_mal_9 contributed 2 samples
2025-06-16 15:41:31,618 - cyberdata.scripts.generator - INFO - c:\Users\Tianyu Wang\Documents\Notebooks\cyberdata\src\cyberdata\process\synthetic_generator.py:464 - execute_generation_task() - Task phishing_mal_10 completed: 2 unique samples (0 duplicates filtered) in 7.81s
2025-06-16 15:41:31,618 - cyberdata.scripts.generator - INFO - c:\Users\Tianyu Wang\Documents\Notebooks\cyberdata\src\cyberdata\process\synthetic_generator.py:418 - execute_generation_task() - Executing task phishing_mal_14 (attempt 1): 2 malicious samples (schema-aware: False)
2025-06-16 15:41:31,618 - cyberdata.scripts.generator - INFO - c:\Users\Tianyu Wang\Documents\Notebooks\cyberdata\src\cyberdata\process\synthetic_generator.py:841 - generate_parallel() - Task phishing_mal_10 contributed 2 samples
2025-06-16 15:41:32,214 - cyberdata.scripts.generator - INFO - c:\Users\Tianyu Wang\Documents\Notebooks\cyberdata\src\cyberdata\process\synthetic_generator.py:464 - execute_generation_task() - Task phishing_mal_11 completed: 2 unique samples (0 duplicates filtered) in 6.13s
2025-06-16 15:41:32,214 - cyberdata.scripts.generator - INFO - c:\Users\Tianyu Wang\Documents\Notebooks\cyberdata\src\cyberdata\process\synthetic_generator.py:418 - execute_generation_task() - Executing task phishing_mal_15 (attempt 1): 2 malicious samples (schema-aware: False)
2025-06-16 15:41:32,214 - cyberdata.scripts.generator - INFO - c:\Users\Tianyu Wang\Documents\Notebooks\cyberdata\src\cyberdata\process\synthetic_generator.py:841 - generate_parallel() - Task phishing_mal_11 contributed 2 samples
2025-06-16 15:41:35,123 - cyberdata.scripts.generator - INFO - c:\Users\Tianyu Wang\Documents\Notebooks\cyberdata\src\cyberdata\process\synthetic_generator.py:464 - execute_generation_task() - Task phishing_mal_13 completed: 2 unique samples (0 duplicates filtered) in 4.36s
2025-06-16 15:41:35,124 - cyberdata.scripts.generator - INFO - c:\Users\Tianyu Wang\Documents\Notebooks\cyberdata\src\cyberdata\process\synthetic_generator.py:418 - execute_generation_task() - Executing task phishing_mal_16 (attempt 1): 2 malicious samples (schema-aware: False)
2025-06-16 15:41:35,125 - cyberdata.scripts.generator - INFO - c:\Users\Tianyu Wang\Documents\Notebooks\cyberdata\src\cyberdata\process\synthetic_generator.py:841 - generate_parallel() - Task phishing_mal_13 contributed 2 samples
2025-06-16 15:41:35,676 - cyberdata.scripts.generator - INFO - c:\Users\Tianyu Wang\Documents\Notebooks\cyberdata\src\cyberdata\process\synthetic_generator.py:464 - execute_generation_task() - Task phishing_mal_14 completed: 2 unique samples (0 duplicates filtered) in 4.06s
2025-06-16 15:41:35,678 - cyberdata.scripts.generator - INFO - c:\Users\Tianyu Wang\Documents\Notebooks\cyberdata\src\cyberdata\process\synthetic_generator.py:418 - execute_generation_task() - Executing task phishing_mal_17 (attempt 1): 2 malicious samples (schema-aware: False)
2025-06-16 15:41:35,678 - cyberdata.scripts.generator - INFO - c:\Users\Tianyu Wang\Documents\Notebooks\cyberdata\src\cyberdata\process\synthetic_generator.py:841 - generate_parallel() - Task phishing_mal_14 contributed 2 samples
2025-06-16 15:41:36,270 - cyberdata.scripts.generator - INFO - c:\Users\Tianyu Wang\Documents\Notebooks\cyberdata\src\cyberdata\process\synthetic_generator.py:464 - execute_generation_task() - Task phishing_mal_12 completed: 2 unique samples (0 duplicates filtered) in 6.10s
2025-06-16 15:41:36,271 - cyberdata.scripts.generator - INFO - c:\Users\Tianyu Wang\Documents\Notebooks\cyberdata\src\cyberdata\process\synthetic_generator.py:418 - execute_generation_task() - Executing task phishing_mal_18 (attempt 1): 2 malicious samples (schema-aware: False)
2025-06-16 15:41:36,272 - cyberdata.scripts.generator - INFO - c:\Users\Tianyu Wang\Documents\Notebooks\cyberdata\src\cyberdata\process\synthetic_generator.py:841 - generate_parallel() - Task phishing_mal_12 contributed 2 samples
2025-06-16 15:41:38,171 - cyberdata.scripts.generator - INFO - c:\Users\Tianyu Wang\Documents\Notebooks\cyberdata\src\cyberdata\process\synthetic_generator.py:464 - execute_generation_task() - Task phishing_mal_15 completed: 2 unique samples (0 duplicates filtered) in 5.96s
2025-06-16 15:41:38,172 - cyberdata.scripts.generator - INFO - c:\Users\Tianyu Wang\Documents\Notebooks\cyberdata\src\cyberdata\process\synthetic_generator.py:418 - execute_generation_task() - Executing task phishing_mal_19 (attempt 1): 2 malicious samples (schema-aware: False)
2025-06-16 15:41:38,172 - cyberdata.scripts.generator - INFO - c:\Users\Tianyu Wang\Documents\Notebooks\cyberdata\src\cyberdata\process\synthetic_generator.py:841 - generate_parallel() - Task phishing_mal_15 contributed 2 samples
2025-06-16 15:41:39,725 - cyberdata.scripts.generator - INFO - c:\Users\Tianyu Wang\Documents\Notebooks\cyberdata\src\cyberdata\process\synthetic_generator.py:464 - execute_generation_task() - Task phishing_mal_16 completed: 2 unique samples (0 duplicates filtered) in 4.60s
2025-06-16 15:41:39,726 - cyberdata.scripts.generator - INFO - c:\Users\Tianyu Wang\Documents\Notebooks\cyberdata\src\cyberdata\process\synthetic_generator.py:418 - execute_generation_task() - Executing task phishing_mal_20 (attempt 1): 2 malicious samples (schema-aware: False)
2025-06-16 15:41:39,726 - cyberdata.scripts.generator - INFO - c:\Users\Tianyu Wang\Documents\Notebooks\cyberdata\src\cyberdata\process\synthetic_generator.py:841 - generate_parallel() - Task phishing_mal_16 contributed 2 samples
2025-06-16 15:41:42,463 - cyberdata.scripts.generator - INFO - c:\Users\Tianyu Wang\Documents\Notebooks\cyberdata\src\cyberdata\process\synthetic_generator.py:464 - execute_generation_task() - Task phishing_mal_17 completed: 2 unique samples (0 duplicates filtered) in 6.79s
2025-06-16 15:41:42,464 - cyberdata.scripts.generator - INFO - c:\Users\Tianyu Wang\Documents\Notebooks\cyberdata\src\cyberdata\process\synthetic_generator.py:418 - execute_generation_task() - Executing task phishing_mal_21 (attempt 1): 2 malicious samples (schema-aware: False)
2025-06-16 15:41:42,464 - cyberdata.scripts.generator - INFO - c:\Users\Tianyu Wang\Documents\Notebooks\cyberdata\src\cyberdata\process\synthetic_generator.py:841 - generate_parallel() - Task phishing_mal_17 contributed 2 samples
2025-06-16 15:41:43,718 - cyberdata.scripts.generator - INFO - c:\Users\Tianyu Wang\Documents\Notebooks\cyberdata\src\cyberdata\process\synthetic_generator.py:464 - execute_generation_task() - Task phishing_mal_18 completed: 2 unique samples (0 duplicates filtered) in 7.45s
2025-06-16 15:41:43,718 - cyberdata.scripts.generator - INFO - c:\Users\Tianyu Wang\Documents\Notebooks\cyberdata\src\cyberdata\process\synthetic_generator.py:418 - execute_generation_task() - Executing task phishing_mal_22 (attempt 1): 2 malicious samples (schema-aware: False)
2025-06-16 15:41:43,719 - cyberdata.scripts.generator - INFO - c:\Users\Tianyu Wang\Documents\Notebooks\cyberdata\src\cyberdata\process\synthetic_generator.py:841 - generate_parallel() - Task phishing_mal_18 contributed 2 samples
2025-06-16 15:41:44,052 - cyberdata.scripts.generator - INFO - c:\Users\Tianyu Wang\Documents\Notebooks\cyberdata\src\cyberdata\process\synthetic_generator.py:464 - execute_generation_task() - Task phishing_mal_19 completed: 2 unique samples (0 duplicates filtered) in 5.88s
2025-06-16 15:41:44,052 - cyberdata.scripts.generator - INFO - c:\Users\Tianyu Wang\Documents\Notebooks\cyberdata\src\cyberdata\process\synthetic_generator.py:418 - execute_generation_task() - Executing task phishing_mal_23 (attempt 1): 2 malicious samples (schema-aware: False)
2025-06-16 15:41:44,052 - cyberdata.scripts.generator - INFO - c:\Users\Tianyu Wang\Documents\Notebooks\cyberdata\src\cyberdata\process\synthetic_generator.py:841 - generate_parallel() - Task phishing_mal_19 contributed 2 samples
2025-06-16 15:41:44,445 - cyberdata.scripts.generator - INFO - c:\Users\Tianyu Wang\Documents\Notebooks\cyberdata\src\cyberdata\process\synthetic_generator.py:464 - execute_generation_task() - Task phishing_mal_20 completed: 2 unique samples (0 duplicates filtered) in 4.72s
2025-06-16 15:41:44,447 - cyberdata.scripts.generator - INFO - c:\Users\Tianyu Wang\Documents\Notebooks\cyberdata\src\cyberdata\process\synthetic_generator.py:418 - execute_generation_task() - Executing task phishing_mal_24 (attempt 1): 2 malicious samples (schema-aware: False)
2025-06-16 15:41:44,447 - cyberdata.scripts.generator - INFO - c:\Users\Tianyu Wang\Documents\Notebooks\cyberdata\src\cyberdata\process\synthetic_generator.py:841 - generate_parallel() - Task phishing_mal_20 contributed 2 samples
2025-06-16 15:41:48,475 - cyberdata.scripts.generator - INFO - c:\Users\Tianyu Wang\Documents\Notebooks\cyberdata\src\cyberdata\process\synthetic_generator.py:464 - execute_generation_task() - Task phishing_mal_21 completed: 2 unique samples (0 duplicates filtered) in 6.01s
2025-06-16 15:41:48,476 - cyberdata.scripts.generator - INFO - c:\Users\Tianyu Wang\Documents\Notebooks\cyberdata\src\cyberdata\process\synthetic_generator.py:418 - execute_generation_task() - Executing task phishing_ben_25 (attempt 1): 2 benign samples (schema-aware: False)
2025-06-16 15:41:48,476 - cyberdata.scripts.generator - INFO - c:\Users\Tianyu Wang\Documents\Notebooks\cyberdata\src\cyberdata\process\synthetic_generator.py:841 - generate_parallel() - Task phishing_mal_21 contributed 2 samples
2025-06-16 15:41:49,724 - cyberdata.scripts.generator - INFO - c:\Users\Tianyu Wang\Documents\Notebooks\cyberdata\src\cyberdata\process\synthetic_generator.py:464 - execute_generation_task() - Task phishing_mal_22 completed: 2 unique samples (0 duplicates filtered) in 6.01s
2025-06-16 15:41:49,725 - cyberdata.scripts.generator - INFO - c:\Users\Tianyu Wang\Documents\Notebooks\cyberdata\src\cyberdata\process\synthetic_generator.py:418 - execute_generation_task() - Executing task phishing_ben_26 (attempt 1): 2 benign samples (schema-aware: False)
2025-06-16 15:41:49,725 - cyberdata.scripts.generator - INFO - c:\Users\Tianyu Wang\Documents\Notebooks\cyberdata\src\cyberdata\process\synthetic_generator.py:841 - generate_parallel() - Task phishing_mal_22 contributed 2 samples
2025-06-16 15:41:50,011 - cyberdata.scripts.generator - INFO - c:\Users\Tianyu Wang\Documents\Notebooks\cyberdata\src\cyberdata\process\synthetic_generator.py:464 - execute_generation_task() - Task phishing_mal_23 completed: 2 unique samples (0 duplicates filtered) in 5.96s
2025-06-16 15:41:50,012 - cyberdata.scripts.generator - INFO - c:\Users\Tianyu Wang\Documents\Notebooks\cyberdata\src\cyberdata\process\synthetic_generator.py:418 - execute_generation_task() - Executing task phishing_ben_27 (attempt 1): 2 benign samples (schema-aware: False)
2025-06-16 15:41:50,012 - cyberdata.scripts.generator - INFO - c:\Users\Tianyu Wang\Documents\Notebooks\cyberdata\src\cyberdata\process\synthetic_generator.py:841 - generate_parallel() - Task phishing_mal_23 contributed 2 samples
2025-06-16 15:41:50,683 - cyberdata.scripts.generator - INFO - c:\Users\Tianyu Wang\Documents\Notebooks\cyberdata\src\cyberdata\process\synthetic_generator.py:464 - execute_generation_task() - Task phishing_mal_24 completed: 2 unique samples (0 duplicates filtered) in 6.24s
2025-06-16 15:41:50,683 - cyberdata.scripts.generator - INFO - c:\Users\Tianyu Wang\Documents\Notebooks\cyberdata\src\cyberdata\process\synthetic_generator.py:418 - execute_generation_task() - Executing task phishing_ben_28 (attempt 1): 2 benign samples (schema-aware: False)
2025-06-16 15:41:50,683 - cyberdata.scripts.generator - INFO - c:\Users\Tianyu Wang\Documents\Notebooks\cyberdata\src\cyberdata\process\synthetic_generator.py:841 - generate_parallel() - Task phishing_mal_24 contributed 2 samples
2025-06-16 15:41:53,518 - cyberdata.scripts.generator - INFO - c:\Users\Tianyu Wang\Documents\Notebooks\cyberdata\src\cyberdata\process\synthetic_generator.py:464 - execute_generation_task() - Task phishing_ben_27 completed: 2 unique samples (0 duplicates filtered) in 3.51s
2025-06-16 15:41:53,520 - cyberdata.scripts.generator - INFO - c:\Users\Tianyu Wang\Documents\Notebooks\cyberdata\src\cyberdata\process\synthetic_generator.py:418 - execute_generation_task() - Executing task phishing_ben_29 (attempt 1): 2 benign samples (schema-aware: False)
2025-06-16 15:41:53,520 - cyberdata.scripts.generator - INFO - c:\Users\Tianyu Wang\Documents\Notebooks\cyberdata\src\cyberdata\process\synthetic_generator.py:841 - generate_parallel() - Task phishing_ben_27 contributed 2 samples
2025-06-16 15:41:53,730 - cyberdata.scripts.generator - INFO - c:\Users\Tianyu Wang\Documents\Notebooks\cyberdata\src\cyberdata\process\synthetic_generator.py:464 - execute_generation_task() - Task phishing_ben_25 completed: 2 unique samples (0 duplicates filtered) in 5.25s
2025-06-16 15:41:53,731 - cyberdata.scripts.generator - INFO - c:\Users\Tianyu Wang\Documents\Notebooks\cyberdata\src\cyberdata\process\synthetic_generator.py:418 - execute_generation_task() - Executing task phishing_ben_30 (attempt 1): 2 benign samples (schema-aware: False)
2025-06-16 15:41:53,732 - cyberdata.scripts.generator - INFO - c:\Users\Tianyu Wang\Documents\Notebooks\cyberdata\src\cyberdata\process\synthetic_generator.py:841 - generate_parallel() - Task phishing_ben_25 contributed 2 samples
2025-06-16 15:41:54,131 - cyberdata.scripts.generator - INFO - c:\Users\Tianyu Wang\Documents\Notebooks\cyberdata\src\cyberdata\process\synthetic_generator.py:464 - execute_generation_task() - Task phishing_ben_26 completed: 2 unique samples (0 duplicates filtered) in 4.41s
2025-06-16 15:41:54,131 - cyberdata.scripts.generator - INFO - c:\Users\Tianyu Wang\Documents\Notebooks\cyberdata\src\cyberdata\process\synthetic_generator.py:418 - execute_generation_task() - Executing task phishing_ben_31 (attempt 1): 2 benign samples (schema-aware: False)
2025-06-16 15:41:54,131 - cyberdata.scripts.generator - INFO - c:\Users\Tianyu Wang\Documents\Notebooks\cyberdata\src\cyberdata\process\synthetic_generator.py:841 - generate_parallel() - Task phishing_ben_26 contributed 2 samples
2025-06-16 15:41:54,998 - cyberdata.scripts.generator - INFO - c:\Users\Tianyu Wang\Documents\Notebooks\cyberdata\src\cyberdata\process\synthetic_generator.py:464 - execute_generation_task() - Task phishing_ben_28 completed: 2 unique samples (0 duplicates filtered) in 4.31s
2025-06-16 15:41:54,999 - cyberdata.scripts.generator - INFO - c:\Users\Tianyu Wang\Documents\Notebooks\cyberdata\src\cyberdata\process\synthetic_generator.py:418 - execute_generation_task() - Executing task phishing_ben_32 (attempt 1): 2 benign samples (schema-aware: False)
2025-06-16 15:41:54,999 - cyberdata.scripts.generator - INFO - c:\Users\Tianyu Wang\Documents\Notebooks\cyberdata\src\cyberdata\process\synthetic_generator.py:841 - generate_parallel() - Task phishing_ben_28 contributed 2 samples
2025-06-16 15:42:00,975 - cyberdata.scripts.generator - INFO - c:\Users\Tianyu Wang\Documents\Notebooks\cyberdata\src\cyberdata\process\synthetic_generator.py:464 - execute_generation_task() - Task phishing_ben_31 completed: 2 unique samples (0 duplicates filtered) in 6.84s
2025-06-16 15:42:00,975 - cyberdata.scripts.generator - INFO - c:\Users\Tianyu Wang\Documents\Notebooks\cyberdata\src\cyberdata\process\synthetic_generator.py:418 - execute_generation_task() - Executing task phishing_ben_33 (attempt 1): 2 benign samples (schema-aware: False)
2025-06-16 15:42:00,975 - cyberdata.scripts.generator - INFO - c:\Users\Tianyu Wang\Documents\Notebooks\cyberdata\src\cyberdata\process\synthetic_generator.py:841 - generate_parallel() - Task phishing_ben_31 contributed 2 samples
2025-06-16 15:42:01,205 - cyberdata.scripts.generator - INFO - c:\Users\Tianyu Wang\Documents\Notebooks\cyberdata\src\cyberdata\process\synthetic_generator.py:464 - execute_generation_task() - Task phishing_ben_30 completed: 2 unique samples (0 duplicates filtered) in 7.47s
2025-06-16 15:42:01,207 - cyberdata.scripts.generator - INFO - c:\Users\Tianyu Wang\Documents\Notebooks\cyberdata\src\cyberdata\process\synthetic_generator.py:418 - execute_generation_task() - Executing task phishing_ben_34 (attempt 1): 2 benign samples (schema-aware: False)
2025-06-16 15:42:01,207 - cyberdata.scripts.generator - INFO - c:\Users\Tianyu Wang\Documents\Notebooks\cyberdata\src\cyberdata\process\synthetic_generator.py:841 - generate_parallel() - Task phishing_ben_30 contributed 2 samples
2025-06-16 15:42:01,546 - cyberdata.scripts.generator - INFO - c:\Users\Tianyu Wang\Documents\Notebooks\cyberdata\src\cyberdata\process\synthetic_generator.py:464 - execute_generation_task() - Task phishing_ben_32 completed: 2 unique samples (0 duplicates filtered) in 6.55s
2025-06-16 15:42:01,547 - cyberdata.scripts.generator - INFO - c:\Users\Tianyu Wang\Documents\Notebooks\cyberdata\src\cyberdata\process\synthetic_generator.py:418 - execute_generation_task() - Executing task phishing_ben_35 (attempt 1): 2 benign samples (schema-aware: False)
2025-06-16 15:42:01,547 - cyberdata.scripts.generator - INFO - c:\Users\Tianyu Wang\Documents\Notebooks\cyberdata\src\cyberdata\process\synthetic_generator.py:841 - generate_parallel() - Task phishing_ben_32 contributed 2 samples
2025-06-16 15:42:01,859 - cyberdata.scripts.generator - INFO - c:\Users\Tianyu Wang\Documents\Notebooks\cyberdata\src\cyberdata\process\synthetic_generator.py:464 - execute_generation_task() - Task phishing_ben_29 completed: 2 unique samples (0 duplicates filtered) in 8.34s
2025-06-16 15:42:01,861 - cyberdata.scripts.generator - INFO - c:\Users\Tianyu Wang\Documents\Notebooks\cyberdata\src\cyberdata\process\synthetic_generator.py:418 - execute_generation_task() - Executing task phishing_ben_36 (attempt 1): 2 benign samples (schema-aware: False)
2025-06-16 15:42:01,861 - cyberdata.scripts.generator - INFO - c:\Users\Tianyu Wang\Documents\Notebooks\cyberdata\src\cyberdata\process\synthetic_generator.py:841 - generate_parallel() - Task phishing_ben_29 contributed 2 samples
2025-06-16 15:42:08,036 - cyberdata.scripts.generator - INFO - c:\Users\Tianyu Wang\Documents\Notebooks\cyberdata\src\cyberdata\process\synthetic_generator.py:464 - execute_generation_task() - Task phishing_ben_33 completed: 2 unique samples (0 duplicates filtered) in 7.06s
2025-06-16 15:42:08,038 - cyberdata.scripts.generator - INFO - c:\Users\Tianyu Wang\Documents\Notebooks\cyberdata\src\cyberdata\process\synthetic_generator.py:418 - execute_generation_task() - Executing task phishing_ben_37 (attempt 1): 2 benign samples (schema-aware: False)
2025-06-16 15:42:08,038 - cyberdata.scripts.generator - INFO - c:\Users\Tianyu Wang\Documents\Notebooks\cyberdata\src\cyberdata\process\synthetic_generator.py:841 - generate_parallel() - Task phishing_ben_33 contributed 2 samples
2025-06-16 15:42:08,259 - cyberdata.scripts.generator - INFO - c:\Users\Tianyu Wang\Documents\Notebooks\cyberdata\src\cyberdata\process\synthetic_generator.py:464 - execute_generation_task() - Task phishing_ben_34 completed: 2 unique samples (0 duplicates filtered) in 7.05s
2025-06-16 15:42:08,261 - cyberdata.scripts.generator - INFO - c:\Users\Tianyu Wang\Documents\Notebooks\cyberdata\src\cyberdata\process\synthetic_generator.py:418 - execute_generation_task() - Executing task phishing_ben_38 (attempt 1): 2 benign samples (schema-aware: False)
2025-06-16 15:42:08,261 - cyberdata.scripts.generator - INFO - c:\Users\Tianyu Wang\Documents\Notebooks\cyberdata\src\cyberdata\process\synthetic_generator.py:841 - generate_parallel() - Task phishing_ben_34 contributed 2 samples
2025-06-16 15:42:08,409 - cyberdata.scripts.generator - INFO - c:\Users\Tianyu Wang\Documents\Notebooks\cyberdata\src\cyberdata\process\synthetic_generator.py:464 - execute_generation_task() - Task phishing_ben_36 completed: 2 unique samples (0 duplicates filtered) in 6.55s
2025-06-16 15:42:08,411 - cyberdata.scripts.generator - INFO - c:\Users\Tianyu Wang\Documents\Notebooks\cyberdata\src\cyberdata\process\synthetic_generator.py:418 - execute_generation_task() - Executing task phishing_ben_39 (attempt 1): 2 benign samples (schema-aware: False)
2025-06-16 15:42:08,411 - cyberdata.scripts.generator - INFO - c:\Users\Tianyu Wang\Documents\Notebooks\cyberdata\src\cyberdata\process\synthetic_generator.py:841 - generate_parallel() - Task phishing_ben_36 contributed 2 samples
2025-06-16 15:42:14,889 - cyberdata.scripts.generator - INFO - c:\Users\Tianyu Wang\Documents\Notebooks\cyberdata\src\cyberdata\process\synthetic_generator.py:464 - execute_generation_task() - Task phishing_ben_35 completed: 2 unique samples (0 duplicates filtered) in 13.34s
2025-06-16 15:42:14,891 - cyberdata.scripts.generator - INFO - c:\Users\Tianyu Wang\Documents\Notebooks\cyberdata\src\cyberdata\process\synthetic_generator.py:418 - execute_generation_task() - Executing task phishing_ben_40 (attempt 1): 2 benign samples (schema-aware: False)
2025-06-16 15:42:14,892 - cyberdata.scripts.generator - INFO - c:\Users\Tianyu Wang\Documents\Notebooks\cyberdata\src\cyberdata\process\synthetic_generator.py:841 - generate_parallel() - Task phishing_ben_35 contributed 2 samples
2025-06-16 15:42:17,199 - cyberdata.scripts.generator - INFO - c:\Users\Tianyu Wang\Documents\Notebooks\cyberdata\src\cyberdata\process\synthetic_generator.py:464 - execute_generation_task() - Task phishing_ben_39 completed: 2 unique samples (0 duplicates filtered) in 8.79s
2025-06-16 15:42:17,201 - cyberdata.scripts.generator - INFO - c:\Users\Tianyu Wang\Documents\Notebooks\cyberdata\src\cyberdata\process\synthetic_generator.py:418 - execute_generation_task() - Executing task phishing_ben_41 (attempt 1): 2 benign samples (schema-aware: False)
2025-06-16 15:42:17,201 - cyberdata.scripts.generator - INFO - c:\Users\Tianyu Wang\Documents\Notebooks\cyberdata\src\cyberdata\process\synthetic_generator.py:841 - generate_parallel() - Task phishing_ben_39 contributed 2 samples
2025-06-16 15:42:17,383 - cyberdata.scripts.generator - INFO - c:\Users\Tianyu Wang\Documents\Notebooks\cyberdata\src\cyberdata\process\synthetic_generator.py:464 - execute_generation_task() - Task phishing_ben_38 completed: 2 unique samples (0 duplicates filtered) in 9.12s
2025-06-16 15:42:17,384 - cyberdata.scripts.generator - INFO - c:\Users\Tianyu Wang\Documents\Notebooks\cyberdata\src\cyberdata\process\synthetic_generator.py:418 - execute_generation_task() - Executing task phishing_ben_42 (attempt 1): 2 benign samples (schema-aware: False)
2025-06-16 15:42:17,384 - cyberdata.scripts.generator - INFO - c:\Users\Tianyu Wang\Documents\Notebooks\cyberdata\src\cyberdata\process\synthetic_generator.py:841 - generate_parallel() - Task phishing_ben_38 contributed 2 samples
2025-06-16 15:42:17,439 - cyberdata.scripts.generator - INFO - c:\Users\Tianyu Wang\Documents\Notebooks\cyberdata\src\cyberdata\process\synthetic_generator.py:464 - execute_generation_task() - Task phishing_ben_37 completed: 2 unique samples (0 duplicates filtered) in 9.40s
2025-06-16 15:42:17,440 - cyberdata.scripts.generator - INFO - c:\Users\Tianyu Wang\Documents\Notebooks\cyberdata\src\cyberdata\process\synthetic_generator.py:418 - execute_generation_task() - Executing task phishing_ben_43 (attempt 1): 2 benign samples (schema-aware: False)
2025-06-16 15:42:17,440 - cyberdata.scripts.generator - INFO - c:\Users\Tianyu Wang\Documents\Notebooks\cyberdata\src\cyberdata\process\synthetic_generator.py:841 - generate_parallel() - Task phishing_ben_37 contributed 2 samples
2025-06-16 15:42:19,625 - cyberdata.scripts.generator - INFO - c:\Users\Tianyu Wang\Documents\Notebooks\cyberdata\src\cyberdata\process\synthetic_generator.py:464 - execute_generation_task() - Task phishing_ben_40 completed: 2 unique samples (0 duplicates filtered) in 4.73s
2025-06-16 15:42:19,625 - cyberdata.scripts.generator - INFO - c:\Users\Tianyu Wang\Documents\Notebooks\cyberdata\src\cyberdata\process\synthetic_generator.py:418 - execute_generation_task() - Executing task phishing_ben_44 (attempt 1): 2 benign samples (schema-aware: False)
2025-06-16 15:42:19,625 - cyberdata.scripts.generator - INFO - c:\Users\Tianyu Wang\Documents\Notebooks\cyberdata\src\cyberdata\process\synthetic_generator.py:841 - generate_parallel() - Task phishing_ben_40 contributed 2 samples
2025-06-16 15:42:23,328 - cyberdata.scripts.generator - INFO - c:\Users\Tianyu Wang\Documents\Notebooks\cyberdata\src\cyberdata\process\synthetic_generator.py:464 - execute_generation_task() - Task phishing_ben_43 completed: 2 unique samples (0 duplicates filtered) in 5.89s
2025-06-16 15:42:23,328 - cyberdata.scripts.generator - INFO - c:\Users\Tianyu Wang\Documents\Notebooks\cyberdata\src\cyberdata\process\synthetic_generator.py:418 - execute_generation_task() - Executing task phishing_ben_45 (attempt 1): 2 benign samples (schema-aware: False)
2025-06-16 15:42:23,329 - cyberdata.scripts.generator - INFO - c:\Users\Tianyu Wang\Documents\Notebooks\cyberdata\src\cyberdata\process\synthetic_generator.py:841 - generate_parallel() - Task phishing_ben_43 contributed 2 samples
2025-06-16 15:42:24,205 - cyberdata.scripts.generator - INFO - c:\Users\Tianyu Wang\Documents\Notebooks\cyberdata\src\cyberdata\process\synthetic_generator.py:464 - execute_generation_task() - Task phishing_ben_42 completed: 2 unique samples (0 duplicates filtered) in 6.82s
2025-06-16 15:42:24,205 - cyberdata.scripts.generator - INFO - c:\Users\Tianyu Wang\Documents\Notebooks\cyberdata\src\cyberdata\process\synthetic_generator.py:418 - execute_generation_task() - Executing task phishing_ben_46 (attempt 1): 2 benign samples (schema-aware: False)
2025-06-16 15:42:24,205 - cyberdata.scripts.generator - INFO - c:\Users\Tianyu Wang\Documents\Notebooks\cyberdata\src\cyberdata\process\synthetic_generator.py:841 - generate_parallel() - Task phishing_ben_42 contributed 2 samples
2025-06-16 15:42:25,645 - cyberdata.scripts.generator - INFO - c:\Users\Tianyu Wang\Documents\Notebooks\cyberdata\src\cyberdata\process\synthetic_generator.py:464 - execute_generation_task() - Task phishing_ben_41 completed: 2 unique samples (0 duplicates filtered) in 8.45s
2025-06-16 15:42:25,646 - cyberdata.scripts.generator - INFO - c:\Users\Tianyu Wang\Documents\Notebooks\cyberdata\src\cyberdata\process\synthetic_generator.py:418 - execute_generation_task() - Executing task phishing_ben_47 (attempt 1): 2 benign samples (schema-aware: False)
2025-06-16 15:42:25,646 - cyberdata.scripts.generator - INFO - c:\Users\Tianyu Wang\Documents\Notebooks\cyberdata\src\cyberdata\process\synthetic_generator.py:841 - generate_parallel() - Task phishing_ben_41 contributed 2 samples
2025-06-16 15:42:28,537 - cyberdata.scripts.generator - INFO - c:\Users\Tianyu Wang\Documents\Notebooks\cyberdata\src\cyberdata\process\synthetic_generator.py:464 - execute_generation_task() - Task phishing_ben_44 completed: 2 unique samples (0 duplicates filtered) in 8.91s
2025-06-16 15:42:28,538 - cyberdata.scripts.generator - INFO - c:\Users\Tianyu Wang\Documents\Notebooks\cyberdata\src\cyberdata\process\synthetic_generator.py:418 - execute_generation_task() - Executing task phishing_ben_48 (attempt 1): 2 benign samples (schema-aware: False)
2025-06-16 15:42:28,539 - cyberdata.scripts.generator - INFO - c:\Users\Tianyu Wang\Documents\Notebooks\cyberdata\src\cyberdata\process\synthetic_generator.py:841 - generate_parallel() - Task phishing_ben_44 contributed 2 samples
2025-06-16 15:42:33,628 - cyberdata.scripts.generator - INFO - c:\Users\Tianyu Wang\Documents\Notebooks\cyberdata\src\cyberdata\process\synthetic_generator.py:464 - execute_generation_task() - Task phishing_ben_45 completed: 2 unique samples (0 duplicates filtered) in 10.30s
2025-06-16 15:42:33,630 - cyberdata.scripts.generator - INFO - c:\Users\Tianyu Wang\Documents\Notebooks\cyberdata\src\cyberdata\process\synthetic_generator.py:418 - execute_generation_task() - Executing task phishing_ben_49 (attempt 1): 2 benign samples (schema-aware: False)
2025-06-16 15:42:33,631 - cyberdata.scripts.generator - INFO - c:\Users\Tianyu Wang\Documents\Notebooks\cyberdata\src\cyberdata\process\synthetic_generator.py:841 - generate_parallel() - Task phishing_ben_45 contributed 2 samples
2025-06-16 15:42:34,210 - cyberdata.scripts.generator - INFO - c:\Users\Tianyu Wang\Documents\Notebooks\cyberdata\src\cyberdata\process\synthetic_generator.py:464 - execute_generation_task() - Task phishing_ben_48 completed: 2 unique samples (0 duplicates filtered) in 5.67s
2025-06-16 15:42:34,211 - cyberdata.scripts.generator - INFO - c:\Users\Tianyu Wang\Documents\Notebooks\cyberdata\src\cyberdata\process\synthetic_generator.py:841 - generate_parallel() - Task phishing_ben_48 contributed 2 samples
2025-06-16 15:42:36,824 - cyberdata.scripts.generator - INFO - c:\Users\Tianyu Wang\Documents\Notebooks\cyberdata\src\cyberdata\process\synthetic_generator.py:464 - execute_generation_task() - Task phishing_ben_46 completed: 2 unique samples (0 duplicates filtered) in 12.62s
2025-06-16 15:42:36,825 - cyberdata.scripts.generator - INFO - c:\Users\Tianyu Wang\Documents\Notebooks\cyberdata\src\cyberdata\process\synthetic_generator.py:841 - generate_parallel() - Task phishing_ben_46 contributed 2 samples
2025-06-16 15:42:36,829 - cyberdata.scripts.generator - INFO - c:\Users\Tianyu Wang\Documents\Notebooks\cyberdata\src\cyberdata\process\synthetic_generator.py:464 - execute_generation_task() - Task phishing_ben_47 completed: 2 unique samples (0 duplicates filtered) in 11.18s
2025-06-16 15:42:36,830 - cyberdata.scripts.generator - INFO - c:\Users\Tianyu Wang\Documents\Notebooks\cyberdata\src\cyberdata\process\synthetic_generator.py:841 - generate_parallel() - Task phishing_ben_47 contributed 2 samples
2025-06-16 15:42:43,911 - cyberdata.scripts.generator - INFO - c:\Users\Tianyu Wang\Documents\Notebooks\cyberdata\src\cyberdata\process\synthetic_generator.py:464 - execute_generation_task() - Task phishing_ben_49 completed: 2 unique samples (0 duplicates filtered) in 10.28s
2025-06-16 15:42:43,914 - cyberdata.scripts.generator - INFO - c:\Users\Tianyu Wang\Documents\Notebooks\cyberdata\src\cyberdata\process\synthetic_generator.py:841 - generate_parallel() - Task phishing_ben_49 contributed 2 samples
2025-06-16 15:42:43,916 - cyberdata.scripts.generator - INFO - c:\Users\Tianyu Wang\Documents\Notebooks\cyberdata\src\cyberdata\process\synthetic_generator.py:853 - generate_parallel() - Parallel generation completed for phishing: 100 total samples generated in 92.08 seconds
2025-06-16 15:42:43,924 - cyberdata.scripts.generator - INFO - c:\Users\Tianyu Wang\Documents\Notebooks\cyberdata\src\cyberdata\process\synthetic_generator.py:909 - save_samples() - Saved 100 new samples to C:\Users\Tianyu Wang\Documents\Notebooks\cyberdata\data\large_samples\Social_Engineering\phishing_large.json
2025-06-16 15:42:43,925 - cyberdata.scripts.generator - INFO - c:\Users\Tianyu Wang\Documents\Notebooks\cyberdata\src\cyberdata\process\synthetic_generator.py:910 - save_samples() - Total samples in file: 100 (schema preserved: False)
2025-06-16 15:42:43,926 - cyberdata.scripts.generator - INFO - c:\Users\Tianyu Wang\Documents\Notebooks\cyberdata\src\cyberdata\process\synthetic_generator.py:911 - save_samples() - Generation rate: 65.2 samples/minute
2025-06-16 15:42:43,926 - cyberdata.scripts.generator - INFO - c:\Users\Tianyu Wang\Documents\Notebooks\cyberdata\src\cyberdata\process\synthetic_generator.py:1067 - main() - Successfully generated 100 samples for phishing
2025-06-16 15:42:43,926 - cyberdata.scripts.generator - INFO - c:\Users\Tianyu Wang\Documents\Notebooks\cyberdata\src\cyberdata\process\synthetic_generator.py:1032 - main() - 
============================================================
2025-06-16 15:42:43,927 - cyberdata.scripts.generator - INFO - c:\Users\Tianyu Wang\Documents\Notebooks\cyberdata\src\cyberdata\process\synthetic_generator.py:1033 - main() - Processing problem 2/2: Social Engineering/Phishing and Spam Email Campaigns
2025-06-16 15:42:43,927 - cyberdata.scripts.generator - INFO - c:\Users\Tianyu Wang\Documents\Notebooks\cyberdata\src\cyberdata\process\synthetic_generator.py:1034 - main() - ============================================================
2025-06-16 15:42:43,927 - cyberdata.scripts.generator - INFO - c:\Users\Tianyu Wang\Documents\Notebooks\cyberdata\src\cyberdata\process\synthetic_generator.py:809 - generate_parallel() - Starting parallel generation for Phishing and Spam Email Campaigns: 50 malicious, 50 benign
2025-06-16 15:42:43,940 - cyberdata.scripts.generator - INFO - c:\Users\Tianyu Wang\Documents\Notebooks\cyberdata\src\cyberdata\process\synthetic_generator.py:323 - load_examples() - Loaded 10 examples for Phishing and Spam Email Campaigns (real-world: True)
2025-06-16 15:42:43,940 - cyberdata.scripts.generator - INFO - c:\Users\Tianyu Wang\Documents\Notebooks\cyberdata\src\cyberdata\process\synthetic_generator.py:405 - create_generation_tasks() - Created 50 generation tasks for Phishing and Spam Email Campaigns (real-world: True)
2025-06-16 15:42:43,941 - cyberdata.scripts.generator - INFO - c:\Users\Tianyu Wang\Documents\Notebooks\cyberdata\src\cyberdata\process\synthetic_generator.py:418 - execute_generation_task() - Executing task Phishing and Spam Email Campaigns_mal_0 (attempt 1): 2 malicious samples (schema-aware: True)
2025-06-16 15:42:43,942 - cyberdata.scripts.generator - INFO - c:\Users\Tianyu Wang\Documents\Notebooks\cyberdata\src\cyberdata\process\synthetic_generator.py:418 - execute_generation_task() - Executing task Phishing and Spam Email Campaigns_mal_1 (attempt 1): 2 malicious samples (schema-aware: True)
2025-06-16 15:42:43,943 - cyberdata.scripts.generator - INFO - c:\Users\Tianyu Wang\Documents\Notebooks\cyberdata\src\cyberdata\process\synthetic_generator.py:418 - execute_generation_task() - Executing task Phishing and Spam Email Campaigns_mal_2 (attempt 1): 2 malicious samples (schema-aware: True)
2025-06-16 15:42:43,943 - cyberdata.scripts.generator - INFO - c:\Users\Tianyu Wang\Documents\Notebooks\cyberdata\src\cyberdata\process\synthetic_generator.py:418 - execute_generation_task() - Executing task Phishing and Spam Email Campaigns_mal_3 (attempt 1): 2 malicious samples (schema-aware: True)
2025-06-16 15:42:48,229 - cyberdata.scripts.generator - INFO - c:\Users\Tianyu Wang\Documents\Notebooks\cyberdata\src\cyberdata\process\synthetic_generator.py:464 - execute_generation_task() - Task Phishing and Spam Email Campaigns_mal_1 completed: 2 unique samples (0 duplicates filtered) in 4.29s
2025-06-16 15:42:48,229 - cyberdata.scripts.generator - INFO - c:\Users\Tianyu Wang\Documents\Notebooks\cyberdata\src\cyberdata\process\synthetic_generator.py:418 - execute_generation_task() - Executing task Phishing and Spam Email Campaigns_mal_4 (attempt 1): 2 malicious samples (schema-aware: True)
2025-06-16 15:42:48,230 - cyberdata.scripts.generator - INFO - c:\Users\Tianyu Wang\Documents\Notebooks\cyberdata\src\cyberdata\process\synthetic_generator.py:841 - generate_parallel() - Task Phishing and Spam Email Campaigns_mal_1 contributed 2 samples
2025-06-16 15:42:48,310 - cyberdata.scripts.generator - INFO - c:\Users\Tianyu Wang\Documents\Notebooks\cyberdata\src\cyberdata\process\synthetic_generator.py:464 - execute_generation_task() - Task Phishing and Spam Email Campaigns_mal_0 completed: 2 unique samples (0 duplicates filtered) in 4.37s
2025-06-16 15:42:48,311 - cyberdata.scripts.generator - INFO - c:\Users\Tianyu Wang\Documents\Notebooks\cyberdata\src\cyberdata\process\synthetic_generator.py:418 - execute_generation_task() - Executing task Phishing and Spam Email Campaigns_mal_5 (attempt 1): 2 malicious samples (schema-aware: True)
2025-06-16 15:42:48,311 - cyberdata.scripts.generator - INFO - c:\Users\Tianyu Wang\Documents\Notebooks\cyberdata\src\cyberdata\process\synthetic_generator.py:841 - generate_parallel() - Task Phishing and Spam Email Campaigns_mal_0 contributed 2 samples
2025-06-16 15:42:48,320 - cyberdata.scripts.generator - INFO - c:\Users\Tianyu Wang\Documents\Notebooks\cyberdata\src\cyberdata\process\synthetic_generator.py:464 - execute_generation_task() - Task Phishing and Spam Email Campaigns_mal_3 completed: 2 unique samples (0 duplicates filtered) in 4.38s
2025-06-16 15:42:48,320 - cyberdata.scripts.generator - INFO - c:\Users\Tianyu Wang\Documents\Notebooks\cyberdata\src\cyberdata\process\synthetic_generator.py:418 - execute_generation_task() - Executing task Phishing and Spam Email Campaigns_mal_6 (attempt 1): 2 malicious samples (schema-aware: True)
2025-06-16 15:42:48,320 - cyberdata.scripts.generator - INFO - c:\Users\Tianyu Wang\Documents\Notebooks\cyberdata\src\cyberdata\process\synthetic_generator.py:841 - generate_parallel() - Task Phishing and Spam Email Campaigns_mal_3 contributed 2 samples
2025-06-16 15:42:48,948 - cyberdata.scripts.generator - INFO - c:\Users\Tianyu Wang\Documents\Notebooks\cyberdata\src\cyberdata\process\synthetic_generator.py:464 - execute_generation_task() - Task Phishing and Spam Email Campaigns_mal_2 completed: 2 unique samples (0 duplicates filtered) in 5.00s
2025-06-16 15:42:48,950 - cyberdata.scripts.generator - INFO - c:\Users\Tianyu Wang\Documents\Notebooks\cyberdata\src\cyberdata\process\synthetic_generator.py:418 - execute_generation_task() - Executing task Phishing and Spam Email Campaigns_mal_7 (attempt 1): 2 malicious samples (schema-aware: True)
2025-06-16 15:42:48,951 - cyberdata.scripts.generator - INFO - c:\Users\Tianyu Wang\Documents\Notebooks\cyberdata\src\cyberdata\process\synthetic_generator.py:841 - generate_parallel() - Task Phishing and Spam Email Campaigns_mal_2 contributed 2 samples
2025-06-16 15:42:52,307 - cyberdata.scripts.generator - INFO - c:\Users\Tianyu Wang\Documents\Notebooks\cyberdata\src\cyberdata\process\synthetic_generator.py:464 - execute_generation_task() - Task Phishing and Spam Email Campaigns_mal_4 completed: 2 unique samples (0 duplicates filtered) in 4.08s
2025-06-16 15:42:52,307 - cyberdata.scripts.generator - INFO - c:\Users\Tianyu Wang\Documents\Notebooks\cyberdata\src\cyberdata\process\synthetic_generator.py:418 - execute_generation_task() - Executing task Phishing and Spam Email Campaigns_mal_8 (attempt 1): 2 malicious samples (schema-aware: True)
2025-06-16 15:42:52,308 - cyberdata.scripts.generator - INFO - c:\Users\Tianyu Wang\Documents\Notebooks\cyberdata\src\cyberdata\process\synthetic_generator.py:841 - generate_parallel() - Task Phishing and Spam Email Campaigns_mal_4 contributed 2 samples
2025-06-16 15:42:52,351 - cyberdata.scripts.generator - INFO - c:\Users\Tianyu Wang\Documents\Notebooks\cyberdata\src\cyberdata\process\synthetic_generator.py:464 - execute_generation_task() - Task Phishing and Spam Email Campaigns_mal_6 completed: 2 unique samples (0 duplicates filtered) in 4.03s
2025-06-16 15:42:52,352 - cyberdata.scripts.generator - INFO - c:\Users\Tianyu Wang\Documents\Notebooks\cyberdata\src\cyberdata\process\synthetic_generator.py:418 - execute_generation_task() - Executing task Phishing and Spam Email Campaigns_mal_9 (attempt 1): 2 malicious samples (schema-aware: True)
2025-06-16 15:42:52,352 - cyberdata.scripts.generator - INFO - c:\Users\Tianyu Wang\Documents\Notebooks\cyberdata\src\cyberdata\process\synthetic_generator.py:841 - generate_parallel() - Task Phishing and Spam Email Campaigns_mal_6 contributed 2 samples
2025-06-16 15:42:52,619 - cyberdata.scripts.generator - INFO - c:\Users\Tianyu Wang\Documents\Notebooks\cyberdata\src\cyberdata\process\synthetic_generator.py:464 - execute_generation_task() - Task Phishing and Spam Email Campaigns_mal_7 completed: 2 unique samples (0 duplicates filtered) in 3.67s
2025-06-16 15:42:52,621 - cyberdata.scripts.generator - INFO - c:\Users\Tianyu Wang\Documents\Notebooks\cyberdata\src\cyberdata\process\synthetic_generator.py:418 - execute_generation_task() - Executing task Phishing and Spam Email Campaigns_mal_10 (attempt 1): 2 malicious samples (schema-aware: True)
2025-06-16 15:42:52,622 - cyberdata.scripts.generator - INFO - c:\Users\Tianyu Wang\Documents\Notebooks\cyberdata\src\cyberdata\process\synthetic_generator.py:841 - generate_parallel() - Task Phishing and Spam Email Campaigns_mal_7 contributed 2 samples
2025-06-16 15:42:54,517 - cyberdata.scripts.generator - INFO - c:\Users\Tianyu Wang\Documents\Notebooks\cyberdata\src\cyberdata\process\synthetic_generator.py:464 - execute_generation_task() - Task Phishing and Spam Email Campaigns_mal_5 completed: 2 unique samples (0 duplicates filtered) in 6.20s
2025-06-16 15:42:54,518 - cyberdata.scripts.generator - INFO - c:\Users\Tianyu Wang\Documents\Notebooks\cyberdata\src\cyberdata\process\synthetic_generator.py:418 - execute_generation_task() - Executing task Phishing and Spam Email Campaigns_mal_11 (attempt 1): 2 malicious samples (schema-aware: True)
2025-06-16 15:42:54,519 - cyberdata.scripts.generator - INFO - c:\Users\Tianyu Wang\Documents\Notebooks\cyberdata\src\cyberdata\process\synthetic_generator.py:841 - generate_parallel() - Task Phishing and Spam Email Campaigns_mal_5 contributed 2 samples
2025-06-16 15:42:56,732 - cyberdata.scripts.generator - INFO - c:\Users\Tianyu Wang\Documents\Notebooks\cyberdata\src\cyberdata\process\synthetic_generator.py:464 - execute_generation_task() - Task Phishing and Spam Email Campaigns_mal_9 completed: 2 unique samples (0 duplicates filtered) in 4.38s
2025-06-16 15:42:56,734 - cyberdata.scripts.generator - INFO - c:\Users\Tianyu Wang\Documents\Notebooks\cyberdata\src\cyberdata\process\synthetic_generator.py:418 - execute_generation_task() - Executing task Phishing and Spam Email Campaigns_mal_12 (attempt 1): 2 malicious samples (schema-aware: True)
2025-06-16 15:42:56,734 - cyberdata.scripts.generator - INFO - c:\Users\Tianyu Wang\Documents\Notebooks\cyberdata\src\cyberdata\process\synthetic_generator.py:841 - generate_parallel() - Task Phishing and Spam Email Campaigns_mal_9 contributed 2 samples
2025-06-16 15:42:57,843 - cyberdata.scripts.generator - INFO - c:\Users\Tianyu Wang\Documents\Notebooks\cyberdata\src\cyberdata\process\synthetic_generator.py:464 - execute_generation_task() - Task Phishing and Spam Email Campaigns_mal_10 completed: 2 unique samples (0 duplicates filtered) in 5.22s
2025-06-16 15:42:57,844 - cyberdata.scripts.generator - INFO - c:\Users\Tianyu Wang\Documents\Notebooks\cyberdata\src\cyberdata\process\synthetic_generator.py:418 - execute_generation_task() - Executing task Phishing and Spam Email Campaigns_mal_13 (attempt 1): 2 malicious samples (schema-aware: True)
2025-06-16 15:42:57,845 - cyberdata.scripts.generator - INFO - c:\Users\Tianyu Wang\Documents\Notebooks\cyberdata\src\cyberdata\process\synthetic_generator.py:841 - generate_parallel() - Task Phishing and Spam Email Campaigns_mal_10 contributed 2 samples
2025-06-16 15:42:57,923 - cyberdata.scripts.generator - INFO - c:\Users\Tianyu Wang\Documents\Notebooks\cyberdata\src\cyberdata\process\synthetic_generator.py:464 - execute_generation_task() - Task Phishing and Spam Email Campaigns_mal_8 completed: 2 unique samples (0 duplicates filtered) in 5.62s
2025-06-16 15:42:57,924 - cyberdata.scripts.generator - INFO - c:\Users\Tianyu Wang\Documents\Notebooks\cyberdata\src\cyberdata\process\synthetic_generator.py:418 - execute_generation_task() - Executing task Phishing and Spam Email Campaigns_mal_14 (attempt 1): 2 malicious samples (schema-aware: True)
2025-06-16 15:42:57,924 - cyberdata.scripts.generator - INFO - c:\Users\Tianyu Wang\Documents\Notebooks\cyberdata\src\cyberdata\process\synthetic_generator.py:841 - generate_parallel() - Task Phishing and Spam Email Campaigns_mal_8 contributed 2 samples
2025-06-16 15:43:01,432 - cyberdata.scripts.generator - INFO - c:\Users\Tianyu Wang\Documents\Notebooks\cyberdata\src\cyberdata\process\synthetic_generator.py:464 - execute_generation_task() - Task Phishing and Spam Email Campaigns_mal_11 completed: 2 unique samples (0 duplicates filtered) in 6.91s
2025-06-16 15:43:01,434 - cyberdata.scripts.generator - INFO - c:\Users\Tianyu Wang\Documents\Notebooks\cyberdata\src\cyberdata\process\synthetic_generator.py:418 - execute_generation_task() - Executing task Phishing and Spam Email Campaigns_mal_15 (attempt 1): 2 malicious samples (schema-aware: True)
2025-06-16 15:43:01,434 - cyberdata.scripts.generator - INFO - c:\Users\Tianyu Wang\Documents\Notebooks\cyberdata\src\cyberdata\process\synthetic_generator.py:841 - generate_parallel() - Task Phishing and Spam Email Campaigns_mal_11 contributed 2 samples
2025-06-16 15:43:01,993 - cyberdata.scripts.generator - INFO - c:\Users\Tianyu Wang\Documents\Notebooks\cyberdata\src\cyberdata\process\synthetic_generator.py:464 - execute_generation_task() - Task Phishing and Spam Email Campaigns_mal_13 completed: 2 unique samples (0 duplicates filtered) in 4.15s
2025-06-16 15:43:01,994 - cyberdata.scripts.generator - INFO - c:\Users\Tianyu Wang\Documents\Notebooks\cyberdata\src\cyberdata\process\synthetic_generator.py:418 - execute_generation_task() - Executing task Phishing and Spam Email Campaigns_mal_16 (attempt 1): 2 malicious samples (schema-aware: True)
2025-06-16 15:43:01,994 - cyberdata.scripts.generator - INFO - c:\Users\Tianyu Wang\Documents\Notebooks\cyberdata\src\cyberdata\process\synthetic_generator.py:841 - generate_parallel() - Task Phishing and Spam Email Campaigns_mal_13 contributed 2 samples
2025-06-16 15:43:02,444 - cyberdata.scripts.generator - INFO - c:\Users\Tianyu Wang\Documents\Notebooks\cyberdata\src\cyberdata\process\synthetic_generator.py:464 - execute_generation_task() - Task Phishing and Spam Email Campaigns_mal_12 completed: 2 unique samples (0 duplicates filtered) in 5.71s
2025-06-16 15:43:02,446 - cyberdata.scripts.generator - INFO - c:\Users\Tianyu Wang\Documents\Notebooks\cyberdata\src\cyberdata\process\synthetic_generator.py:418 - execute_generation_task() - Executing task Phishing and Spam Email Campaigns_mal_17 (attempt 1): 2 malicious samples (schema-aware: True)
2025-06-16 15:43:02,446 - cyberdata.scripts.generator - INFO - c:\Users\Tianyu Wang\Documents\Notebooks\cyberdata\src\cyberdata\process\synthetic_generator.py:841 - generate_parallel() - Task Phishing and Spam Email Campaigns_mal_12 contributed 2 samples
2025-06-16 15:43:02,851 - cyberdata.scripts.generator - INFO - c:\Users\Tianyu Wang\Documents\Notebooks\cyberdata\src\cyberdata\process\synthetic_generator.py:464 - execute_generation_task() - Task Phishing and Spam Email Campaigns_mal_14 completed: 2 unique samples (0 duplicates filtered) in 4.93s
2025-06-16 15:43:02,853 - cyberdata.scripts.generator - INFO - c:\Users\Tianyu Wang\Documents\Notebooks\cyberdata\src\cyberdata\process\synthetic_generator.py:418 - execute_generation_task() - Executing task Phishing and Spam Email Campaigns_mal_18 (attempt 1): 2 malicious samples (schema-aware: True)
2025-06-16 15:43:02,853 - cyberdata.scripts.generator - INFO - c:\Users\Tianyu Wang\Documents\Notebooks\cyberdata\src\cyberdata\process\synthetic_generator.py:841 - generate_parallel() - Task Phishing and Spam Email Campaigns_mal_14 contributed 2 samples
2025-06-16 15:43:04,841 - cyberdata.scripts.generator - INFO - c:\Users\Tianyu Wang\Documents\Notebooks\cyberdata\src\cyberdata\process\synthetic_generator.py:464 - execute_generation_task() - Task Phishing and Spam Email Campaigns_mal_15 completed: 2 unique samples (0 duplicates filtered) in 3.41s
2025-06-16 15:43:04,843 - cyberdata.scripts.generator - INFO - c:\Users\Tianyu Wang\Documents\Notebooks\cyberdata\src\cyberdata\process\synthetic_generator.py:418 - execute_generation_task() - Executing task Phishing and Spam Email Campaigns_mal_19 (attempt 1): 2 malicious samples (schema-aware: True)
2025-06-16 15:43:04,843 - cyberdata.scripts.generator - INFO - c:\Users\Tianyu Wang\Documents\Notebooks\cyberdata\src\cyberdata\process\synthetic_generator.py:841 - generate_parallel() - Task Phishing and Spam Email Campaigns_mal_15 contributed 2 samples
2025-06-16 15:43:05,616 - cyberdata.scripts.generator - INFO - c:\Users\Tianyu Wang\Documents\Notebooks\cyberdata\src\cyberdata\process\synthetic_generator.py:464 - execute_generation_task() - Task Phishing and Spam Email Campaigns_mal_16 completed: 2 unique samples (0 duplicates filtered) in 3.62s
2025-06-16 15:43:05,617 - cyberdata.scripts.generator - INFO - c:\Users\Tianyu Wang\Documents\Notebooks\cyberdata\src\cyberdata\process\synthetic_generator.py:418 - execute_generation_task() - Executing task Phishing and Spam Email Campaigns_mal_20 (attempt 1): 2 malicious samples (schema-aware: True)
2025-06-16 15:43:05,617 - cyberdata.scripts.generator - INFO - c:\Users\Tianyu Wang\Documents\Notebooks\cyberdata\src\cyberdata\process\synthetic_generator.py:841 - generate_parallel() - Task Phishing and Spam Email Campaigns_mal_16 contributed 2 samples
2025-06-16 15:43:06,327 - cyberdata.scripts.generator - INFO - c:\Users\Tianyu Wang\Documents\Notebooks\cyberdata\src\cyberdata\process\synthetic_generator.py:464 - execute_generation_task() - Task Phishing and Spam Email Campaigns_mal_17 completed: 2 unique samples (0 duplicates filtered) in 3.88s
2025-06-16 15:43:06,329 - cyberdata.scripts.generator - INFO - c:\Users\Tianyu Wang\Documents\Notebooks\cyberdata\src\cyberdata\process\synthetic_generator.py:418 - execute_generation_task() - Executing task Phishing and Spam Email Campaigns_mal_21 (attempt 1): 2 malicious samples (schema-aware: True)
2025-06-16 15:43:06,329 - cyberdata.scripts.generator - INFO - c:\Users\Tianyu Wang\Documents\Notebooks\cyberdata\src\cyberdata\process\synthetic_generator.py:841 - generate_parallel() - Task Phishing and Spam Email Campaigns_mal_17 contributed 2 samples
2025-06-16 15:43:07,146 - cyberdata.scripts.generator - INFO - c:\Users\Tianyu Wang\Documents\Notebooks\cyberdata\src\cyberdata\process\synthetic_generator.py:464 - execute_generation_task() - Task Phishing and Spam Email Campaigns_mal_18 completed: 2 unique samples (0 duplicates filtered) in 4.29s
2025-06-16 15:43:07,147 - cyberdata.scripts.generator - INFO - c:\Users\Tianyu Wang\Documents\Notebooks\cyberdata\src\cyberdata\process\synthetic_generator.py:418 - execute_generation_task() - Executing task Phishing and Spam Email Campaigns_mal_22 (attempt 1): 2 malicious samples (schema-aware: True)
2025-06-16 15:43:07,147 - cyberdata.scripts.generator - INFO - c:\Users\Tianyu Wang\Documents\Notebooks\cyberdata\src\cyberdata\process\synthetic_generator.py:841 - generate_parallel() - Task Phishing and Spam Email Campaigns_mal_18 contributed 2 samples
2025-06-16 15:43:08,338 - cyberdata.scripts.generator - INFO - c:\Users\Tianyu Wang\Documents\Notebooks\cyberdata\src\cyberdata\process\synthetic_generator.py:464 - execute_generation_task() - Task Phishing and Spam Email Campaigns_mal_19 completed: 2 unique samples (0 duplicates filtered) in 3.50s
2025-06-16 15:43:08,340 - cyberdata.scripts.generator - INFO - c:\Users\Tianyu Wang\Documents\Notebooks\cyberdata\src\cyberdata\process\synthetic_generator.py:418 - execute_generation_task() - Executing task Phishing and Spam Email Campaigns_mal_23 (attempt 1): 2 malicious samples (schema-aware: True)
2025-06-16 15:43:08,340 - cyberdata.scripts.generator - INFO - c:\Users\Tianyu Wang\Documents\Notebooks\cyberdata\src\cyberdata\process\synthetic_generator.py:841 - generate_parallel() - Task Phishing and Spam Email Campaigns_mal_19 contributed 2 samples
2025-06-16 15:43:10,747 - cyberdata.scripts.generator - INFO - c:\Users\Tianyu Wang\Documents\Notebooks\cyberdata\src\cyberdata\process\synthetic_generator.py:464 - execute_generation_task() - Task Phishing and Spam Email Campaigns_mal_22 completed: 2 unique samples (0 duplicates filtered) in 3.60s
2025-06-16 15:43:10,749 - cyberdata.scripts.generator - INFO - c:\Users\Tianyu Wang\Documents\Notebooks\cyberdata\src\cyberdata\process\synthetic_generator.py:418 - execute_generation_task() - Executing task Phishing and Spam Email Campaigns_mal_24 (attempt 1): 2 malicious samples (schema-aware: True)
2025-06-16 15:43:10,749 - cyberdata.scripts.generator - INFO - c:\Users\Tianyu Wang\Documents\Notebooks\cyberdata\src\cyberdata\process\synthetic_generator.py:841 - generate_parallel() - Task Phishing and Spam Email Campaigns_mal_22 contributed 2 samples
2025-06-16 15:43:11,582 - cyberdata.scripts.generator - INFO - c:\Users\Tianyu Wang\Documents\Notebooks\cyberdata\src\cyberdata\process\synthetic_generator.py:464 - execute_generation_task() - Task Phishing and Spam Email Campaigns_mal_21 completed: 2 unique samples (0 duplicates filtered) in 5.25s
2025-06-16 15:43:11,584 - cyberdata.scripts.generator - INFO - c:\Users\Tianyu Wang\Documents\Notebooks\cyberdata\src\cyberdata\process\synthetic_generator.py:418 - execute_generation_task() - Executing task Phishing and Spam Email Campaigns_ben_25 (attempt 1): 2 benign samples (schema-aware: True)
2025-06-16 15:43:11,584 - cyberdata.scripts.generator - INFO - c:\Users\Tianyu Wang\Documents\Notebooks\cyberdata\src\cyberdata\process\synthetic_generator.py:841 - generate_parallel() - Task Phishing and Spam Email Campaigns_mal_21 contributed 2 samples
2025-06-16 15:43:12,601 - cyberdata.scripts.generator - INFO - c:\Users\Tianyu Wang\Documents\Notebooks\cyberdata\src\cyberdata\process\synthetic_generator.py:464 - execute_generation_task() - Task Phishing and Spam Email Campaigns_mal_20 completed: 2 unique samples (0 duplicates filtered) in 6.98s
2025-06-16 15:43:12,604 - cyberdata.scripts.generator - INFO - c:\Users\Tianyu Wang\Documents\Notebooks\cyberdata\src\cyberdata\process\synthetic_generator.py:418 - execute_generation_task() - Executing task Phishing and Spam Email Campaigns_ben_26 (attempt 1): 2 benign samples (schema-aware: True)
2025-06-16 15:43:12,604 - cyberdata.scripts.generator - INFO - c:\Users\Tianyu Wang\Documents\Notebooks\cyberdata\src\cyberdata\process\synthetic_generator.py:841 - generate_parallel() - Task Phishing and Spam Email Campaigns_mal_20 contributed 2 samples
2025-06-16 15:43:12,618 - cyberdata.scripts.generator - INFO - c:\Users\Tianyu Wang\Documents\Notebooks\cyberdata\src\cyberdata\process\synthetic_generator.py:464 - execute_generation_task() - Task Phishing and Spam Email Campaigns_mal_23 completed: 2 unique samples (0 duplicates filtered) in 4.28s
2025-06-16 15:43:12,620 - cyberdata.scripts.generator - INFO - c:\Users\Tianyu Wang\Documents\Notebooks\cyberdata\src\cyberdata\process\synthetic_generator.py:418 - execute_generation_task() - Executing task Phishing and Spam Email Campaigns_ben_27 (attempt 1): 2 benign samples (schema-aware: True)
2025-06-16 15:43:12,620 - cyberdata.scripts.generator - INFO - c:\Users\Tianyu Wang\Documents\Notebooks\cyberdata\src\cyberdata\process\synthetic_generator.py:841 - generate_parallel() - Task Phishing and Spam Email Campaigns_mal_23 contributed 2 samples
2025-06-16 15:43:14,885 - cyberdata.scripts.generator - INFO - c:\Users\Tianyu Wang\Documents\Notebooks\cyberdata\src\cyberdata\process\synthetic_generator.py:464 - execute_generation_task() - Task Phishing and Spam Email Campaigns_mal_24 completed: 2 unique samples (0 duplicates filtered) in 4.14s
2025-06-16 15:43:14,887 - cyberdata.scripts.generator - INFO - c:\Users\Tianyu Wang\Documents\Notebooks\cyberdata\src\cyberdata\process\synthetic_generator.py:418 - execute_generation_task() - Executing task Phishing and Spam Email Campaigns_ben_28 (attempt 1): 2 benign samples (schema-aware: True)
2025-06-16 15:43:14,887 - cyberdata.scripts.generator - INFO - c:\Users\Tianyu Wang\Documents\Notebooks\cyberdata\src\cyberdata\process\synthetic_generator.py:841 - generate_parallel() - Task Phishing and Spam Email Campaigns_mal_24 contributed 2 samples
2025-06-16 15:43:15,060 - cyberdata.scripts.generator - INFO - c:\Users\Tianyu Wang\Documents\Notebooks\cyberdata\src\cyberdata\process\synthetic_generator.py:464 - execute_generation_task() - Task Phishing and Spam Email Campaigns_ben_25 completed: 2 unique samples (0 duplicates filtered) in 3.48s
2025-06-16 15:43:15,061 - cyberdata.scripts.generator - INFO - c:\Users\Tianyu Wang\Documents\Notebooks\cyberdata\src\cyberdata\process\synthetic_generator.py:418 - execute_generation_task() - Executing task Phishing and Spam Email Campaigns_ben_29 (attempt 1): 2 benign samples (schema-aware: True)
2025-06-16 15:43:15,062 - cyberdata.scripts.generator - INFO - c:\Users\Tianyu Wang\Documents\Notebooks\cyberdata\src\cyberdata\process\synthetic_generator.py:841 - generate_parallel() - Task Phishing and Spam Email Campaigns_ben_25 contributed 2 samples
2025-06-16 15:43:15,863 - cyberdata.scripts.generator - INFO - c:\Users\Tianyu Wang\Documents\Notebooks\cyberdata\src\cyberdata\process\synthetic_generator.py:464 - execute_generation_task() - Task Phishing and Spam Email Campaigns_ben_27 completed: 2 unique samples (0 duplicates filtered) in 3.24s
2025-06-16 15:43:15,865 - cyberdata.scripts.generator - INFO - c:\Users\Tianyu Wang\Documents\Notebooks\cyberdata\src\cyberdata\process\synthetic_generator.py:418 - execute_generation_task() - Executing task Phishing and Spam Email Campaigns_ben_30 (attempt 1): 2 benign samples (schema-aware: True)
2025-06-16 15:43:15,866 - cyberdata.scripts.generator - INFO - c:\Users\Tianyu Wang\Documents\Notebooks\cyberdata\src\cyberdata\process\synthetic_generator.py:841 - generate_parallel() - Task Phishing and Spam Email Campaigns_ben_27 contributed 2 samples
2025-06-16 15:43:16,414 - cyberdata.scripts.generator - INFO - c:\Users\Tianyu Wang\Documents\Notebooks\cyberdata\src\cyberdata\process\synthetic_generator.py:464 - execute_generation_task() - Task Phishing and Spam Email Campaigns_ben_26 completed: 2 unique samples (0 duplicates filtered) in 3.81s
2025-06-16 15:43:16,416 - cyberdata.scripts.generator - INFO - c:\Users\Tianyu Wang\Documents\Notebooks\cyberdata\src\cyberdata\process\synthetic_generator.py:418 - execute_generation_task() - Executing task Phishing and Spam Email Campaigns_ben_31 (attempt 1): 2 benign samples (schema-aware: True)
2025-06-16 15:43:16,417 - cyberdata.scripts.generator - INFO - c:\Users\Tianyu Wang\Documents\Notebooks\cyberdata\src\cyberdata\process\synthetic_generator.py:841 - generate_parallel() - Task Phishing and Spam Email Campaigns_ben_26 contributed 2 samples
2025-06-16 15:43:18,753 - cyberdata.scripts.generator - INFO - c:\Users\Tianyu Wang\Documents\Notebooks\cyberdata\src\cyberdata\process\synthetic_generator.py:464 - execute_generation_task() - Task Phishing and Spam Email Campaigns_ben_29 completed: 2 unique samples (0 duplicates filtered) in 3.69s
2025-06-16 15:43:18,755 - cyberdata.scripts.generator - INFO - c:\Users\Tianyu Wang\Documents\Notebooks\cyberdata\src\cyberdata\process\synthetic_generator.py:418 - execute_generation_task() - Executing task Phishing and Spam Email Campaigns_ben_32 (attempt 1): 2 benign samples (schema-aware: True)
2025-06-16 15:43:18,755 - cyberdata.scripts.generator - INFO - c:\Users\Tianyu Wang\Documents\Notebooks\cyberdata\src\cyberdata\process\synthetic_generator.py:841 - generate_parallel() - Task Phishing and Spam Email Campaigns_ben_29 contributed 2 samples
2025-06-16 15:43:19,936 - cyberdata.scripts.generator - INFO - c:\Users\Tianyu Wang\Documents\Notebooks\cyberdata\src\cyberdata\process\synthetic_generator.py:464 - execute_generation_task() - Task Phishing and Spam Email Campaigns_ben_28 completed: 2 unique samples (0 duplicates filtered) in 5.05s
2025-06-16 15:43:19,938 - cyberdata.scripts.generator - INFO - c:\Users\Tianyu Wang\Documents\Notebooks\cyberdata\src\cyberdata\process\synthetic_generator.py:418 - execute_generation_task() - Executing task Phishing and Spam Email Campaigns_ben_33 (attempt 1): 2 benign samples (schema-aware: True)
2025-06-16 15:43:19,938 - cyberdata.scripts.generator - INFO - c:\Users\Tianyu Wang\Documents\Notebooks\cyberdata\src\cyberdata\process\synthetic_generator.py:841 - generate_parallel() - Task Phishing and Spam Email Campaigns_ben_28 contributed 2 samples
2025-06-16 15:43:21,297 - cyberdata.scripts.generator - INFO - c:\Users\Tianyu Wang\Documents\Notebooks\cyberdata\src\cyberdata\process\synthetic_generator.py:464 - execute_generation_task() - Task Phishing and Spam Email Campaigns_ben_30 completed: 2 unique samples (0 duplicates filtered) in 5.43s
2025-06-16 15:43:21,298 - cyberdata.scripts.generator - INFO - c:\Users\Tianyu Wang\Documents\Notebooks\cyberdata\src\cyberdata\process\synthetic_generator.py:418 - execute_generation_task() - Executing task Phishing and Spam Email Campaigns_ben_34 (attempt 1): 2 benign samples (schema-aware: True)
2025-06-16 15:43:21,303 - cyberdata.scripts.generator - INFO - c:\Users\Tianyu Wang\Documents\Notebooks\cyberdata\src\cyberdata\process\synthetic_generator.py:841 - generate_parallel() - Task Phishing and Spam Email Campaigns_ben_30 contributed 2 samples
2025-06-16 15:43:22,093 - cyberdata.scripts.generator - INFO - c:\Users\Tianyu Wang\Documents\Notebooks\cyberdata\src\cyberdata\process\synthetic_generator.py:464 - execute_generation_task() - Task Phishing and Spam Email Campaigns_ben_31 completed: 2 unique samples (0 duplicates filtered) in 5.68s
2025-06-16 15:43:22,094 - cyberdata.scripts.generator - INFO - c:\Users\Tianyu Wang\Documents\Notebooks\cyberdata\src\cyberdata\process\synthetic_generator.py:418 - execute_generation_task() - Executing task Phishing and Spam Email Campaigns_ben_35 (attempt 1): 2 benign samples (schema-aware: True)
2025-06-16 15:43:22,094 - cyberdata.scripts.generator - INFO - c:\Users\Tianyu Wang\Documents\Notebooks\cyberdata\src\cyberdata\process\synthetic_generator.py:841 - generate_parallel() - Task Phishing and Spam Email Campaigns_ben_31 contributed 2 samples
2025-06-16 15:43:26,565 - cyberdata.scripts.generator - INFO - c:\Users\Tianyu Wang\Documents\Notebooks\cyberdata\src\cyberdata\process\synthetic_generator.py:464 - execute_generation_task() - Task Phishing and Spam Email Campaigns_ben_32 completed: 2 unique samples (0 duplicates filtered) in 7.81s
2025-06-16 15:43:26,567 - cyberdata.scripts.generator - INFO - c:\Users\Tianyu Wang\Documents\Notebooks\cyberdata\src\cyberdata\process\synthetic_generator.py:418 - execute_generation_task() - Executing task Phishing and Spam Email Campaigns_ben_36 (attempt 1): 2 benign samples (schema-aware: True)
2025-06-16 15:43:26,567 - cyberdata.scripts.generator - INFO - c:\Users\Tianyu Wang\Documents\Notebooks\cyberdata\src\cyberdata\process\synthetic_generator.py:841 - generate_parallel() - Task Phishing and Spam Email Campaigns_ben_32 contributed 2 samples
2025-06-16 15:43:28,833 - cyberdata.scripts.generator - INFO - c:\Users\Tianyu Wang\Documents\Notebooks\cyberdata\src\cyberdata\process\synthetic_generator.py:464 - execute_generation_task() - Task Phishing and Spam Email Campaigns_ben_34 completed: 2 unique samples (0 duplicates filtered) in 7.54s
2025-06-16 15:43:28,834 - cyberdata.scripts.generator - INFO - c:\Users\Tianyu Wang\Documents\Notebooks\cyberdata\src\cyberdata\process\synthetic_generator.py:418 - execute_generation_task() - Executing task Phishing and Spam Email Campaigns_ben_37 (attempt 1): 2 benign samples (schema-aware: True)
2025-06-16 15:43:28,834 - cyberdata.scripts.generator - INFO - c:\Users\Tianyu Wang\Documents\Notebooks\cyberdata\src\cyberdata\process\synthetic_generator.py:841 - generate_parallel() - Task Phishing and Spam Email Campaigns_ben_34 contributed 2 samples
2025-06-16 15:43:29,672 - cyberdata.scripts.generator - INFO - c:\Users\Tianyu Wang\Documents\Notebooks\cyberdata\src\cyberdata\process\synthetic_generator.py:464 - execute_generation_task() - Task Phishing and Spam Email Campaigns_ben_35 completed: 2 unique samples (0 duplicates filtered) in 7.58s
2025-06-16 15:43:29,674 - cyberdata.scripts.generator - INFO - c:\Users\Tianyu Wang\Documents\Notebooks\cyberdata\src\cyberdata\process\synthetic_generator.py:418 - execute_generation_task() - Executing task Phishing and Spam Email Campaigns_ben_38 (attempt 1): 2 benign samples (schema-aware: True)
2025-06-16 15:43:29,675 - cyberdata.scripts.generator - INFO - c:\Users\Tianyu Wang\Documents\Notebooks\cyberdata\src\cyberdata\process\synthetic_generator.py:841 - generate_parallel() - Task Phishing and Spam Email Campaigns_ben_35 contributed 2 samples
2025-06-16 15:43:32,273 - cyberdata.scripts.generator - INFO - c:\Users\Tianyu Wang\Documents\Notebooks\cyberdata\src\cyberdata\process\synthetic_generator.py:464 - execute_generation_task() - Task Phishing and Spam Email Campaigns_ben_33 completed: 2 unique samples (0 duplicates filtered) in 12.33s
2025-06-16 15:43:32,273 - cyberdata.scripts.generator - INFO - c:\Users\Tianyu Wang\Documents\Notebooks\cyberdata\src\cyberdata\process\synthetic_generator.py:418 - execute_generation_task() - Executing task Phishing and Spam Email Campaigns_ben_39 (attempt 1): 2 benign samples (schema-aware: True)
2025-06-16 15:43:32,273 - cyberdata.scripts.generator - INFO - c:\Users\Tianyu Wang\Documents\Notebooks\cyberdata\src\cyberdata\process\synthetic_generator.py:841 - generate_parallel() - Task Phishing and Spam Email Campaigns_ben_33 contributed 2 samples
2025-06-16 15:43:32,964 - cyberdata.scripts.generator - INFO - c:\Users\Tianyu Wang\Documents\Notebooks\cyberdata\src\cyberdata\process\synthetic_generator.py:464 - execute_generation_task() - Task Phishing and Spam Email Campaigns_ben_36 completed: 2 unique samples (0 duplicates filtered) in 6.40s
2025-06-16 15:43:32,965 - cyberdata.scripts.generator - INFO - c:\Users\Tianyu Wang\Documents\Notebooks\cyberdata\src\cyberdata\process\synthetic_generator.py:418 - execute_generation_task() - Executing task Phishing and Spam Email Campaigns_ben_40 (attempt 1): 2 benign samples (schema-aware: True)
2025-06-16 15:43:32,965 - cyberdata.scripts.generator - INFO - c:\Users\Tianyu Wang\Documents\Notebooks\cyberdata\src\cyberdata\process\synthetic_generator.py:841 - generate_parallel() - Task Phishing and Spam Email Campaigns_ben_36 contributed 2 samples
2025-06-16 15:43:33,339 - cyberdata.scripts.generator - INFO - c:\Users\Tianyu Wang\Documents\Notebooks\cyberdata\src\cyberdata\process\synthetic_generator.py:464 - execute_generation_task() - Task Phishing and Spam Email Campaigns_ben_37 completed: 2 unique samples (0 duplicates filtered) in 4.51s
2025-06-16 15:43:33,339 - cyberdata.scripts.generator - INFO - c:\Users\Tianyu Wang\Documents\Notebooks\cyberdata\src\cyberdata\process\synthetic_generator.py:418 - execute_generation_task() - Executing task Phishing and Spam Email Campaigns_ben_41 (attempt 1): 2 benign samples (schema-aware: True)
2025-06-16 15:43:33,339 - cyberdata.scripts.generator - INFO - c:\Users\Tianyu Wang\Documents\Notebooks\cyberdata\src\cyberdata\process\synthetic_generator.py:841 - generate_parallel() - Task Phishing and Spam Email Campaigns_ben_37 contributed 2 samples
2025-06-16 15:43:34,640 - cyberdata.scripts.generator - INFO - c:\Users\Tianyu Wang\Documents\Notebooks\cyberdata\src\cyberdata\process\synthetic_generator.py:464 - execute_generation_task() - Task Phishing and Spam Email Campaigns_ben_38 completed: 2 unique samples (0 duplicates filtered) in 4.97s
2025-06-16 15:43:34,640 - cyberdata.scripts.generator - INFO - c:\Users\Tianyu Wang\Documents\Notebooks\cyberdata\src\cyberdata\process\synthetic_generator.py:418 - execute_generation_task() - Executing task Phishing and Spam Email Campaigns_ben_42 (attempt 1): 2 benign samples (schema-aware: True)
2025-06-16 15:43:34,640 - cyberdata.scripts.generator - INFO - c:\Users\Tianyu Wang\Documents\Notebooks\cyberdata\src\cyberdata\process\synthetic_generator.py:841 - generate_parallel() - Task Phishing and Spam Email Campaigns_ben_38 contributed 2 samples
2025-06-16 15:43:37,573 - cyberdata.scripts.generator - INFO - c:\Users\Tianyu Wang\Documents\Notebooks\cyberdata\src\cyberdata\process\synthetic_generator.py:464 - execute_generation_task() - Task Phishing and Spam Email Campaigns_ben_39 completed: 2 unique samples (0 duplicates filtered) in 5.30s
2025-06-16 15:43:37,574 - cyberdata.scripts.generator - INFO - c:\Users\Tianyu Wang\Documents\Notebooks\cyberdata\src\cyberdata\process\synthetic_generator.py:418 - execute_generation_task() - Executing task Phishing and Spam Email Campaigns_ben_43 (attempt 1): 2 benign samples (schema-aware: True)
2025-06-16 15:43:37,575 - cyberdata.scripts.generator - INFO - c:\Users\Tianyu Wang\Documents\Notebooks\cyberdata\src\cyberdata\process\synthetic_generator.py:841 - generate_parallel() - Task Phishing and Spam Email Campaigns_ben_39 contributed 2 samples
2025-06-16 15:43:37,711 - cyberdata.scripts.generator - INFO - c:\Users\Tianyu Wang\Documents\Notebooks\cyberdata\src\cyberdata\process\synthetic_generator.py:464 - execute_generation_task() - Task Phishing and Spam Email Campaigns_ben_41 completed: 2 unique samples (0 duplicates filtered) in 4.37s
2025-06-16 15:43:37,712 - cyberdata.scripts.generator - INFO - c:\Users\Tianyu Wang\Documents\Notebooks\cyberdata\src\cyberdata\process\synthetic_generator.py:418 - execute_generation_task() - Executing task Phishing and Spam Email Campaigns_ben_44 (attempt 1): 2 benign samples (schema-aware: True)
2025-06-16 15:43:37,712 - cyberdata.scripts.generator - INFO - c:\Users\Tianyu Wang\Documents\Notebooks\cyberdata\src\cyberdata\process\synthetic_generator.py:841 - generate_parallel() - Task Phishing and Spam Email Campaigns_ben_41 contributed 2 samples
2025-06-16 15:43:37,761 - cyberdata.scripts.generator - INFO - c:\Users\Tianyu Wang\Documents\Notebooks\cyberdata\src\cyberdata\process\synthetic_generator.py:464 - execute_generation_task() - Task Phishing and Spam Email Campaigns_ben_40 completed: 2 unique samples (0 duplicates filtered) in 4.80s
2025-06-16 15:43:37,762 - cyberdata.scripts.generator - INFO - c:\Users\Tianyu Wang\Documents\Notebooks\cyberdata\src\cyberdata\process\synthetic_generator.py:418 - execute_generation_task() - Executing task Phishing and Spam Email Campaigns_ben_45 (attempt 1): 2 benign samples (schema-aware: True)
2025-06-16 15:43:37,762 - cyberdata.scripts.generator - INFO - c:\Users\Tianyu Wang\Documents\Notebooks\cyberdata\src\cyberdata\process\synthetic_generator.py:841 - generate_parallel() - Task Phishing and Spam Email Campaigns_ben_40 contributed 2 samples
2025-06-16 15:43:41,477 - cyberdata.scripts.generator - INFO - c:\Users\Tianyu Wang\Documents\Notebooks\cyberdata\src\cyberdata\process\synthetic_generator.py:464 - execute_generation_task() - Task Phishing and Spam Email Campaigns_ben_45 completed: 2 unique samples (0 duplicates filtered) in 3.71s
2025-06-16 15:43:41,479 - cyberdata.scripts.generator - INFO - c:\Users\Tianyu Wang\Documents\Notebooks\cyberdata\src\cyberdata\process\synthetic_generator.py:418 - execute_generation_task() - Executing task Phishing and Spam Email Campaigns_ben_46 (attempt 1): 2 benign samples (schema-aware: True)
2025-06-16 15:43:41,479 - cyberdata.scripts.generator - INFO - c:\Users\Tianyu Wang\Documents\Notebooks\cyberdata\src\cyberdata\process\synthetic_generator.py:841 - generate_parallel() - Task Phishing and Spam Email Campaigns_ben_45 contributed 2 samples
2025-06-16 15:43:41,662 - cyberdata.scripts.generator - INFO - c:\Users\Tianyu Wang\Documents\Notebooks\cyberdata\src\cyberdata\process\synthetic_generator.py:464 - execute_generation_task() - Task Phishing and Spam Email Campaigns_ben_42 completed: 2 unique samples (0 duplicates filtered) in 7.02s
2025-06-16 15:43:41,663 - cyberdata.scripts.generator - INFO - c:\Users\Tianyu Wang\Documents\Notebooks\cyberdata\src\cyberdata\process\synthetic_generator.py:418 - execute_generation_task() - Executing task Phishing and Spam Email Campaigns_ben_47 (attempt 1): 2 benign samples (schema-aware: True)
2025-06-16 15:43:41,663 - cyberdata.scripts.generator - INFO - c:\Users\Tianyu Wang\Documents\Notebooks\cyberdata\src\cyberdata\process\synthetic_generator.py:841 - generate_parallel() - Task Phishing and Spam Email Campaigns_ben_42 contributed 2 samples
2025-06-16 15:43:41,692 - cyberdata.scripts.generator - INFO - c:\Users\Tianyu Wang\Documents\Notebooks\cyberdata\src\cyberdata\process\synthetic_generator.py:464 - execute_generation_task() - Task Phishing and Spam Email Campaigns_ben_43 completed: 2 unique samples (0 duplicates filtered) in 4.12s
2025-06-16 15:43:41,693 - cyberdata.scripts.generator - INFO - c:\Users\Tianyu Wang\Documents\Notebooks\cyberdata\src\cyberdata\process\synthetic_generator.py:418 - execute_generation_task() - Executing task Phishing and Spam Email Campaigns_ben_48 (attempt 1): 2 benign samples (schema-aware: True)
2025-06-16 15:43:41,693 - cyberdata.scripts.generator - INFO - c:\Users\Tianyu Wang\Documents\Notebooks\cyberdata\src\cyberdata\process\synthetic_generator.py:841 - generate_parallel() - Task Phishing and Spam Email Campaigns_ben_43 contributed 2 samples
2025-06-16 15:43:42,169 - cyberdata.scripts.generator - INFO - c:\Users\Tianyu Wang\Documents\Notebooks\cyberdata\src\cyberdata\process\synthetic_generator.py:464 - execute_generation_task() - Task Phishing and Spam Email Campaigns_ben_44 completed: 2 unique samples (0 duplicates filtered) in 4.46s
2025-06-16 15:43:42,170 - cyberdata.scripts.generator - INFO - c:\Users\Tianyu Wang\Documents\Notebooks\cyberdata\src\cyberdata\process\synthetic_generator.py:418 - execute_generation_task() - Executing task Phishing and Spam Email Campaigns_ben_49 (attempt 1): 2 benign samples (schema-aware: True)
2025-06-16 15:43:42,170 - cyberdata.scripts.generator - INFO - c:\Users\Tianyu Wang\Documents\Notebooks\cyberdata\src\cyberdata\process\synthetic_generator.py:841 - generate_parallel() - Task Phishing and Spam Email Campaigns_ben_44 contributed 2 samples
2025-06-16 15:43:46,388 - cyberdata.scripts.generator - INFO - c:\Users\Tianyu Wang\Documents\Notebooks\cyberdata\src\cyberdata\process\synthetic_generator.py:464 - execute_generation_task() - Task Phishing and Spam Email Campaigns_ben_48 completed: 2 unique samples (0 duplicates filtered) in 4.70s
2025-06-16 15:43:46,390 - cyberdata.scripts.generator - INFO - c:\Users\Tianyu Wang\Documents\Notebooks\cyberdata\src\cyberdata\process\synthetic_generator.py:841 - generate_parallel() - Task Phishing and Spam Email Campaigns_ben_48 contributed 2 samples
2025-06-16 15:43:46,896 - cyberdata.scripts.generator - INFO - c:\Users\Tianyu Wang\Documents\Notebooks\cyberdata\src\cyberdata\process\synthetic_generator.py:464 - execute_generation_task() - Task Phishing and Spam Email Campaigns_ben_46 completed: 2 unique samples (0 duplicates filtered) in 5.42s
2025-06-16 15:43:46,897 - cyberdata.scripts.generator - INFO - c:\Users\Tianyu Wang\Documents\Notebooks\cyberdata\src\cyberdata\process\synthetic_generator.py:841 - generate_parallel() - Task Phishing and Spam Email Campaigns_ben_46 contributed 2 samples
2025-06-16 15:43:47,753 - cyberdata.scripts.generator - INFO - c:\Users\Tianyu Wang\Documents\Notebooks\cyberdata\src\cyberdata\process\synthetic_generator.py:464 - execute_generation_task() - Task Phishing and Spam Email Campaigns_ben_49 completed: 2 unique samples (0 duplicates filtered) in 5.58s
2025-06-16 15:43:47,753 - cyberdata.scripts.generator - INFO - c:\Users\Tianyu Wang\Documents\Notebooks\cyberdata\src\cyberdata\process\synthetic_generator.py:841 - generate_parallel() - Task Phishing and Spam Email Campaigns_ben_49 contributed 2 samples
2025-06-16 15:43:48,528 - cyberdata.scripts.generator - INFO - c:\Users\Tianyu Wang\Documents\Notebooks\cyberdata\src\cyberdata\process\synthetic_generator.py:464 - execute_generation_task() - Task Phishing and Spam Email Campaigns_ben_47 completed: 2 unique samples (0 duplicates filtered) in 6.87s
2025-06-16 15:43:48,530 - cyberdata.scripts.generator - INFO - c:\Users\Tianyu Wang\Documents\Notebooks\cyberdata\src\cyberdata\process\synthetic_generator.py:841 - generate_parallel() - Task Phishing and Spam Email Campaigns_ben_47 contributed 2 samples
2025-06-16 15:43:48,533 - cyberdata.scripts.generator - INFO - c:\Users\Tianyu Wang\Documents\Notebooks\cyberdata\src\cyberdata\process\synthetic_generator.py:853 - generate_parallel() - Parallel generation completed for Phishing and Spam Email Campaigns: 100 total samples generated in 64.61 seconds
2025-06-16 15:43:48,541 - cyberdata.scripts.generator - INFO - c:\Users\Tianyu Wang\Documents\Notebooks\cyberdata\src\cyberdata\process\synthetic_generator.py:909 - save_samples() - Saved 100 new samples to C:\Users\Tianyu Wang\Documents\Notebooks\cyberdata\data\large_samples\Social_Engineering\Phishing_and_Spam_Email_Campaigns_large.json
2025-06-16 15:43:48,541 - cyberdata.scripts.generator - INFO - c:\Users\Tianyu Wang\Documents\Notebooks\cyberdata\src\cyberdata\process\synthetic_generator.py:910 - save_samples() - Total samples in file: 100 (schema preserved: False)
2025-06-16 15:43:48,542 - cyberdata.scripts.generator - INFO - c:\Users\Tianyu Wang\Documents\Notebooks\cyberdata\src\cyberdata\process\synthetic_generator.py:911 - save_samples() - Generation rate: 92.9 samples/minute
2025-06-16 15:43:48,542 - cyberdata.scripts.generator - INFO - c:\Users\Tianyu Wang\Documents\Notebooks\cyberdata\src\cyberdata\process\synthetic_generator.py:1067 - main() - Successfully generated 100 samples for Phishing and Spam Email Campaigns
2025-06-16 15:43:48,542 - cyberdata.scripts.generator - INFO - c:\Users\Tianyu Wang\Documents\Notebooks\cyberdata\src\cyberdata\process\synthetic_generator.py:1081 - main() - 
============================================================
2025-06-16 15:43:48,543 - cyberdata.scripts.generator - INFO - c:\Users\Tianyu Wang\Documents\Notebooks\cyberdata\src\cyberdata\process\synthetic_generator.py:1082 - main() - GENERATION COMPLETED
2025-06-16 15:43:48,543 - cyberdata.scripts.generator - INFO - c:\Users\Tianyu Wang\Documents\Notebooks\cyberdata\src\cyberdata\process\synthetic_generator.py:1083 - main() - ============================================================
2025-06-16 15:43:48,543 - cyberdata.scripts.generator - INFO - c:\Users\Tianyu Wang\Documents\Notebooks\cyberdata\src\cyberdata\process\synthetic_generator.py:1084 - main() - Problems processed: 2/2
2025-06-16 15:43:48,544 - cyberdata.scripts.generator - INFO - c:\Users\Tianyu Wang\Documents\Notebooks\cyberdata\src\cyberdata\process\synthetic_generator.py:1085 - main() - Schema preserved: 0/2
2025-06-16 15:43:48,544 - cyberdata.scripts.generator - INFO - c:\Users\Tianyu Wang\Documents\Notebooks\cyberdata\src\cyberdata\process\synthetic_generator.py:1086 - main() - Total samples generated: 200
2025-06-16 15:43:48,544 - cyberdata.scripts.generator - INFO - c:\Users\Tianyu Wang\Documents\Notebooks\cyberdata\src\cyberdata\process\synthetic_generator.py:1087 - main() - Total duplicates filtered: 0
2025-06-16 15:43:48,545 - cyberdata.scripts.generator - INFO - c:\Users\Tianyu Wang\Documents\Notebooks\cyberdata\src\cyberdata\process\synthetic_generator.py:1088 - main() - Total generation time: 156.71 seconds
2025-06-16 15:43:48,545 - cyberdata.scripts.generator - INFO - c:\Users\Tianyu Wang\Documents\Notebooks\cyberdata\src\cyberdata\process\synthetic_generator.py:1092 - main() - Overall generation rate: 76.6 samples/minute
2025-06-16 15:43:48,545 - cyberdata.scripts.generator - INFO - c:\Users\Tianyu Wang\Documents\Notebooks\cyberdata\src\cyberdata\process\synthetic_generator.py:1094 - main() - ============================================================
