2025-06-17 18:44:41,082 - cyberdata.scripts.data_mixer - INFO - C:\Users\Tianyu Wang\Documents\Notebooks\cyberdata\src\cyberdata\utils\logger_config.py:62 - setup_logger() - Logger initialized. Logs will be saved to C:\Users\Tianyu Wang\Documents\Notebooks\cyberdata\logs\cyberdata.scripts.data_mixer_20250617_184441.log
2025-06-17 18:44:41,086 - cyberdata.scripts.data_mixer - INFO - c:\Users\Tianyu Wang\Documents\Notebooks\cyberdata\src\cyberdata\process\data_mixer.py:33 - <module>() - Project root: C:\Users\Tianyu Wang\Documents\Notebooks\cyberdata
2025-06-17 18:44:41,087 - cyberdata.scripts.data_mixer - INFO - c:\Users\Tianyu Wang\Documents\Notebooks\cyberdata\src\cyberdata\process\data_mixer.py:34 - <module>() - Raw data directory: C:\Users\Tianyu Wang\Documents\Notebooks\cyberdata\raw
2025-06-17 18:44:41,087 - cyberdata.scripts.data_mixer - INFO - c:\Users\Tianyu Wang\Documents\Notebooks\cyberdata\src\cyberdata\process\data_mixer.py:35 - <module>() - Large samples directory: C:\Users\Tianyu Wang\Documents\Notebooks\cyberdata\data\large_samples
2025-06-17 18:44:41,089 - cyberdata.scripts.data_mixer - INFO - c:\Users\Tianyu Wang\Documents\Notebooks\cyberdata\src\cyberdata\process\data_mixer.py:688 - main() - Starting intelligent data mixing process
2025-06-17 18:44:41,090 - cyberdata.scripts.data_mixer - INFO - c:\Users\Tianyu Wang\Documents\Notebooks\cyberdata\src\cyberdata\process\data_mixer.py:689 - main() - Parameters: raw_samples=500, synthetic_samples=500
2025-06-17 18:44:41,090 - cyberdata.scripts.data_mixer - INFO - c:\Users\Tianyu Wang\Documents\Notebooks\cyberdata\src\cyberdata\process\data_mixer.py:49 - load_raw_data() - Loading raw data from: C:\Users\Tianyu Wang\Documents\Notebooks\cyberdata\raw\five_email_phishing.csv.gz
2025-06-17 18:44:44,264 - cyberdata.scripts.data_mixer - INFO - c:\Users\Tianyu Wang\Documents\Notebooks\cyberdata\src\cyberdata\process\data_mixer.py:61 - load_raw_data() - Loaded 131346 rows with columns: ['subject', 'body', 'label', 'source']
2025-06-17 18:44:44,266 - cyberdata.scripts.data_mixer - INFO - c:\Users\Tianyu Wang\Documents\Notebooks\cyberdata\src\cyberdata\process\data_mixer.py:69 - load_raw_data() - Raw data label distribution: {1: np.int64(67393), 0: np.int64(63953)}
2025-06-17 18:44:44,267 - cyberdata.scripts.data_mixer - INFO - c:\Users\Tianyu Wang\Documents\Notebooks\cyberdata\src\cyberdata\process\data_mixer.py:698 - main() - Raw data schema: ['subject', 'body', 'label', 'source']
2025-06-17 18:44:44,267 - cyberdata.scripts.data_mixer - INFO - c:\Users\Tianyu Wang\Documents\Notebooks\cyberdata\src\cyberdata\process\data_mixer.py:661 - infer_problem_from_raw_file() - Inferred from 'five_email_phishing.csv.gz': area='Social Engineering', nature='phishing'
2025-06-17 18:44:44,268 - cyberdata.scripts.data_mixer - INFO - c:\Users\Tianyu Wang\Documents\Notebooks\cyberdata\src\cyberdata\process\data_mixer.py:706 - main() - Using inferred parameters: area='Social Engineering', nature='phishing'
2025-06-17 18:44:44,268 - cyberdata.scripts.data_mixer - INFO - c:\Users\Tianyu Wang\Documents\Notebooks\cyberdata\src\cyberdata\process\data_mixer.py:517 - find_best_synthetic_file() - Searching for schema-compatible synthetic data files...
2025-06-17 18:44:44,285 - cyberdata.scripts.data_mixer - INFO - c:\Users\Tianyu Wang\Documents\Notebooks\cyberdata\src\cyberdata\process\data_mixer.py:575 - find_best_synthetic_file() - Compatible file found: Social_Engineering\Phishing_and_Spam_Email_Campaigns_large.json
2025-06-17 18:44:44,285 - cyberdata.scripts.data_mixer - INFO - c:\Users\Tianyu Wang\Documents\Notebooks\cyberdata\src\cyberdata\process\data_mixer.py:576 - find_best_synthetic_file() -   Score: 1.200, Coverage: 1.00, Samples: 1000
2025-06-17 18:44:44,288 - cyberdata.scripts.data_mixer - INFO - c:\Users\Tianyu Wang\Documents\Notebooks\cyberdata\src\cyberdata\process\data_mixer.py:575 - find_best_synthetic_file() - Compatible file found: Social_Engineering\Phishing_and_Spam_Email_Campaigns_large.json
2025-06-17 18:44:44,288 - cyberdata.scripts.data_mixer - INFO - c:\Users\Tianyu Wang\Documents\Notebooks\cyberdata\src\cyberdata\process\data_mixer.py:576 - find_best_synthetic_file() -   Score: 1.200, Coverage: 1.00, Samples: 1000
2025-06-17 18:44:44,289 - cyberdata.scripts.data_mixer - INFO - c:\Users\Tianyu Wang\Documents\Notebooks\cyberdata\src\cyberdata\process\data_mixer.py:590 - find_best_synthetic_file() - Selected best match: Social_Engineering\Phishing_and_Spam_Email_Campaigns_large.json
2025-06-17 18:44:44,289 - cyberdata.scripts.data_mixer - INFO - c:\Users\Tianyu Wang\Documents\Notebooks\cyberdata\src\cyberdata\process\data_mixer.py:591 - find_best_synthetic_file() -   Final score: 1.200
2025-06-17 18:44:44,290 - cyberdata.scripts.data_mixer - INFO - c:\Users\Tianyu Wang\Documents\Notebooks\cyberdata\src\cyberdata\process\data_mixer.py:592 - find_best_synthetic_file() -   Schema coverage: 100.0%
2025-06-17 18:44:44,290 - cyberdata.scripts.data_mixer - INFO - c:\Users\Tianyu Wang\Documents\Notebooks\cyberdata\src\cyberdata\process\data_mixer.py:593 - find_best_synthetic_file() -   Sample count: 1000
2025-06-17 18:44:44,290 - cyberdata.scripts.data_mixer - INFO - c:\Users\Tianyu Wang\Documents\Notebooks\cyberdata\src\cyberdata\process\data_mixer.py:594 - find_best_synthetic_file() -   Common columns: 4
2025-06-17 18:44:44,290 - cyberdata.scripts.data_mixer - INFO - c:\Users\Tianyu Wang\Documents\Notebooks\cyberdata\src\cyberdata\process\data_mixer.py:595 - find_best_synthetic_file() -   Extra columns: 0
2025-06-17 18:44:44,291 - cyberdata.scripts.data_mixer - INFO - c:\Users\Tianyu Wang\Documents\Notebooks\cyberdata\src\cyberdata\process\data_mixer.py:599 - find_best_synthetic_file() - Other compatible options:
2025-06-17 18:44:44,291 - cyberdata.scripts.data_mixer - INFO - c:\Users\Tianyu Wang\Documents\Notebooks\cyberdata\src\cyberdata\process\data_mixer.py:601 - find_best_synthetic_file() -   - Phishing_and_Spam_Email_Campaigns_large.json (score: 1.200)
2025-06-17 18:44:44,292 - cyberdata.scripts.data_mixer - INFO - c:\Users\Tianyu Wang\Documents\Notebooks\cyberdata\src\cyberdata\process\data_mixer.py:746 - main() - Selected synthetic file: Social_Engineering\Phishing_and_Spam_Email_Campaigns_large.json
2025-06-17 18:44:44,292 - cyberdata.scripts.data_mixer - INFO - c:\Users\Tianyu Wang\Documents\Notebooks\cyberdata\src\cyberdata\process\data_mixer.py:88 - load_synthetic_data() - Loading synthetic data from: C:\Users\Tianyu Wang\Documents\Notebooks\cyberdata\data\large_samples\Social_Engineering\Phishing_and_Spam_Email_Campaigns_large.json
2025-06-17 18:44:44,296 - cyberdata.scripts.data_mixer - INFO - c:\Users\Tianyu Wang\Documents\Notebooks\cyberdata\src\cyberdata\process\data_mixer.py:105 - load_synthetic_data() - Loaded 1000 synthetic samples with columns: ['subject', 'body', 'label', 'source']
2025-06-17 18:44:44,297 - cyberdata.scripts.data_mixer - INFO - c:\Users\Tianyu Wang\Documents\Notebooks\cyberdata\src\cyberdata\process\data_mixer.py:116 - load_synthetic_data() - Found potential label columns: ['label']
2025-06-17 18:44:44,297 - cyberdata.scripts.data_mixer - INFO - c:\Users\Tianyu Wang\Documents\Notebooks\cyberdata\src\cyberdata\process\data_mixer.py:750 - main() - Synthetic data schema: ['subject', 'body', 'label', 'source']
2025-06-17 18:44:44,298 - cyberdata.scripts.data_mixer - INFO - c:\Users\Tianyu Wang\Documents\Notebooks\cyberdata\src\cyberdata\process\data_mixer.py:758 - main() - Schema compatibility: 100.0% coverage (4/4 columns)
2025-06-17 18:44:44,298 - cyberdata.scripts.data_mixer - INFO - c:\Users\Tianyu Wang\Documents\Notebooks\cyberdata\src\cyberdata\process\data_mixer.py:141 - stratified_sample_raw() - Performing stratified sampling on raw data: 500 total samples
2025-06-17 18:44:44,299 - cyberdata.scripts.data_mixer - INFO - c:\Users\Tianyu Wang\Documents\Notebooks\cyberdata\src\cyberdata\process\data_mixer.py:147 - stratified_sample_raw() - Available labels: {1: np.int64(67393), 0: np.int64(63953)}
2025-06-17 18:44:44,300 - cyberdata.scripts.data_mixer - INFO - c:\Users\Tianyu Wang\Documents\Notebooks\cyberdata\src\cyberdata\process\data_mixer.py:190 - stratified_sample_raw() - Target samples per label: {1: 257, 0: 243}
2025-06-17 18:44:44,300 - cyberdata.scripts.data_mixer - INFO - c:\Users\Tianyu Wang\Documents\Notebooks\cyberdata\src\cyberdata\process\data_mixer.py:192 - stratified_sample_raw() - Final distribution plan: {1: 257, 0: 243} (total: 500/500)
2025-06-17 18:44:44,315 - cyberdata.scripts.data_mixer - INFO - c:\Users\Tianyu Wang\Documents\Notebooks\cyberdata\src\cyberdata\process\data_mixer.py:214 - stratified_sample_raw() - Stratified sampling completed: 500 samples extracted
2025-06-17 18:44:44,316 - cyberdata.scripts.data_mixer - INFO - c:\Users\Tianyu Wang\Documents\Notebooks\cyberdata\src\cyberdata\process\data_mixer.py:216 - stratified_sample_raw() - Final raw sample distribution: {1: np.int64(257), 0: np.int64(243)}
2025-06-17 18:44:44,319 - cyberdata.scripts.data_mixer - INFO - c:\Users\Tianyu Wang\Documents\Notebooks\cyberdata\src\cyberdata\process\data_mixer.py:235 - sample_synthetic_data() - Sampling synthetic data: 500 samples
2025-06-17 18:44:44,321 - cyberdata.scripts.data_mixer - INFO - c:\Users\Tianyu Wang\Documents\Notebooks\cyberdata\src\cyberdata\process\data_mixer.py:284 - sample_synthetic_data() - Synthetic sampling completed: 500 samples
2025-06-17 18:44:44,321 - cyberdata.scripts.data_mixer - INFO - c:\Users\Tianyu Wang\Documents\Notebooks\cyberdata\src\cyberdata\process\data_mixer.py:359 - create_mixed_dataset() - Creating mixed dataset with synthetic marker
2025-06-17 18:44:44,321 - cyberdata.scripts.data_mixer - INFO - c:\Users\Tianyu Wang\Documents\Notebooks\cyberdata\src\cyberdata\process\data_mixer.py:303 - align_schemas() - Aligning schemas between raw and synthetic data
2025-06-17 18:44:44,322 - cyberdata.scripts.data_mixer - INFO - c:\Users\Tianyu Wang\Documents\Notebooks\cyberdata\src\cyberdata\process\data_mixer.py:308 - align_schemas() - Raw data columns: ['body', 'label', 'source', 'subject']
2025-06-17 18:44:44,322 - cyberdata.scripts.data_mixer - INFO - c:\Users\Tianyu Wang\Documents\Notebooks\cyberdata\src\cyberdata\process\data_mixer.py:309 - align_schemas() - Synthetic data columns: ['body', 'label', 'source', 'subject']
2025-06-17 18:44:44,322 - cyberdata.scripts.data_mixer - INFO - c:\Users\Tianyu Wang\Documents\Notebooks\cyberdata\src\cyberdata\process\data_mixer.py:316 - align_schemas() - Common columns: ['body', 'label', 'source', 'subject']
2025-06-17 18:44:44,325 - cyberdata.scripts.data_mixer - INFO - c:\Users\Tianyu Wang\Documents\Notebooks\cyberdata\src\cyberdata\process\data_mixer.py:342 - align_schemas() - Schema alignment completed. Final columns: ['body', 'label', 'source', 'subject']
2025-06-17 18:44:44,327 - cyberdata.scripts.data_mixer - INFO - c:\Users\Tianyu Wang\Documents\Notebooks\cyberdata\src\cyberdata\process\data_mixer.py:374 - create_mixed_dataset() - Mixed dataset created: 1000 total samples
2025-06-17 18:44:44,328 - cyberdata.scripts.data_mixer - INFO - c:\Users\Tianyu Wang\Documents\Notebooks\cyberdata\src\cyberdata\process\data_mixer.py:375 - create_mixed_dataset() - Real samples: 500, Synthetic samples: 500
2025-06-17 18:44:44,329 - cyberdata.scripts.data_mixer - INFO - c:\Users\Tianyu Wang\Documents\Notebooks\cyberdata\src\cyberdata\process\data_mixer.py:379 - create_mixed_dataset() - Synthetic marker distribution: {1: np.int64(500), 0: np.int64(500)}
2025-06-17 18:44:44,329 - cyberdata.scripts.data_mixer - INFO - c:\Users\Tianyu Wang\Documents\Notebooks\cyberdata\src\cyberdata\process\data_mixer.py:397 - save_mixed_dataset() - Saving mixed dataset to: C:\Users\Tianyu Wang\Documents\Notebooks\cyberdata\data\mixed\mixed_five_email_phishing_Phishing_and_Spam_Email_Campaigns_500+500.csv
2025-06-17 18:44:44,354 - cyberdata.scripts.data_mixer - INFO - c:\Users\Tianyu Wang\Documents\Notebooks\cyberdata\src\cyberdata\process\data_mixer.py:419 - save_mixed_dataset() - Saved mixed dataset as CSV: C:\Users\Tianyu Wang\Documents\Notebooks\cyberdata\data\mixed\mixed_five_email_phishing_Phishing_and_Spam_Email_Campaigns_500+500.csv
2025-06-17 18:44:44,355 - cyberdata.scripts.data_mixer - INFO - c:\Users\Tianyu Wang\Documents\Notebooks\cyberdata\src\cyberdata\process\data_mixer.py:425 - save_mixed_dataset() - Saved metadata: C:\Users\Tianyu Wang\Documents\Notebooks\cyberdata\data\mixed\mixed_five_email_phishing_Phishing_and_Spam_Email_Campaigns_500+500.metadata.json
2025-06-17 18:44:44,356 - cyberdata.scripts.data_mixer - INFO - c:\Users\Tianyu Wang\Documents\Notebooks\cyberdata\src\cyberdata\process\data_mixer.py:439 - save_mixed_dataset() - ==================================================
2025-06-17 18:44:44,356 - cyberdata.scripts.data_mixer - INFO - c:\Users\Tianyu Wang\Documents\Notebooks\cyberdata\src\cyberdata\process\data_mixer.py:440 - save_mixed_dataset() - MIXED DATASET SUMMARY
2025-06-17 18:44:44,356 - cyberdata.scripts.data_mixer - INFO - c:\Users\Tianyu Wang\Documents\Notebooks\cyberdata\src\cyberdata\process\data_mixer.py:441 - save_mixed_dataset() - ==================================================
2025-06-17 18:44:44,357 - cyberdata.scripts.data_mixer - INFO - c:\Users\Tianyu Wang\Documents\Notebooks\cyberdata\src\cyberdata\process\data_mixer.py:442 - save_mixed_dataset() - Total samples: 1000
2025-06-17 18:44:44,357 - cyberdata.scripts.data_mixer - INFO - c:\Users\Tianyu Wang\Documents\Notebooks\cyberdata\src\cyberdata\process\data_mixer.py:443 - save_mixed_dataset() - Real samples: 500 (50.0%)
2025-06-17 18:44:44,357 - cyberdata.scripts.data_mixer - INFO - c:\Users\Tianyu Wang\Documents\Notebooks\cyberdata\src\cyberdata\process\data_mixer.py:444 - save_mixed_dataset() - Synthetic samples: 500 (50.0%)
2025-06-17 18:44:44,357 - cyberdata.scripts.data_mixer - INFO - c:\Users\Tianyu Wang\Documents\Notebooks\cyberdata\src\cyberdata\process\data_mixer.py:445 - save_mixed_dataset() - Columns: 5
2025-06-17 18:44:44,358 - cyberdata.scripts.data_mixer - INFO - c:\Users\Tianyu Wang\Documents\Notebooks\cyberdata\src\cyberdata\process\data_mixer.py:446 - save_mixed_dataset() - Output file: C:\Users\Tianyu Wang\Documents\Notebooks\cyberdata\data\mixed\mixed_five_email_phishing_Phishing_and_Spam_Email_Campaigns_500+500.csv
2025-06-17 18:44:44,358 - cyberdata.scripts.data_mixer - INFO - c:\Users\Tianyu Wang\Documents\Notebooks\cyberdata\src\cyberdata\process\data_mixer.py:447 - save_mixed_dataset() - ==================================================
2025-06-17 18:44:44,358 - cyberdata.scripts.data_mixer - INFO - c:\Users\Tianyu Wang\Documents\Notebooks\cyberdata\src\cyberdata\process\data_mixer.py:792 - main() - Data mixing completed successfully!
2025-06-17 18:44:44,359 - cyberdata.scripts.data_mixer - INFO - c:\Users\Tianyu Wang\Documents\Notebooks\cyberdata\src\cyberdata\process\data_mixer.py:793 - main() - Final dataset: 1000 samples with 5 columns
2025-06-17 18:44:44,359 - cyberdata.scripts.data_mixer - INFO - c:\Users\Tianyu Wang\Documents\Notebooks\cyberdata\src\cyberdata\process\data_mixer.py:794 - main() - Schema coverage: 100.0%
