2025-06-18 21:33:02,116 - cyberdata.scripts.generator - INFO - C:\Users\Tianyu Wang\Documents\Notebooks\cyberdata\src\cyberdata\utils\logger_config.py:62 - setup_logger() - Logger initialized. Logs will be saved to C:\Users\Tianyu Wang\Documents\Notebooks\cyberdata\logs\cyberdata.scripts.generator_20250618_213302.log
2025-06-18 21:33:02,134 - cyberdata.scripts.generator - ERROR - c:\Users\Tianyu Wang\Documents\Notebooks\cyberdata\src\cyberdata\process\synthetic_generator.py:226 - _load_configuration() - Error loading configuration: mapping values are not allowed here
  in "C:\Users\Tianyu Wang\Documents\Notebooks\cyberdata\config\prompts\generation_config.yaml", line 31, column 15, using defaults
2025-06-18 21:33:02,135 - cyberdata.scripts.generator - INFO - c:\Users\Tianyu Wang\Documents\Notebooks\cyberdata\src\cyberdata\process\synthetic_generator.py:200 - __init__() - Generator initialized: 4 workers, batch size 2, defaults: 20 samples, 0.5 malicious ratio
2025-06-18 21:33:02,135 - cyberdata.scripts.generator - INFO - c:\Users\Tianyu Wang\Documents\Notebooks\cyberdata\src\cyberdata\process\synthetic_generator.py:1126 - main() - Starting enhanced generation: count=20, malicious_ratio=0.5
2025-06-18 21:33:02,136 - cyberdata.scripts.generator - INFO - c:\Users\Tianyu Wang\Documents\Notebooks\cyberdata\src\cyberdata\process\synthetic_generator.py:1137 - main() - Target distribution: 10 malicious, 10 benign
2025-06-18 21:33:02,137 - cyberdata.scripts.generator - INFO - c:\Users\Tianyu Wang\Documents\Notebooks\cyberdata\src\cyberdata\process\synthetic_generator.py:1149 - main() - Processing 1 problems
2025-06-18 21:33:02,138 - cyberdata.scripts.generator - INFO - c:\Users\Tianyu Wang\Documents\Notebooks\cyberdata\src\cyberdata\process\synthetic_generator.py:1167 - main() - 
============================================================
2025-06-18 21:33:02,138 - cyberdata.scripts.generator - INFO - c:\Users\Tianyu Wang\Documents\Notebooks\cyberdata\src\cyberdata\process\synthetic_generator.py:1168 - main() - Processing problem 1/1: network_security_intrusion_detection/rare and sophisticated network intrusion attacks focusing on Remote-to-Local (R2L) and User-to-Root (U2R) privilege escalation
2025-06-18 21:33:02,138 - cyberdata.scripts.generator - INFO - c:\Users\Tianyu Wang\Documents\Notebooks\cyberdata\src\cyberdata\process\synthetic_generator.py:1169 - main() - ============================================================
2025-06-18 21:33:02,139 - cyberdata.scripts.generator - INFO - c:\Users\Tianyu Wang\Documents\Notebooks\cyberdata\src\cyberdata\process\synthetic_generator.py:967 - generate_parallel() - Starting parallel generation for rare and sophisticated network intrusion attacks focusing on Remote-to-Local (R2L) and User-to-Root (U2R) privilege escalation: 10 malicious, 10 benign
2025-06-18 21:33:02,140 - cyberdata.scripts.generator - INFO - c:\Users\Tianyu Wang\Documents\Notebooks\cyberdata\src\cyberdata\process\synthetic_generator.py:380 - load_examples() - Loaded 6 examples for rare and sophisticated network intrusion attacks focusing on Remote-to-Local (R2L) and User-to-Root (U2R) privilege escalation (data_info enhanced: True)
2025-06-18 21:33:02,140 - cyberdata.scripts.generator - INFO - c:\Users\Tianyu Wang\Documents\Notebooks\cyberdata\src\cyberdata\process\synthetic_generator.py:420 - create_generation_tasks() - Creating tasks for rare and sophisticated network intrusion attacks focusing on Remote-to-Local (R2L) and User-to-Root (U2R) privilege escalation (enhanced: False)
2025-06-18 21:33:02,140 - cyberdata.scripts.generator - INFO - c:\Users\Tianyu Wang\Documents\Notebooks\cyberdata\src\cyberdata\process\synthetic_generator.py:467 - create_generation_tasks() - Created 10 generation tasks for rare and sophisticated network intrusion attacks focusing on Remote-to-Local (R2L) and User-to-Root (U2R) privilege escalation (enhanced: False)
2025-06-18 21:33:02,141 - cyberdata.scripts.generator - INFO - c:\Users\Tianyu Wang\Documents\Notebooks\cyberdata\src\cyberdata\process\synthetic_generator.py:481 - execute_generation_task() - Executing task rare and sophisticated network intrusion attacks focusing on Remote-to-Local (R2L) and User-to-Root (U2R) privilege escalation_mal_0 (attempt 1): 2 malicious samples (enhanced: False)
2025-06-18 21:33:02,142 - cyberdata.scripts.generator - INFO - c:\Users\Tianyu Wang\Documents\Notebooks\cyberdata\src\cyberdata\process\synthetic_generator.py:481 - execute_generation_task() - Executing task rare and sophisticated network intrusion attacks focusing on Remote-to-Local (R2L) and User-to-Root (U2R) privilege escalation_mal_1 (attempt 1): 2 malicious samples (enhanced: False)
2025-06-18 21:33:02,144 - cyberdata.scripts.generator - INFO - c:\Users\Tianyu Wang\Documents\Notebooks\cyberdata\src\cyberdata\process\synthetic_generator.py:481 - execute_generation_task() - Executing task rare and sophisticated network intrusion attacks focusing on Remote-to-Local (R2L) and User-to-Root (U2R) privilege escalation_mal_2 (attempt 1): 2 malicious samples (enhanced: False)
2025-06-18 21:33:02,146 - cyberdata.scripts.generator - INFO - c:\Users\Tianyu Wang\Documents\Notebooks\cyberdata\src\cyberdata\process\synthetic_generator.py:481 - execute_generation_task() - Executing task rare and sophisticated network intrusion attacks focusing on Remote-to-Local (R2L) and User-to-Root (U2R) privilege escalation_mal_3 (attempt 1): 2 malicious samples (enhanced: False)
2025-06-18 21:33:02,146 - cyberdata.scripts.generator - ERROR - c:\Users\Tianyu Wang\Documents\Notebooks\cyberdata\src\cyberdata\process\synthetic_generator.py:684 - _generate_schema_preserving_batch() - Error in schema-preserving generation: mapping values are not allowed here
  in "C:\Users\Tianyu Wang\Documents\Notebooks\cyberdata\config\prompts\generation_config.yaml", line 31, column 15
2025-06-18 21:33:02,146 - cyberdata.scripts.generator - ERROR - c:\Users\Tianyu Wang\Documents\Notebooks\cyberdata\src\cyberdata\process\synthetic_generator.py:684 - _generate_schema_preserving_batch() - Error in schema-preserving generation: mapping values are not allowed here
  in "C:\Users\Tianyu Wang\Documents\Notebooks\cyberdata\config\prompts\generation_config.yaml", line 31, column 15
2025-06-18 21:33:02,148 - cyberdata.scripts.generator - INFO - c:\Users\Tianyu Wang\Documents\Notebooks\cyberdata\src\cyberdata\process\synthetic_generator.py:527 - execute_generation_task() - Task rare and sophisticated network intrusion attacks focusing on Remote-to-Local (R2L) and User-to-Root (U2R) privilege escalation_mal_0 completed: 0 unique samples (0 duplicates filtered) in 0.01s
2025-06-18 21:33:02,150 - cyberdata.scripts.generator - INFO - c:\Users\Tianyu Wang\Documents\Notebooks\cyberdata\src\cyberdata\process\synthetic_generator.py:527 - execute_generation_task() - Task rare and sophisticated network intrusion attacks focusing on Remote-to-Local (R2L) and User-to-Root (U2R) privilege escalation_mal_1 completed: 0 unique samples (0 duplicates filtered) in 0.01s
2025-06-18 21:33:02,150 - cyberdata.scripts.generator - ERROR - c:\Users\Tianyu Wang\Documents\Notebooks\cyberdata\src\cyberdata\process\synthetic_generator.py:684 - _generate_schema_preserving_batch() - Error in schema-preserving generation: mapping values are not allowed here
  in "C:\Users\Tianyu Wang\Documents\Notebooks\cyberdata\config\prompts\generation_config.yaml", line 31, column 15
2025-06-18 21:33:02,151 - cyberdata.scripts.generator - INFO - c:\Users\Tianyu Wang\Documents\Notebooks\cyberdata\src\cyberdata\process\synthetic_generator.py:481 - execute_generation_task() - Executing task rare and sophisticated network intrusion attacks focusing on Remote-to-Local (R2L) and User-to-Root (U2R) privilege escalation_mal_4 (attempt 1): 2 malicious samples (enhanced: False)
2025-06-18 21:33:02,151 - cyberdata.scripts.generator - ERROR - c:\Users\Tianyu Wang\Documents\Notebooks\cyberdata\src\cyberdata\process\synthetic_generator.py:684 - _generate_schema_preserving_batch() - Error in schema-preserving generation: mapping values are not allowed here
  in "C:\Users\Tianyu Wang\Documents\Notebooks\cyberdata\config\prompts\generation_config.yaml", line 31, column 15
2025-06-18 21:33:02,151 - cyberdata.scripts.generator - INFO - c:\Users\Tianyu Wang\Documents\Notebooks\cyberdata\src\cyberdata\process\synthetic_generator.py:999 - generate_parallel() - Task rare and sophisticated network intrusion attacks focusing on Remote-to-Local (R2L) and User-to-Root (U2R) privilege escalation_mal_0 contributed 0 samples
2025-06-18 21:33:02,151 - cyberdata.scripts.generator - INFO - c:\Users\Tianyu Wang\Documents\Notebooks\cyberdata\src\cyberdata\process\synthetic_generator.py:481 - execute_generation_task() - Executing task rare and sophisticated network intrusion attacks focusing on Remote-to-Local (R2L) and User-to-Root (U2R) privilege escalation_ben_5 (attempt 1): 2 benign samples (enhanced: False)
2025-06-18 21:33:02,151 - cyberdata.scripts.generator - INFO - c:\Users\Tianyu Wang\Documents\Notebooks\cyberdata\src\cyberdata\process\synthetic_generator.py:527 - execute_generation_task() - Task rare and sophisticated network intrusion attacks focusing on Remote-to-Local (R2L) and User-to-Root (U2R) privilege escalation_mal_2 completed: 0 unique samples (0 duplicates filtered) in 0.01s
2025-06-18 21:33:02,153 - cyberdata.scripts.generator - INFO - c:\Users\Tianyu Wang\Documents\Notebooks\cyberdata\src\cyberdata\process\synthetic_generator.py:527 - execute_generation_task() - Task rare and sophisticated network intrusion attacks focusing on Remote-to-Local (R2L) and User-to-Root (U2R) privilege escalation_mal_3 completed: 0 unique samples (0 duplicates filtered) in 0.01s
2025-06-18 21:33:02,154 - cyberdata.scripts.generator - INFO - c:\Users\Tianyu Wang\Documents\Notebooks\cyberdata\src\cyberdata\process\synthetic_generator.py:999 - generate_parallel() - Task rare and sophisticated network intrusion attacks focusing on Remote-to-Local (R2L) and User-to-Root (U2R) privilege escalation_mal_1 contributed 0 samples
2025-06-18 21:33:02,154 - cyberdata.scripts.generator - ERROR - c:\Users\Tianyu Wang\Documents\Notebooks\cyberdata\src\cyberdata\process\synthetic_generator.py:684 - _generate_schema_preserving_batch() - Error in schema-preserving generation: mapping values are not allowed here
  in "C:\Users\Tianyu Wang\Documents\Notebooks\cyberdata\config\prompts\generation_config.yaml", line 31, column 15
2025-06-18 21:33:02,155 - cyberdata.scripts.generator - INFO - c:\Users\Tianyu Wang\Documents\Notebooks\cyberdata\src\cyberdata\process\synthetic_generator.py:481 - execute_generation_task() - Executing task rare and sophisticated network intrusion attacks focusing on Remote-to-Local (R2L) and User-to-Root (U2R) privilege escalation_ben_6 (attempt 1): 2 benign samples (enhanced: False)
2025-06-18 21:33:02,155 - cyberdata.scripts.generator - INFO - c:\Users\Tianyu Wang\Documents\Notebooks\cyberdata\src\cyberdata\process\synthetic_generator.py:481 - execute_generation_task() - Executing task rare and sophisticated network intrusion attacks focusing on Remote-to-Local (R2L) and User-to-Root (U2R) privilege escalation_ben_7 (attempt 1): 2 benign samples (enhanced: False)
2025-06-18 21:33:02,157 - cyberdata.scripts.generator - ERROR - c:\Users\Tianyu Wang\Documents\Notebooks\cyberdata\src\cyberdata\process\synthetic_generator.py:848 - _generate_schema_preserving_benign_batch() - Error in schema-preserving benign generation: mapping values are not allowed here
  in "C:\Users\Tianyu Wang\Documents\Notebooks\cyberdata\config\prompts\generation_config.yaml", line 31, column 15
2025-06-18 21:33:02,157 - cyberdata.scripts.generator - INFO - c:\Users\Tianyu Wang\Documents\Notebooks\cyberdata\src\cyberdata\process\synthetic_generator.py:999 - generate_parallel() - Task rare and sophisticated network intrusion attacks focusing on Remote-to-Local (R2L) and User-to-Root (U2R) privilege escalation_mal_2 contributed 0 samples
2025-06-18 21:33:02,158 - cyberdata.scripts.generator - INFO - c:\Users\Tianyu Wang\Documents\Notebooks\cyberdata\src\cyberdata\process\synthetic_generator.py:527 - execute_generation_task() - Task rare and sophisticated network intrusion attacks focusing on Remote-to-Local (R2L) and User-to-Root (U2R) privilege escalation_mal_4 completed: 0 unique samples (0 duplicates filtered) in 0.01s
2025-06-18 21:33:02,159 - cyberdata.scripts.generator - INFO - c:\Users\Tianyu Wang\Documents\Notebooks\cyberdata\src\cyberdata\process\synthetic_generator.py:527 - execute_generation_task() - Task rare and sophisticated network intrusion attacks focusing on Remote-to-Local (R2L) and User-to-Root (U2R) privilege escalation_ben_5 completed: 0 unique samples (0 duplicates filtered) in 0.01s
2025-06-18 21:33:02,159 - cyberdata.scripts.generator - INFO - c:\Users\Tianyu Wang\Documents\Notebooks\cyberdata\src\cyberdata\process\synthetic_generator.py:999 - generate_parallel() - Task rare and sophisticated network intrusion attacks focusing on Remote-to-Local (R2L) and User-to-Root (U2R) privilege escalation_mal_3 contributed 0 samples
2025-06-18 21:33:02,160 - cyberdata.scripts.generator - INFO - c:\Users\Tianyu Wang\Documents\Notebooks\cyberdata\src\cyberdata\process\synthetic_generator.py:481 - execute_generation_task() - Executing task rare and sophisticated network intrusion attacks focusing on Remote-to-Local (R2L) and User-to-Root (U2R) privilege escalation_ben_8 (attempt 1): 2 benign samples (enhanced: False)
2025-06-18 21:33:02,162 - cyberdata.scripts.generator - INFO - c:\Users\Tianyu Wang\Documents\Notebooks\cyberdata\src\cyberdata\process\synthetic_generator.py:481 - execute_generation_task() - Executing task rare and sophisticated network intrusion attacks focusing on Remote-to-Local (R2L) and User-to-Root (U2R) privilege escalation_ben_9 (attempt 1): 2 benign samples (enhanced: False)
2025-06-18 21:33:02,162 - cyberdata.scripts.generator - ERROR - c:\Users\Tianyu Wang\Documents\Notebooks\cyberdata\src\cyberdata\process\synthetic_generator.py:848 - _generate_schema_preserving_benign_batch() - Error in schema-preserving benign generation: mapping values are not allowed here
  in "C:\Users\Tianyu Wang\Documents\Notebooks\cyberdata\config\prompts\generation_config.yaml", line 31, column 15
2025-06-18 21:33:02,162 - cyberdata.scripts.generator - ERROR - c:\Users\Tianyu Wang\Documents\Notebooks\cyberdata\src\cyberdata\process\synthetic_generator.py:848 - _generate_schema_preserving_benign_batch() - Error in schema-preserving benign generation: mapping values are not allowed here
  in "C:\Users\Tianyu Wang\Documents\Notebooks\cyberdata\config\prompts\generation_config.yaml", line 31, column 15
2025-06-18 21:33:02,163 - cyberdata.scripts.generator - INFO - c:\Users\Tianyu Wang\Documents\Notebooks\cyberdata\src\cyberdata\process\synthetic_generator.py:999 - generate_parallel() - Task rare and sophisticated network intrusion attacks focusing on Remote-to-Local (R2L) and User-to-Root (U2R) privilege escalation_mal_4 contributed 0 samples
2025-06-18 21:33:02,164 - cyberdata.scripts.generator - INFO - c:\Users\Tianyu Wang\Documents\Notebooks\cyberdata\src\cyberdata\process\synthetic_generator.py:527 - execute_generation_task() - Task rare and sophisticated network intrusion attacks focusing on Remote-to-Local (R2L) and User-to-Root (U2R) privilege escalation_ben_6 completed: 0 unique samples (0 duplicates filtered) in 0.01s
2025-06-18 21:33:02,165 - cyberdata.scripts.generator - INFO - c:\Users\Tianyu Wang\Documents\Notebooks\cyberdata\src\cyberdata\process\synthetic_generator.py:527 - execute_generation_task() - Task rare and sophisticated network intrusion attacks focusing on Remote-to-Local (R2L) and User-to-Root (U2R) privilege escalation_ben_7 completed: 0 unique samples (0 duplicates filtered) in 0.01s
2025-06-18 21:33:02,166 - cyberdata.scripts.generator - ERROR - c:\Users\Tianyu Wang\Documents\Notebooks\cyberdata\src\cyberdata\process\synthetic_generator.py:848 - _generate_schema_preserving_benign_batch() - Error in schema-preserving benign generation: mapping values are not allowed here
  in "C:\Users\Tianyu Wang\Documents\Notebooks\cyberdata\config\prompts\generation_config.yaml", line 31, column 15
2025-06-18 21:33:02,167 - cyberdata.scripts.generator - INFO - c:\Users\Tianyu Wang\Documents\Notebooks\cyberdata\src\cyberdata\process\synthetic_generator.py:999 - generate_parallel() - Task rare and sophisticated network intrusion attacks focusing on Remote-to-Local (R2L) and User-to-Root (U2R) privilege escalation_ben_5 contributed 0 samples
2025-06-18 21:33:02,167 - cyberdata.scripts.generator - ERROR - c:\Users\Tianyu Wang\Documents\Notebooks\cyberdata\src\cyberdata\process\synthetic_generator.py:848 - _generate_schema_preserving_benign_batch() - Error in schema-preserving benign generation: mapping values are not allowed here
  in "C:\Users\Tianyu Wang\Documents\Notebooks\cyberdata\config\prompts\generation_config.yaml", line 31, column 15
2025-06-18 21:33:02,168 - cyberdata.scripts.generator - INFO - c:\Users\Tianyu Wang\Documents\Notebooks\cyberdata\src\cyberdata\process\synthetic_generator.py:527 - execute_generation_task() - Task rare and sophisticated network intrusion attacks focusing on Remote-to-Local (R2L) and User-to-Root (U2R) privilege escalation_ben_8 completed: 0 unique samples (0 duplicates filtered) in 0.01s
2025-06-18 21:33:02,168 - cyberdata.scripts.generator - INFO - c:\Users\Tianyu Wang\Documents\Notebooks\cyberdata\src\cyberdata\process\synthetic_generator.py:999 - generate_parallel() - Task rare and sophisticated network intrusion attacks focusing on Remote-to-Local (R2L) and User-to-Root (U2R) privilege escalation_ben_6 contributed 0 samples
2025-06-18 21:33:02,169 - cyberdata.scripts.generator - INFO - c:\Users\Tianyu Wang\Documents\Notebooks\cyberdata\src\cyberdata\process\synthetic_generator.py:527 - execute_generation_task() - Task rare and sophisticated network intrusion attacks focusing on Remote-to-Local (R2L) and User-to-Root (U2R) privilege escalation_ben_9 completed: 0 unique samples (0 duplicates filtered) in 0.01s
2025-06-18 21:33:02,169 - cyberdata.scripts.generator - INFO - c:\Users\Tianyu Wang\Documents\Notebooks\cyberdata\src\cyberdata\process\synthetic_generator.py:999 - generate_parallel() - Task rare and sophisticated network intrusion attacks focusing on Remote-to-Local (R2L) and User-to-Root (U2R) privilege escalation_ben_7 contributed 0 samples
2025-06-18 21:33:02,170 - cyberdata.scripts.generator - INFO - c:\Users\Tianyu Wang\Documents\Notebooks\cyberdata\src\cyberdata\process\synthetic_generator.py:999 - generate_parallel() - Task rare and sophisticated network intrusion attacks focusing on Remote-to-Local (R2L) and User-to-Root (U2R) privilege escalation_ben_8 contributed 0 samples
2025-06-18 21:33:02,170 - cyberdata.scripts.generator - INFO - c:\Users\Tianyu Wang\Documents\Notebooks\cyberdata\src\cyberdata\process\synthetic_generator.py:999 - generate_parallel() - Task rare and sophisticated network intrusion attacks focusing on Remote-to-Local (R2L) and User-to-Root (U2R) privilege escalation_ben_9 contributed 0 samples
2025-06-18 21:33:02,170 - cyberdata.scripts.generator - INFO - c:\Users\Tianyu Wang\Documents\Notebooks\cyberdata\src\cyberdata\process\synthetic_generator.py:1011 - generate_parallel() - Parallel generation completed for rare and sophisticated network intrusion attacks focusing on Remote-to-Local (R2L) and User-to-Root (U2R) privilege escalation: 0 total samples generated in 0.03 seconds
2025-06-18 21:33:02,171 - cyberdata.scripts.generator - WARNING - c:\Users\Tianyu Wang\Documents\Notebooks\cyberdata\src\cyberdata\process\synthetic_generator.py:1209 - main() - No samples generated for rare and sophisticated network intrusion attacks focusing on Remote-to-Local (R2L) and User-to-Root (U2R) privilege escalation
2025-06-18 21:33:02,171 - cyberdata.scripts.generator - INFO - c:\Users\Tianyu Wang\Documents\Notebooks\cyberdata\src\cyberdata\process\synthetic_generator.py:1221 - main() - 
============================================================
2025-06-18 21:33:02,171 - cyberdata.scripts.generator - INFO - c:\Users\Tianyu Wang\Documents\Notebooks\cyberdata\src\cyberdata\process\synthetic_generator.py:1222 - main() - ENHANCED GENERATION COMPLETED
2025-06-18 21:33:02,171 - cyberdata.scripts.generator - INFO - c:\Users\Tianyu Wang\Documents\Notebooks\cyberdata\src\cyberdata\process\synthetic_generator.py:1223 - main() - ============================================================
2025-06-18 21:33:02,172 - cyberdata.scripts.generator - INFO - c:\Users\Tianyu Wang\Documents\Notebooks\cyberdata\src\cyberdata\process\synthetic_generator.py:1224 - main() - Problems processed: 0/1
2025-06-18 21:33:02,172 - cyberdata.scripts.generator - INFO - c:\Users\Tianyu Wang\Documents\Notebooks\cyberdata\src\cyberdata\process\synthetic_generator.py:1225 - main() - Enhanced with data_info.yaml: 0
2025-06-18 21:33:02,172 - cyberdata.scripts.generator - INFO - c:\Users\Tianyu Wang\Documents\Notebooks\cyberdata\src\cyberdata\process\synthetic_generator.py:1226 - main() - Enhanced context used: 0
2025-06-18 21:33:02,173 - cyberdata.scripts.generator - INFO - c:\Users\Tianyu Wang\Documents\Notebooks\cyberdata\src\cyberdata\process\synthetic_generator.py:1227 - main() - Total samples generated: 0
2025-06-18 21:33:02,173 - cyberdata.scripts.generator - INFO - c:\Users\Tianyu Wang\Documents\Notebooks\cyberdata\src\cyberdata\process\synthetic_generator.py:1228 - main() - Total duplicates filtered: 0
2025-06-18 21:33:02,173 - cyberdata.scripts.generator - INFO - c:\Users\Tianyu Wang\Documents\Notebooks\cyberdata\src\cyberdata\process\synthetic_generator.py:1229 - main() - Total generation time: 0.03 seconds
2025-06-18 21:33:02,173 - cyberdata.scripts.generator - INFO - c:\Users\Tianyu Wang\Documents\Notebooks\cyberdata\src\cyberdata\process\synthetic_generator.py:1233 - main() - Overall generation rate: 0.0 samples/minute
2025-06-18 21:33:02,173 - cyberdata.scripts.generator - INFO - c:\Users\Tianyu Wang\Documents\Notebooks\cyberdata\src\cyberdata\process\synthetic_generator.py:1235 - main() - ============================================================
