2025-06-07 10:46:54,210 - cyberdata.scripts.generator - INFO - C:\Users\Tianyu Wang\Documents\Notebooks\cyberdata\src\cyberdata\utils\logger_config.py:62 - setup_logger() - Logger initialized. Logs will be saved to C:\Users\Tianyu Wang\Documents\Notebooks\cyberdata\logs\cyberdata.scripts.generator_20250607_104654.log
2025-06-07 10:46:54,230 - cyberdata.scripts.generator - INFO - C:\Users\Tianyu Wang\Documents\Notebooks\cyberdata\src\cyberdata\process\generator.py:171 - __init__() - Generator initialized: 4 workers, batch size 2, defaults: 20 samples, 0.5 malicious ratio
2025-06-07 10:46:54,230 - cyberdata.scripts.generator - INFO - C:\Users\Tianyu Wang\Documents\Notebooks\cyberdata\src\cyberdata\process\generator.py:579 - main() - Starting generation: count=50, malicious_ratio=0.6
2025-06-07 10:46:54,231 - cyberdata.scripts.generator - INFO - C:\Users\Tianyu Wang\Documents\Notebooks\cyberdata\src\cyberdata\process\generator.py:590 - main() - Target distribution: 30 malicious, 20 benign
2025-06-07 10:46:54,231 - cyberdata.scripts.generator - INFO - C:\Users\Tianyu Wang\Documents\Notebooks\cyberdata\src\cyberdata\process\generator.py:602 - main() - Processing 3 problems
2025-06-07 10:46:54,232 - cyberdata.scripts.generator - INFO - C:\Users\Tianyu Wang\Documents\Notebooks\cyberdata\src\cyberdata\process\generator.py:618 - main() - 
============================================================
2025-06-07 10:46:54,232 - cyberdata.scripts.generator - INFO - C:\Users\Tianyu Wang\Documents\Notebooks\cyberdata\src\cyberdata\process\generator.py:619 - main() - Processing problem 1/3: Phishing Attack/credential harvesting
2025-06-07 10:46:54,232 - cyberdata.scripts.generator - INFO - C:\Users\Tianyu Wang\Documents\Notebooks\cyberdata\src\cyberdata\process\generator.py:620 - main() - ============================================================
2025-06-07 10:46:54,232 - cyberdata.scripts.generator - INFO - C:\Users\Tianyu Wang\Documents\Notebooks\cyberdata\src\cyberdata\process\generator.py:467 - generate_parallel() - Starting parallel generation for credential harvesting: 30 malicious, 20 benign
2025-06-07 10:46:54,233 - cyberdata.scripts.generator - INFO - C:\Users\Tianyu Wang\Documents\Notebooks\cyberdata\src\cyberdata\process\generator.py:309 - create_generation_tasks() - Created 25 generation tasks for credential harvesting
2025-06-07 10:46:54,234 - cyberdata.scripts.generator - INFO - C:\Users\Tianyu Wang\Documents\Notebooks\cyberdata\src\cyberdata\process\generator.py:318 - execute_generation_task() - Executing task credential harvesting_mal_0 (attempt 1): 2 malicious samples
2025-06-07 10:46:54,234 - cyberdata.scripts.generator - INFO - C:\Users\Tianyu Wang\Documents\Notebooks\cyberdata\src\cyberdata\process\generator.py:318 - execute_generation_task() - Executing task credential harvesting_mal_1 (attempt 1): 2 malicious samples
2025-06-07 10:46:54,235 - cyberdata.scripts.generator - INFO - C:\Users\Tianyu Wang\Documents\Notebooks\cyberdata\src\cyberdata\process\generator.py:318 - execute_generation_task() - Executing task credential harvesting_mal_2 (attempt 1): 2 malicious samples
2025-06-07 10:46:54,237 - cyberdata.scripts.generator - INFO - C:\Users\Tianyu Wang\Documents\Notebooks\cyberdata\src\cyberdata\process\generator.py:318 - execute_generation_task() - Executing task credential harvesting_mal_3 (attempt 1): 2 malicious samples
2025-06-07 10:47:20,053 - cyberdata.scripts.generator - INFO - C:\Users\Tianyu Wang\Documents\Notebooks\cyberdata\src\cyberdata\process\generator.py:350 - execute_generation_task() - Task credential harvesting_mal_1 completed: 2 unique samples (0 duplicates filtered) in 25.82s
2025-06-07 10:47:20,054 - cyberdata.scripts.generator - INFO - C:\Users\Tianyu Wang\Documents\Notebooks\cyberdata\src\cyberdata\process\generator.py:318 - execute_generation_task() - Executing task credential harvesting_mal_4 (attempt 1): 2 malicious samples
2025-06-07 10:47:20,054 - cyberdata.scripts.generator - INFO - C:\Users\Tianyu Wang\Documents\Notebooks\cyberdata\src\cyberdata\process\generator.py:499 - generate_parallel() - Task credential harvesting_mal_1 contributed 2 samples
2025-06-07 10:47:20,805 - cyberdata.scripts.generator - INFO - C:\Users\Tianyu Wang\Documents\Notebooks\cyberdata\src\cyberdata\process\generator.py:350 - execute_generation_task() - Task credential harvesting_mal_0 completed: 2 unique samples (0 duplicates filtered) in 26.57s
2025-06-07 10:47:20,806 - cyberdata.scripts.generator - INFO - C:\Users\Tianyu Wang\Documents\Notebooks\cyberdata\src\cyberdata\process\generator.py:318 - execute_generation_task() - Executing task credential harvesting_mal_5 (attempt 1): 2 malicious samples
2025-06-07 10:47:20,806 - cyberdata.scripts.generator - INFO - C:\Users\Tianyu Wang\Documents\Notebooks\cyberdata\src\cyberdata\process\generator.py:499 - generate_parallel() - Task credential harvesting_mal_0 contributed 2 samples
2025-06-07 10:47:20,808 - cyberdata.scripts.generator - INFO - C:\Users\Tianyu Wang\Documents\Notebooks\cyberdata\src\cyberdata\process\generator.py:350 - execute_generation_task() - Task credential harvesting_mal_2 completed: 2 unique samples (0 duplicates filtered) in 26.57s
2025-06-07 10:47:20,813 - cyberdata.scripts.generator - INFO - C:\Users\Tianyu Wang\Documents\Notebooks\cyberdata\src\cyberdata\process\generator.py:318 - execute_generation_task() - Executing task credential harvesting_mal_6 (attempt 1): 2 malicious samples
2025-06-07 10:47:20,813 - cyberdata.scripts.generator - INFO - C:\Users\Tianyu Wang\Documents\Notebooks\cyberdata\src\cyberdata\process\generator.py:499 - generate_parallel() - Task credential harvesting_mal_2 contributed 2 samples
2025-06-07 10:47:25,016 - cyberdata.scripts.generator - INFO - C:\Users\Tianyu Wang\Documents\Notebooks\cyberdata\src\cyberdata\process\generator.py:350 - execute_generation_task() - Task credential harvesting_mal_3 completed: 2 unique samples (0 duplicates filtered) in 30.78s
2025-06-07 10:47:25,018 - cyberdata.scripts.generator - INFO - C:\Users\Tianyu Wang\Documents\Notebooks\cyberdata\src\cyberdata\process\generator.py:318 - execute_generation_task() - Executing task credential harvesting_mal_7 (attempt 1): 2 malicious samples
2025-06-07 10:47:25,018 - cyberdata.scripts.generator - INFO - C:\Users\Tianyu Wang\Documents\Notebooks\cyberdata\src\cyberdata\process\generator.py:499 - generate_parallel() - Task credential harvesting_mal_3 contributed 2 samples
2025-06-07 10:47:49,854 - cyberdata.scripts.generator - INFO - C:\Users\Tianyu Wang\Documents\Notebooks\cyberdata\src\cyberdata\process\generator.py:350 - execute_generation_task() - Task credential harvesting_mal_6 completed: 2 unique samples (0 duplicates filtered) in 29.04s
2025-06-07 10:47:49,855 - cyberdata.scripts.generator - INFO - C:\Users\Tianyu Wang\Documents\Notebooks\cyberdata\src\cyberdata\process\generator.py:318 - execute_generation_task() - Executing task credential harvesting_mal_8 (attempt 1): 2 malicious samples
2025-06-07 10:47:49,855 - cyberdata.scripts.generator - INFO - C:\Users\Tianyu Wang\Documents\Notebooks\cyberdata\src\cyberdata\process\generator.py:499 - generate_parallel() - Task credential harvesting_mal_6 contributed 2 samples
2025-06-07 10:47:54,711 - cyberdata.scripts.generator - INFO - C:\Users\Tianyu Wang\Documents\Notebooks\cyberdata\src\cyberdata\process\generator.py:350 - execute_generation_task() - Task credential harvesting_mal_5 completed: 2 unique samples (0 duplicates filtered) in 33.90s
2025-06-07 10:47:54,712 - cyberdata.scripts.generator - INFO - C:\Users\Tianyu Wang\Documents\Notebooks\cyberdata\src\cyberdata\process\generator.py:318 - execute_generation_task() - Executing task credential harvesting_mal_9 (attempt 1): 2 malicious samples
2025-06-07 10:47:54,712 - cyberdata.scripts.generator - INFO - C:\Users\Tianyu Wang\Documents\Notebooks\cyberdata\src\cyberdata\process\generator.py:499 - generate_parallel() - Task credential harvesting_mal_5 contributed 2 samples
2025-06-07 10:47:57,845 - cyberdata.scripts.generator - INFO - C:\Users\Tianyu Wang\Documents\Notebooks\cyberdata\src\cyberdata\process\generator.py:350 - execute_generation_task() - Task credential harvesting_mal_4 completed: 2 unique samples (0 duplicates filtered) in 37.79s
2025-06-07 10:47:57,845 - cyberdata.scripts.generator - INFO - C:\Users\Tianyu Wang\Documents\Notebooks\cyberdata\src\cyberdata\process\generator.py:318 - execute_generation_task() - Executing task credential harvesting_mal_10 (attempt 1): 2 malicious samples
2025-06-07 10:47:57,846 - cyberdata.scripts.generator - INFO - C:\Users\Tianyu Wang\Documents\Notebooks\cyberdata\src\cyberdata\process\generator.py:499 - generate_parallel() - Task credential harvesting_mal_4 contributed 2 samples
2025-06-07 10:48:01,461 - cyberdata.scripts.generator - INFO - C:\Users\Tianyu Wang\Documents\Notebooks\cyberdata\src\cyberdata\process\generator.py:350 - execute_generation_task() - Task credential harvesting_mal_7 completed: 2 unique samples (0 duplicates filtered) in 36.44s
2025-06-07 10:48:01,462 - cyberdata.scripts.generator - INFO - C:\Users\Tianyu Wang\Documents\Notebooks\cyberdata\src\cyberdata\process\generator.py:318 - execute_generation_task() - Executing task credential harvesting_mal_11 (attempt 1): 2 malicious samples
2025-06-07 10:48:01,462 - cyberdata.scripts.generator - INFO - C:\Users\Tianyu Wang\Documents\Notebooks\cyberdata\src\cyberdata\process\generator.py:499 - generate_parallel() - Task credential harvesting_mal_7 contributed 2 samples
2025-06-07 10:48:21,973 - cyberdata.scripts.generator - INFO - C:\Users\Tianyu Wang\Documents\Notebooks\cyberdata\src\cyberdata\process\generator.py:350 - execute_generation_task() - Task credential harvesting_mal_8 completed: 2 unique samples (0 duplicates filtered) in 32.12s
2025-06-07 10:48:21,974 - cyberdata.scripts.generator - INFO - C:\Users\Tianyu Wang\Documents\Notebooks\cyberdata\src\cyberdata\process\generator.py:318 - execute_generation_task() - Executing task credential harvesting_mal_12 (attempt 1): 2 malicious samples
2025-06-07 10:48:21,974 - cyberdata.scripts.generator - INFO - C:\Users\Tianyu Wang\Documents\Notebooks\cyberdata\src\cyberdata\process\generator.py:499 - generate_parallel() - Task credential harvesting_mal_8 contributed 2 samples
2025-06-07 10:48:38,949 - cyberdata.scripts.generator - INFO - C:\Users\Tianyu Wang\Documents\Notebooks\cyberdata\src\cyberdata\process\generator.py:350 - execute_generation_task() - Task credential harvesting_mal_10 completed: 2 unique samples (0 duplicates filtered) in 41.10s
2025-06-07 10:48:38,951 - cyberdata.scripts.generator - INFO - C:\Users\Tianyu Wang\Documents\Notebooks\cyberdata\src\cyberdata\process\generator.py:318 - execute_generation_task() - Executing task credential harvesting_mal_13 (attempt 1): 2 malicious samples
2025-06-07 10:48:38,951 - cyberdata.scripts.generator - INFO - C:\Users\Tianyu Wang\Documents\Notebooks\cyberdata\src\cyberdata\process\generator.py:499 - generate_parallel() - Task credential harvesting_mal_10 contributed 2 samples
2025-06-07 10:48:39,911 - cyberdata.scripts.generator - INFO - C:\Users\Tianyu Wang\Documents\Notebooks\cyberdata\src\cyberdata\process\generator.py:350 - execute_generation_task() - Task credential harvesting_mal_9 completed: 2 unique samples (0 duplicates filtered) in 45.20s
2025-06-07 10:48:39,913 - cyberdata.scripts.generator - INFO - C:\Users\Tianyu Wang\Documents\Notebooks\cyberdata\src\cyberdata\process\generator.py:318 - execute_generation_task() - Executing task credential harvesting_mal_14 (attempt 1): 2 malicious samples
2025-06-07 10:48:39,913 - cyberdata.scripts.generator - INFO - C:\Users\Tianyu Wang\Documents\Notebooks\cyberdata\src\cyberdata\process\generator.py:499 - generate_parallel() - Task credential harvesting_mal_9 contributed 2 samples
2025-06-07 10:48:43,306 - cyberdata.scripts.generator - INFO - C:\Users\Tianyu Wang\Documents\Notebooks\cyberdata\src\cyberdata\process\generator.py:350 - execute_generation_task() - Task credential harvesting_mal_11 completed: 2 unique samples (0 duplicates filtered) in 41.84s
2025-06-07 10:48:43,306 - cyberdata.scripts.generator - INFO - C:\Users\Tianyu Wang\Documents\Notebooks\cyberdata\src\cyberdata\process\generator.py:318 - execute_generation_task() - Executing task credential harvesting_ben_15 (attempt 1): 2 benign samples
2025-06-07 10:48:43,306 - cyberdata.scripts.generator - INFO - C:\Users\Tianyu Wang\Documents\Notebooks\cyberdata\src\cyberdata\process\generator.py:499 - generate_parallel() - Task credential harvesting_mal_11 contributed 2 samples
2025-06-07 10:48:55,392 - cyberdata.scripts.generator - INFO - C:\Users\Tianyu Wang\Documents\Notebooks\cyberdata\src\cyberdata\process\generator.py:350 - execute_generation_task() - Task credential harvesting_mal_12 completed: 2 unique samples (0 duplicates filtered) in 33.42s
2025-06-07 10:48:55,392 - cyberdata.scripts.generator - INFO - C:\Users\Tianyu Wang\Documents\Notebooks\cyberdata\src\cyberdata\process\generator.py:318 - execute_generation_task() - Executing task credential harvesting_ben_16 (attempt 1): 2 benign samples
2025-06-07 10:48:55,393 - cyberdata.scripts.generator - INFO - C:\Users\Tianyu Wang\Documents\Notebooks\cyberdata\src\cyberdata\process\generator.py:499 - generate_parallel() - Task credential harvesting_mal_12 contributed 2 samples
2025-06-07 10:48:58,638 - cyberdata.scripts.generator - INFO - C:\Users\Tianyu Wang\Documents\Notebooks\cyberdata\src\cyberdata\process\generator.py:350 - execute_generation_task() - Task credential harvesting_ben_15 completed: 2 unique samples (0 duplicates filtered) in 15.33s
2025-06-07 10:48:58,639 - cyberdata.scripts.generator - INFO - C:\Users\Tianyu Wang\Documents\Notebooks\cyberdata\src\cyberdata\process\generator.py:318 - execute_generation_task() - Executing task credential harvesting_ben_17 (attempt 1): 2 benign samples
2025-06-07 10:48:58,639 - cyberdata.scripts.generator - INFO - C:\Users\Tianyu Wang\Documents\Notebooks\cyberdata\src\cyberdata\process\generator.py:499 - generate_parallel() - Task credential harvesting_ben_15 contributed 2 samples
2025-06-07 10:49:06,621 - cyberdata.scripts.generator - INFO - C:\Users\Tianyu Wang\Documents\Notebooks\cyberdata\src\cyberdata\process\generator.py:350 - execute_generation_task() - Task credential harvesting_mal_13 completed: 2 unique samples (0 duplicates filtered) in 27.67s
2025-06-07 10:49:06,622 - cyberdata.scripts.generator - INFO - C:\Users\Tianyu Wang\Documents\Notebooks\cyberdata\src\cyberdata\process\generator.py:318 - execute_generation_task() - Executing task credential harvesting_ben_18 (attempt 1): 2 benign samples
2025-06-07 10:49:06,622 - cyberdata.scripts.generator - INFO - C:\Users\Tianyu Wang\Documents\Notebooks\cyberdata\src\cyberdata\process\generator.py:499 - generate_parallel() - Task credential harvesting_mal_13 contributed 2 samples
2025-06-07 10:49:07,786 - cyberdata.scripts.generator - INFO - C:\Users\Tianyu Wang\Documents\Notebooks\cyberdata\src\cyberdata\process\generator.py:350 - execute_generation_task() - Task credential harvesting_ben_16 completed: 2 unique samples (0 duplicates filtered) in 12.39s
2025-06-07 10:49:07,788 - cyberdata.scripts.generator - INFO - C:\Users\Tianyu Wang\Documents\Notebooks\cyberdata\src\cyberdata\process\generator.py:318 - execute_generation_task() - Executing task credential harvesting_ben_19 (attempt 1): 2 benign samples
2025-06-07 10:49:07,788 - cyberdata.scripts.generator - INFO - C:\Users\Tianyu Wang\Documents\Notebooks\cyberdata\src\cyberdata\process\generator.py:499 - generate_parallel() - Task credential harvesting_ben_16 contributed 2 samples
2025-06-07 10:49:12,877 - cyberdata.scripts.generator - INFO - C:\Users\Tianyu Wang\Documents\Notebooks\cyberdata\src\cyberdata\process\generator.py:350 - execute_generation_task() - Task credential harvesting_ben_17 completed: 2 unique samples (0 duplicates filtered) in 14.24s
2025-06-07 10:49:12,877 - cyberdata.scripts.generator - INFO - C:\Users\Tianyu Wang\Documents\Notebooks\cyberdata\src\cyberdata\process\generator.py:318 - execute_generation_task() - Executing task credential harvesting_ben_20 (attempt 1): 2 benign samples
2025-06-07 10:49:12,877 - cyberdata.scripts.generator - INFO - C:\Users\Tianyu Wang\Documents\Notebooks\cyberdata\src\cyberdata\process\generator.py:499 - generate_parallel() - Task credential harvesting_ben_17 contributed 2 samples
2025-06-07 10:49:13,590 - cyberdata.scripts.generator - INFO - C:\Users\Tianyu Wang\Documents\Notebooks\cyberdata\src\cyberdata\process\generator.py:350 - execute_generation_task() - Task credential harvesting_mal_14 completed: 2 unique samples (0 duplicates filtered) in 33.68s
2025-06-07 10:49:13,591 - cyberdata.scripts.generator - INFO - C:\Users\Tianyu Wang\Documents\Notebooks\cyberdata\src\cyberdata\process\generator.py:318 - execute_generation_task() - Executing task credential harvesting_ben_21 (attempt 1): 2 benign samples
2025-06-07 10:49:13,591 - cyberdata.scripts.generator - INFO - C:\Users\Tianyu Wang\Documents\Notebooks\cyberdata\src\cyberdata\process\generator.py:499 - generate_parallel() - Task credential harvesting_mal_14 contributed 2 samples
2025-06-07 10:49:22,315 - cyberdata.scripts.generator - INFO - C:\Users\Tianyu Wang\Documents\Notebooks\cyberdata\src\cyberdata\process\generator.py:350 - execute_generation_task() - Task credential harvesting_ben_18 completed: 2 unique samples (0 duplicates filtered) in 15.69s
2025-06-07 10:49:22,316 - cyberdata.scripts.generator - INFO - C:\Users\Tianyu Wang\Documents\Notebooks\cyberdata\src\cyberdata\process\generator.py:318 - execute_generation_task() - Executing task credential harvesting_ben_22 (attempt 1): 2 benign samples
2025-06-07 10:49:22,316 - cyberdata.scripts.generator - INFO - C:\Users\Tianyu Wang\Documents\Notebooks\cyberdata\src\cyberdata\process\generator.py:499 - generate_parallel() - Task credential harvesting_ben_18 contributed 2 samples
2025-06-07 10:49:28,052 - cyberdata.scripts.generator - INFO - C:\Users\Tianyu Wang\Documents\Notebooks\cyberdata\src\cyberdata\process\generator.py:350 - execute_generation_task() - Task credential harvesting_ben_19 completed: 2 unique samples (0 duplicates filtered) in 20.26s
2025-06-07 10:49:28,053 - cyberdata.scripts.generator - INFO - C:\Users\Tianyu Wang\Documents\Notebooks\cyberdata\src\cyberdata\process\generator.py:318 - execute_generation_task() - Executing task credential harvesting_ben_23 (attempt 1): 2 benign samples
2025-06-07 10:49:28,053 - cyberdata.scripts.generator - INFO - C:\Users\Tianyu Wang\Documents\Notebooks\cyberdata\src\cyberdata\process\generator.py:499 - generate_parallel() - Task credential harvesting_ben_19 contributed 2 samples
2025-06-07 10:49:29,607 - cyberdata.scripts.generator - INFO - C:\Users\Tianyu Wang\Documents\Notebooks\cyberdata\src\cyberdata\process\generator.py:350 - execute_generation_task() - Task credential harvesting_ben_21 completed: 2 unique samples (0 duplicates filtered) in 16.02s
2025-06-07 10:49:29,608 - cyberdata.scripts.generator - INFO - C:\Users\Tianyu Wang\Documents\Notebooks\cyberdata\src\cyberdata\process\generator.py:318 - execute_generation_task() - Executing task credential harvesting_ben_24 (attempt 1): 2 benign samples
2025-06-07 10:49:29,609 - cyberdata.scripts.generator - INFO - C:\Users\Tianyu Wang\Documents\Notebooks\cyberdata\src\cyberdata\process\generator.py:499 - generate_parallel() - Task credential harvesting_ben_21 contributed 2 samples
2025-06-07 10:49:33,326 - cyberdata.scripts.generator - INFO - C:\Users\Tianyu Wang\Documents\Notebooks\cyberdata\src\cyberdata\process\generator.py:350 - execute_generation_task() - Task credential harvesting_ben_20 completed: 2 unique samples (0 duplicates filtered) in 20.45s
2025-06-07 10:49:33,326 - cyberdata.scripts.generator - INFO - C:\Users\Tianyu Wang\Documents\Notebooks\cyberdata\src\cyberdata\process\generator.py:499 - generate_parallel() - Task credential harvesting_ben_20 contributed 2 samples
2025-06-07 10:49:36,304 - cyberdata.scripts.generator - INFO - C:\Users\Tianyu Wang\Documents\Notebooks\cyberdata\src\cyberdata\process\generator.py:350 - execute_generation_task() - Task credential harvesting_ben_22 completed: 2 unique samples (0 duplicates filtered) in 13.99s
2025-06-07 10:49:36,306 - cyberdata.scripts.generator - INFO - C:\Users\Tianyu Wang\Documents\Notebooks\cyberdata\src\cyberdata\process\generator.py:499 - generate_parallel() - Task credential harvesting_ben_22 contributed 2 samples
2025-06-07 10:49:43,796 - cyberdata.scripts.generator - INFO - C:\Users\Tianyu Wang\Documents\Notebooks\cyberdata\src\cyberdata\process\generator.py:350 - execute_generation_task() - Task credential harvesting_ben_23 completed: 2 unique samples (0 duplicates filtered) in 15.74s
2025-06-07 10:49:43,796 - cyberdata.scripts.generator - INFO - C:\Users\Tianyu Wang\Documents\Notebooks\cyberdata\src\cyberdata\process\generator.py:499 - generate_parallel() - Task credential harvesting_ben_23 contributed 2 samples
2025-06-07 10:49:43,876 - cyberdata.scripts.generator - INFO - C:\Users\Tianyu Wang\Documents\Notebooks\cyberdata\src\cyberdata\process\generator.py:350 - execute_generation_task() - Task credential harvesting_ben_24 completed: 2 unique samples (0 duplicates filtered) in 14.27s
2025-06-07 10:49:43,877 - cyberdata.scripts.generator - INFO - C:\Users\Tianyu Wang\Documents\Notebooks\cyberdata\src\cyberdata\process\generator.py:499 - generate_parallel() - Task credential harvesting_ben_24 contributed 2 samples
2025-06-07 10:49:43,877 - cyberdata.scripts.generator - INFO - C:\Users\Tianyu Wang\Documents\Notebooks\cyberdata\src\cyberdata\process\generator.py:511 - generate_parallel() - Parallel generation completed for credential harvesting: 50 total samples generated in 169.64 seconds
2025-06-07 10:49:43,882 - cyberdata.scripts.generator - INFO - C:\Users\Tianyu Wang\Documents\Notebooks\cyberdata\src\cyberdata\process\generator.py:562 - save_samples() - Saved 50 new samples to C:\Users\Tianyu Wang\Documents\Notebooks\cyberdata\data\large_samples\Phishing_Attack\credential_harvesting_large.json
2025-06-07 10:49:43,883 - cyberdata.scripts.generator - INFO - C:\Users\Tianyu Wang\Documents\Notebooks\cyberdata\src\cyberdata\process\generator.py:563 - save_samples() - Total samples in file: 50
2025-06-07 10:49:43,883 - cyberdata.scripts.generator - INFO - C:\Users\Tianyu Wang\Documents\Notebooks\cyberdata\src\cyberdata\process\generator.py:564 - save_samples() - Generation rate: 17.7 samples/minute
2025-06-07 10:49:43,883 - cyberdata.scripts.generator - INFO - C:\Users\Tianyu Wang\Documents\Notebooks\cyberdata\src\cyberdata\process\generator.py:649 - main() - Successfully generated 50 samples for credential harvesting
2025-06-07 10:49:43,884 - cyberdata.scripts.generator - INFO - C:\Users\Tianyu Wang\Documents\Notebooks\cyberdata\src\cyberdata\process\generator.py:618 - main() - 
============================================================
2025-06-07 10:49:43,884 - cyberdata.scripts.generator - INFO - C:\Users\Tianyu Wang\Documents\Notebooks\cyberdata\src\cyberdata\process\generator.py:619 - main() - Processing problem 2/3: Phishing Attack/spear phishing
2025-06-07 10:49:43,884 - cyberdata.scripts.generator - INFO - C:\Users\Tianyu Wang\Documents\Notebooks\cyberdata\src\cyberdata\process\generator.py:620 - main() - ============================================================
2025-06-07 10:49:43,885 - cyberdata.scripts.generator - INFO - C:\Users\Tianyu Wang\Documents\Notebooks\cyberdata\src\cyberdata\process\generator.py:467 - generate_parallel() - Starting parallel generation for spear phishing: 30 malicious, 20 benign
2025-06-07 10:49:43,908 - cyberdata.scripts.generator - INFO - C:\Users\Tianyu Wang\Documents\Notebooks\cyberdata\src\cyberdata\process\generator.py:309 - create_generation_tasks() - Created 25 generation tasks for spear phishing
2025-06-07 10:49:43,909 - cyberdata.scripts.generator - INFO - C:\Users\Tianyu Wang\Documents\Notebooks\cyberdata\src\cyberdata\process\generator.py:318 - execute_generation_task() - Executing task spear phishing_mal_0 (attempt 1): 2 malicious samples
2025-06-07 10:49:43,910 - cyberdata.scripts.generator - INFO - C:\Users\Tianyu Wang\Documents\Notebooks\cyberdata\src\cyberdata\process\generator.py:318 - execute_generation_task() - Executing task spear phishing_mal_1 (attempt 1): 2 malicious samples
2025-06-07 10:49:43,910 - cyberdata.scripts.generator - INFO - C:\Users\Tianyu Wang\Documents\Notebooks\cyberdata\src\cyberdata\process\generator.py:318 - execute_generation_task() - Executing task spear phishing_mal_2 (attempt 1): 2 malicious samples
2025-06-07 10:49:43,911 - cyberdata.scripts.generator - INFO - C:\Users\Tianyu Wang\Documents\Notebooks\cyberdata\src\cyberdata\process\generator.py:318 - execute_generation_task() - Executing task spear phishing_mal_3 (attempt 1): 2 malicious samples
2025-06-07 10:50:39,386 - cyberdata.scripts.generator - INFO - C:\Users\Tianyu Wang\Documents\Notebooks\cyberdata\src\cyberdata\process\generator.py:350 - execute_generation_task() - Task spear phishing_mal_0 completed: 2 unique samples (0 duplicates filtered) in 55.48s
2025-06-07 10:50:39,387 - cyberdata.scripts.generator - INFO - C:\Users\Tianyu Wang\Documents\Notebooks\cyberdata\src\cyberdata\process\generator.py:318 - execute_generation_task() - Executing task spear phishing_mal_4 (attempt 1): 2 malicious samples
2025-06-07 10:50:39,387 - cyberdata.scripts.generator - INFO - C:\Users\Tianyu Wang\Documents\Notebooks\cyberdata\src\cyberdata\process\generator.py:499 - generate_parallel() - Task spear phishing_mal_0 contributed 2 samples
2025-06-07 10:50:40,547 - cyberdata.scripts.generator - INFO - C:\Users\Tianyu Wang\Documents\Notebooks\cyberdata\src\cyberdata\process\generator.py:350 - execute_generation_task() - Task spear phishing_mal_3 completed: 2 unique samples (0 duplicates filtered) in 56.64s
2025-06-07 10:50:40,548 - cyberdata.scripts.generator - INFO - C:\Users\Tianyu Wang\Documents\Notebooks\cyberdata\src\cyberdata\process\generator.py:318 - execute_generation_task() - Executing task spear phishing_mal_5 (attempt 1): 2 malicious samples
2025-06-07 10:50:40,548 - cyberdata.scripts.generator - INFO - C:\Users\Tianyu Wang\Documents\Notebooks\cyberdata\src\cyberdata\process\generator.py:499 - generate_parallel() - Task spear phishing_mal_3 contributed 2 samples
2025-06-07 10:50:47,053 - cyberdata.scripts.generator - WARNING - C:\Users\Tianyu Wang\Documents\Notebooks\cyberdata\src\cyberdata\process\generator.py:462 - _extract_json_from_response() - Failed to parse JSON response
2025-06-07 10:50:47,053 - cyberdata.scripts.generator - INFO - C:\Users\Tianyu Wang\Documents\Notebooks\cyberdata\src\cyberdata\process\generator.py:350 - execute_generation_task() - Task spear phishing_mal_1 completed: 0 unique samples (0 duplicates filtered) in 63.14s
2025-06-07 10:50:47,053 - cyberdata.scripts.generator - INFO - C:\Users\Tianyu Wang\Documents\Notebooks\cyberdata\src\cyberdata\process\generator.py:318 - execute_generation_task() - Executing task spear phishing_mal_6 (attempt 1): 2 malicious samples
2025-06-07 10:50:47,053 - cyberdata.scripts.generator - INFO - C:\Users\Tianyu Wang\Documents\Notebooks\cyberdata\src\cyberdata\process\generator.py:499 - generate_parallel() - Task spear phishing_mal_1 contributed 0 samples
2025-06-07 10:50:58,690 - cyberdata.scripts.generator - INFO - C:\Users\Tianyu Wang\Documents\Notebooks\cyberdata\src\cyberdata\process\generator.py:350 - execute_generation_task() - Task spear phishing_mal_2 completed: 2 unique samples (0 duplicates filtered) in 74.78s
2025-06-07 10:50:58,691 - cyberdata.scripts.generator - INFO - C:\Users\Tianyu Wang\Documents\Notebooks\cyberdata\src\cyberdata\process\generator.py:318 - execute_generation_task() - Executing task spear phishing_mal_7 (attempt 1): 2 malicious samples
2025-06-07 10:50:58,692 - cyberdata.scripts.generator - INFO - C:\Users\Tianyu Wang\Documents\Notebooks\cyberdata\src\cyberdata\process\generator.py:499 - generate_parallel() - Task spear phishing_mal_2 contributed 2 samples
2025-06-07 10:51:29,184 - cyberdata.scripts.generator - INFO - C:\Users\Tianyu Wang\Documents\Notebooks\cyberdata\src\cyberdata\process\generator.py:350 - execute_generation_task() - Task spear phishing_mal_4 completed: 2 unique samples (0 duplicates filtered) in 49.80s
2025-06-07 10:51:29,184 - cyberdata.scripts.generator - INFO - C:\Users\Tianyu Wang\Documents\Notebooks\cyberdata\src\cyberdata\process\generator.py:318 - execute_generation_task() - Executing task spear phishing_mal_8 (attempt 1): 2 malicious samples
2025-06-07 10:51:29,185 - cyberdata.scripts.generator - INFO - C:\Users\Tianyu Wang\Documents\Notebooks\cyberdata\src\cyberdata\process\generator.py:499 - generate_parallel() - Task spear phishing_mal_4 contributed 2 samples
2025-06-07 10:51:31,331 - cyberdata.scripts.generator - INFO - C:\Users\Tianyu Wang\Documents\Notebooks\cyberdata\src\cyberdata\process\generator.py:350 - execute_generation_task() - Task spear phishing_mal_5 completed: 2 unique samples (0 duplicates filtered) in 50.78s
2025-06-07 10:51:31,332 - cyberdata.scripts.generator - INFO - C:\Users\Tianyu Wang\Documents\Notebooks\cyberdata\src\cyberdata\process\generator.py:318 - execute_generation_task() - Executing task spear phishing_mal_9 (attempt 1): 2 malicious samples
2025-06-07 10:51:31,332 - cyberdata.scripts.generator - INFO - C:\Users\Tianyu Wang\Documents\Notebooks\cyberdata\src\cyberdata\process\generator.py:499 - generate_parallel() - Task spear phishing_mal_5 contributed 2 samples
2025-06-07 10:51:44,193 - cyberdata.scripts.generator - INFO - C:\Users\Tianyu Wang\Documents\Notebooks\cyberdata\src\cyberdata\process\generator.py:350 - execute_generation_task() - Task spear phishing_mal_6 completed: 2 unique samples (0 duplicates filtered) in 57.14s
2025-06-07 10:51:44,193 - cyberdata.scripts.generator - INFO - C:\Users\Tianyu Wang\Documents\Notebooks\cyberdata\src\cyberdata\process\generator.py:318 - execute_generation_task() - Executing task spear phishing_mal_10 (attempt 1): 2 malicious samples
2025-06-07 10:51:44,193 - cyberdata.scripts.generator - INFO - C:\Users\Tianyu Wang\Documents\Notebooks\cyberdata\src\cyberdata\process\generator.py:499 - generate_parallel() - Task spear phishing_mal_6 contributed 2 samples
2025-06-07 10:51:49,386 - cyberdata.scripts.generator - WARNING - C:\Users\Tianyu Wang\Documents\Notebooks\cyberdata\src\cyberdata\process\generator.py:462 - _extract_json_from_response() - Failed to parse JSON response
2025-06-07 10:51:49,386 - cyberdata.scripts.generator - INFO - C:\Users\Tianyu Wang\Documents\Notebooks\cyberdata\src\cyberdata\process\generator.py:350 - execute_generation_task() - Task spear phishing_mal_7 completed: 0 unique samples (0 duplicates filtered) in 50.70s
2025-06-07 10:51:49,387 - cyberdata.scripts.generator - INFO - C:\Users\Tianyu Wang\Documents\Notebooks\cyberdata\src\cyberdata\process\generator.py:318 - execute_generation_task() - Executing task spear phishing_mal_11 (attempt 1): 2 malicious samples
2025-06-07 10:51:49,387 - cyberdata.scripts.generator - INFO - C:\Users\Tianyu Wang\Documents\Notebooks\cyberdata\src\cyberdata\process\generator.py:499 - generate_parallel() - Task spear phishing_mal_7 contributed 0 samples
2025-06-07 10:52:14,971 - cyberdata.scripts.generator - INFO - C:\Users\Tianyu Wang\Documents\Notebooks\cyberdata\src\cyberdata\process\generator.py:350 - execute_generation_task() - Task spear phishing_mal_9 completed: 2 unique samples (0 duplicates filtered) in 43.64s
2025-06-07 10:52:14,972 - cyberdata.scripts.generator - INFO - C:\Users\Tianyu Wang\Documents\Notebooks\cyberdata\src\cyberdata\process\generator.py:318 - execute_generation_task() - Executing task spear phishing_mal_12 (attempt 1): 2 malicious samples
2025-06-07 10:52:14,972 - cyberdata.scripts.generator - INFO - C:\Users\Tianyu Wang\Documents\Notebooks\cyberdata\src\cyberdata\process\generator.py:499 - generate_parallel() - Task spear phishing_mal_9 contributed 2 samples
2025-06-07 10:52:22,968 - cyberdata.scripts.generator - INFO - C:\Users\Tianyu Wang\Documents\Notebooks\cyberdata\src\cyberdata\process\generator.py:350 - execute_generation_task() - Task spear phishing_mal_8 completed: 2 unique samples (0 duplicates filtered) in 53.78s
2025-06-07 10:52:22,969 - cyberdata.scripts.generator - INFO - C:\Users\Tianyu Wang\Documents\Notebooks\cyberdata\src\cyberdata\process\generator.py:318 - execute_generation_task() - Executing task spear phishing_mal_13 (attempt 1): 2 malicious samples
2025-06-07 10:52:22,969 - cyberdata.scripts.generator - INFO - C:\Users\Tianyu Wang\Documents\Notebooks\cyberdata\src\cyberdata\process\generator.py:499 - generate_parallel() - Task spear phishing_mal_8 contributed 2 samples
2025-06-07 10:52:29,224 - cyberdata.scripts.generator - INFO - C:\Users\Tianyu Wang\Documents\Notebooks\cyberdata\src\cyberdata\process\generator.py:350 - execute_generation_task() - Task spear phishing_mal_10 completed: 2 unique samples (0 duplicates filtered) in 45.03s
2025-06-07 10:52:29,224 - cyberdata.scripts.generator - INFO - C:\Users\Tianyu Wang\Documents\Notebooks\cyberdata\src\cyberdata\process\generator.py:318 - execute_generation_task() - Executing task spear phishing_mal_14 (attempt 1): 2 malicious samples
2025-06-07 10:52:29,225 - cyberdata.scripts.generator - INFO - C:\Users\Tianyu Wang\Documents\Notebooks\cyberdata\src\cyberdata\process\generator.py:499 - generate_parallel() - Task spear phishing_mal_10 contributed 2 samples
2025-06-07 10:52:33,804 - cyberdata.scripts.generator - INFO - C:\Users\Tianyu Wang\Documents\Notebooks\cyberdata\src\cyberdata\process\generator.py:350 - execute_generation_task() - Task spear phishing_mal_11 completed: 2 unique samples (0 duplicates filtered) in 44.42s
2025-06-07 10:52:33,806 - cyberdata.scripts.generator - INFO - C:\Users\Tianyu Wang\Documents\Notebooks\cyberdata\src\cyberdata\process\generator.py:318 - execute_generation_task() - Executing task spear phishing_ben_15 (attempt 1): 2 benign samples
2025-06-07 10:52:33,806 - cyberdata.scripts.generator - INFO - C:\Users\Tianyu Wang\Documents\Notebooks\cyberdata\src\cyberdata\process\generator.py:499 - generate_parallel() - Task spear phishing_mal_11 contributed 2 samples
2025-06-07 10:52:49,312 - cyberdata.scripts.generator - INFO - C:\Users\Tianyu Wang\Documents\Notebooks\cyberdata\src\cyberdata\process\generator.py:350 - execute_generation_task() - Task spear phishing_ben_15 completed: 2 unique samples (0 duplicates filtered) in 15.51s
2025-06-07 10:52:49,313 - cyberdata.scripts.generator - INFO - C:\Users\Tianyu Wang\Documents\Notebooks\cyberdata\src\cyberdata\process\generator.py:318 - execute_generation_task() - Executing task spear phishing_ben_16 (attempt 1): 2 benign samples
2025-06-07 10:52:49,314 - cyberdata.scripts.generator - INFO - C:\Users\Tianyu Wang\Documents\Notebooks\cyberdata\src\cyberdata\process\generator.py:499 - generate_parallel() - Task spear phishing_ben_15 contributed 2 samples
2025-06-07 10:53:05,521 - cyberdata.scripts.generator - INFO - C:\Users\Tianyu Wang\Documents\Notebooks\cyberdata\src\cyberdata\process\generator.py:350 - execute_generation_task() - Task spear phishing_mal_12 completed: 2 unique samples (0 duplicates filtered) in 50.55s
2025-06-07 10:53:05,522 - cyberdata.scripts.generator - INFO - C:\Users\Tianyu Wang\Documents\Notebooks\cyberdata\src\cyberdata\process\generator.py:318 - execute_generation_task() - Executing task spear phishing_ben_17 (attempt 1): 2 benign samples
2025-06-07 10:53:05,522 - cyberdata.scripts.generator - INFO - C:\Users\Tianyu Wang\Documents\Notebooks\cyberdata\src\cyberdata\process\generator.py:499 - generate_parallel() - Task spear phishing_mal_12 contributed 2 samples
2025-06-07 10:53:05,757 - cyberdata.scripts.generator - INFO - C:\Users\Tianyu Wang\Documents\Notebooks\cyberdata\src\cyberdata\process\generator.py:350 - execute_generation_task() - Task spear phishing_mal_13 completed: 2 unique samples (0 duplicates filtered) in 42.79s
2025-06-07 10:53:05,758 - cyberdata.scripts.generator - INFO - C:\Users\Tianyu Wang\Documents\Notebooks\cyberdata\src\cyberdata\process\generator.py:318 - execute_generation_task() - Executing task spear phishing_ben_18 (attempt 1): 2 benign samples
2025-06-07 10:53:05,758 - cyberdata.scripts.generator - INFO - C:\Users\Tianyu Wang\Documents\Notebooks\cyberdata\src\cyberdata\process\generator.py:499 - generate_parallel() - Task spear phishing_mal_13 contributed 2 samples
2025-06-07 10:53:06,350 - cyberdata.scripts.generator - INFO - C:\Users\Tianyu Wang\Documents\Notebooks\cyberdata\src\cyberdata\process\generator.py:350 - execute_generation_task() - Task spear phishing_ben_16 completed: 2 unique samples (0 duplicates filtered) in 17.04s
2025-06-07 10:53:06,352 - cyberdata.scripts.generator - INFO - C:\Users\Tianyu Wang\Documents\Notebooks\cyberdata\src\cyberdata\process\generator.py:318 - execute_generation_task() - Executing task spear phishing_ben_19 (attempt 1): 2 benign samples
2025-06-07 10:53:06,352 - cyberdata.scripts.generator - INFO - C:\Users\Tianyu Wang\Documents\Notebooks\cyberdata\src\cyberdata\process\generator.py:499 - generate_parallel() - Task spear phishing_ben_16 contributed 2 samples
2025-06-07 10:53:15,764 - cyberdata.scripts.generator - INFO - C:\Users\Tianyu Wang\Documents\Notebooks\cyberdata\src\cyberdata\process\generator.py:350 - execute_generation_task() - Task spear phishing_mal_14 completed: 2 unique samples (0 duplicates filtered) in 46.54s
2025-06-07 10:53:15,764 - cyberdata.scripts.generator - INFO - C:\Users\Tianyu Wang\Documents\Notebooks\cyberdata\src\cyberdata\process\generator.py:318 - execute_generation_task() - Executing task spear phishing_ben_20 (attempt 1): 2 benign samples
2025-06-07 10:53:15,764 - cyberdata.scripts.generator - INFO - C:\Users\Tianyu Wang\Documents\Notebooks\cyberdata\src\cyberdata\process\generator.py:499 - generate_parallel() - Task spear phishing_mal_14 contributed 2 samples
2025-06-07 10:53:19,552 - cyberdata.scripts.generator - INFO - C:\Users\Tianyu Wang\Documents\Notebooks\cyberdata\src\cyberdata\process\generator.py:350 - execute_generation_task() - Task spear phishing_ben_18 completed: 2 unique samples (0 duplicates filtered) in 13.79s
2025-06-07 10:53:19,554 - cyberdata.scripts.generator - INFO - C:\Users\Tianyu Wang\Documents\Notebooks\cyberdata\src\cyberdata\process\generator.py:318 - execute_generation_task() - Executing task spear phishing_ben_21 (attempt 1): 2 benign samples
2025-06-07 10:53:19,554 - cyberdata.scripts.generator - INFO - C:\Users\Tianyu Wang\Documents\Notebooks\cyberdata\src\cyberdata\process\generator.py:499 - generate_parallel() - Task spear phishing_ben_18 contributed 2 samples
2025-06-07 10:53:20,509 - cyberdata.scripts.generator - INFO - C:\Users\Tianyu Wang\Documents\Notebooks\cyberdata\src\cyberdata\process\generator.py:350 - execute_generation_task() - Task spear phishing_ben_17 completed: 2 unique samples (0 duplicates filtered) in 14.99s
2025-06-07 10:53:20,510 - cyberdata.scripts.generator - INFO - C:\Users\Tianyu Wang\Documents\Notebooks\cyberdata\src\cyberdata\process\generator.py:318 - execute_generation_task() - Executing task spear phishing_ben_22 (attempt 1): 2 benign samples
2025-06-07 10:53:20,510 - cyberdata.scripts.generator - INFO - C:\Users\Tianyu Wang\Documents\Notebooks\cyberdata\src\cyberdata\process\generator.py:499 - generate_parallel() - Task spear phishing_ben_17 contributed 2 samples
2025-06-07 10:53:21,602 - cyberdata.scripts.generator - INFO - C:\Users\Tianyu Wang\Documents\Notebooks\cyberdata\src\cyberdata\process\generator.py:350 - execute_generation_task() - Task spear phishing_ben_19 completed: 2 unique samples (0 duplicates filtered) in 15.25s
2025-06-07 10:53:21,602 - cyberdata.scripts.generator - INFO - C:\Users\Tianyu Wang\Documents\Notebooks\cyberdata\src\cyberdata\process\generator.py:318 - execute_generation_task() - Executing task spear phishing_ben_23 (attempt 1): 2 benign samples
2025-06-07 10:53:21,602 - cyberdata.scripts.generator - INFO - C:\Users\Tianyu Wang\Documents\Notebooks\cyberdata\src\cyberdata\process\generator.py:499 - generate_parallel() - Task spear phishing_ben_19 contributed 2 samples
2025-06-07 10:53:33,798 - cyberdata.scripts.generator - INFO - C:\Users\Tianyu Wang\Documents\Notebooks\cyberdata\src\cyberdata\process\generator.py:350 - execute_generation_task() - Task spear phishing_ben_20 completed: 2 unique samples (0 duplicates filtered) in 18.03s
2025-06-07 10:53:33,799 - cyberdata.scripts.generator - INFO - C:\Users\Tianyu Wang\Documents\Notebooks\cyberdata\src\cyberdata\process\generator.py:318 - execute_generation_task() - Executing task spear phishing_ben_24 (attempt 1): 2 benign samples
2025-06-07 10:53:33,799 - cyberdata.scripts.generator - INFO - C:\Users\Tianyu Wang\Documents\Notebooks\cyberdata\src\cyberdata\process\generator.py:499 - generate_parallel() - Task spear phishing_ben_20 contributed 2 samples
2025-06-07 10:53:35,054 - cyberdata.scripts.generator - INFO - C:\Users\Tianyu Wang\Documents\Notebooks\cyberdata\src\cyberdata\process\generator.py:350 - execute_generation_task() - Task spear phishing_ben_21 completed: 2 unique samples (0 duplicates filtered) in 15.50s
2025-06-07 10:53:35,056 - cyberdata.scripts.generator - INFO - C:\Users\Tianyu Wang\Documents\Notebooks\cyberdata\src\cyberdata\process\generator.py:499 - generate_parallel() - Task spear phishing_ben_21 contributed 2 samples
2025-06-07 10:53:38,231 - cyberdata.scripts.generator - INFO - C:\Users\Tianyu Wang\Documents\Notebooks\cyberdata\src\cyberdata\process\generator.py:350 - execute_generation_task() - Task spear phishing_ben_22 completed: 2 unique samples (0 duplicates filtered) in 17.72s
2025-06-07 10:53:38,232 - cyberdata.scripts.generator - INFO - C:\Users\Tianyu Wang\Documents\Notebooks\cyberdata\src\cyberdata\process\generator.py:499 - generate_parallel() - Task spear phishing_ben_22 contributed 2 samples
2025-06-07 10:53:39,864 - cyberdata.scripts.generator - INFO - C:\Users\Tianyu Wang\Documents\Notebooks\cyberdata\src\cyberdata\process\generator.py:350 - execute_generation_task() - Task spear phishing_ben_23 completed: 2 unique samples (0 duplicates filtered) in 18.26s
2025-06-07 10:53:39,864 - cyberdata.scripts.generator - INFO - C:\Users\Tianyu Wang\Documents\Notebooks\cyberdata\src\cyberdata\process\generator.py:499 - generate_parallel() - Task spear phishing_ben_23 contributed 2 samples
2025-06-07 10:53:53,689 - cyberdata.scripts.generator - INFO - C:\Users\Tianyu Wang\Documents\Notebooks\cyberdata\src\cyberdata\process\generator.py:350 - execute_generation_task() - Task spear phishing_ben_24 completed: 2 unique samples (0 duplicates filtered) in 19.89s
2025-06-07 10:53:53,691 - cyberdata.scripts.generator - INFO - C:\Users\Tianyu Wang\Documents\Notebooks\cyberdata\src\cyberdata\process\generator.py:499 - generate_parallel() - Task spear phishing_ben_24 contributed 2 samples
2025-06-07 10:53:53,693 - cyberdata.scripts.generator - INFO - C:\Users\Tianyu Wang\Documents\Notebooks\cyberdata\src\cyberdata\process\generator.py:511 - generate_parallel() - Parallel generation completed for spear phishing: 46 total samples generated in 249.81 seconds
2025-06-07 10:53:53,701 - cyberdata.scripts.generator - INFO - C:\Users\Tianyu Wang\Documents\Notebooks\cyberdata\src\cyberdata\process\generator.py:562 - save_samples() - Saved 46 new samples to C:\Users\Tianyu Wang\Documents\Notebooks\cyberdata\data\large_samples\Phishing_Attack\spear_phishing_large.json
2025-06-07 10:53:53,701 - cyberdata.scripts.generator - INFO - C:\Users\Tianyu Wang\Documents\Notebooks\cyberdata\src\cyberdata\process\generator.py:563 - save_samples() - Total samples in file: 46
2025-06-07 10:53:53,701 - cyberdata.scripts.generator - INFO - C:\Users\Tianyu Wang\Documents\Notebooks\cyberdata\src\cyberdata\process\generator.py:564 - save_samples() - Generation rate: 11.0 samples/minute
2025-06-07 10:53:53,702 - cyberdata.scripts.generator - INFO - C:\Users\Tianyu Wang\Documents\Notebooks\cyberdata\src\cyberdata\process\generator.py:649 - main() - Successfully generated 46 samples for spear phishing
2025-06-07 10:53:53,702 - cyberdata.scripts.generator - INFO - C:\Users\Tianyu Wang\Documents\Notebooks\cyberdata\src\cyberdata\process\generator.py:618 - main() - 
============================================================
2025-06-07 10:53:53,703 - cyberdata.scripts.generator - INFO - C:\Users\Tianyu Wang\Documents\Notebooks\cyberdata\src\cyberdata\process\generator.py:619 - main() - Processing problem 3/3: Phishing Attack/business email compromise
2025-06-07 10:53:53,703 - cyberdata.scripts.generator - INFO - C:\Users\Tianyu Wang\Documents\Notebooks\cyberdata\src\cyberdata\process\generator.py:620 - main() - ============================================================
2025-06-07 10:53:53,703 - cyberdata.scripts.generator - INFO - C:\Users\Tianyu Wang\Documents\Notebooks\cyberdata\src\cyberdata\process\generator.py:467 - generate_parallel() - Starting parallel generation for business email compromise: 30 malicious, 20 benign
2025-06-07 10:53:53,720 - cyberdata.scripts.generator - INFO - C:\Users\Tianyu Wang\Documents\Notebooks\cyberdata\src\cyberdata\process\generator.py:309 - create_generation_tasks() - Created 25 generation tasks for business email compromise
2025-06-07 10:53:53,721 - cyberdata.scripts.generator - INFO - C:\Users\Tianyu Wang\Documents\Notebooks\cyberdata\src\cyberdata\process\generator.py:318 - execute_generation_task() - Executing task business email compromise_mal_0 (attempt 1): 2 malicious samples
2025-06-07 10:53:53,721 - cyberdata.scripts.generator - INFO - C:\Users\Tianyu Wang\Documents\Notebooks\cyberdata\src\cyberdata\process\generator.py:318 - execute_generation_task() - Executing task business email compromise_mal_1 (attempt 1): 2 malicious samples
2025-06-07 10:53:53,722 - cyberdata.scripts.generator - INFO - C:\Users\Tianyu Wang\Documents\Notebooks\cyberdata\src\cyberdata\process\generator.py:318 - execute_generation_task() - Executing task business email compromise_mal_2 (attempt 1): 2 malicious samples
2025-06-07 10:53:53,723 - cyberdata.scripts.generator - INFO - C:\Users\Tianyu Wang\Documents\Notebooks\cyberdata\src\cyberdata\process\generator.py:318 - execute_generation_task() - Executing task business email compromise_mal_3 (attempt 1): 2 malicious samples
2025-06-07 10:54:29,749 - cyberdata.scripts.generator - INFO - C:\Users\Tianyu Wang\Documents\Notebooks\cyberdata\src\cyberdata\process\generator.py:350 - execute_generation_task() - Task business email compromise_mal_3 completed: 2 unique samples (0 duplicates filtered) in 36.03s
2025-06-07 10:54:29,750 - cyberdata.scripts.generator - INFO - C:\Users\Tianyu Wang\Documents\Notebooks\cyberdata\src\cyberdata\process\generator.py:318 - execute_generation_task() - Executing task business email compromise_mal_4 (attempt 1): 2 malicious samples
2025-06-07 10:54:29,750 - cyberdata.scripts.generator - INFO - C:\Users\Tianyu Wang\Documents\Notebooks\cyberdata\src\cyberdata\process\generator.py:499 - generate_parallel() - Task business email compromise_mal_3 contributed 2 samples
2025-06-07 10:54:33,598 - cyberdata.scripts.generator - INFO - C:\Users\Tianyu Wang\Documents\Notebooks\cyberdata\src\cyberdata\process\generator.py:350 - execute_generation_task() - Task business email compromise_mal_2 completed: 2 unique samples (0 duplicates filtered) in 39.88s
2025-06-07 10:54:33,600 - cyberdata.scripts.generator - INFO - C:\Users\Tianyu Wang\Documents\Notebooks\cyberdata\src\cyberdata\process\generator.py:318 - execute_generation_task() - Executing task business email compromise_mal_5 (attempt 1): 2 malicious samples
2025-06-07 10:54:33,601 - cyberdata.scripts.generator - INFO - C:\Users\Tianyu Wang\Documents\Notebooks\cyberdata\src\cyberdata\process\generator.py:499 - generate_parallel() - Task business email compromise_mal_2 contributed 2 samples
2025-06-07 10:54:33,729 - cyberdata.scripts.generator - INFO - C:\Users\Tianyu Wang\Documents\Notebooks\cyberdata\src\cyberdata\process\generator.py:350 - execute_generation_task() - Task business email compromise_mal_0 completed: 2 unique samples (0 duplicates filtered) in 40.01s
2025-06-07 10:54:33,730 - cyberdata.scripts.generator - INFO - C:\Users\Tianyu Wang\Documents\Notebooks\cyberdata\src\cyberdata\process\generator.py:318 - execute_generation_task() - Executing task business email compromise_mal_6 (attempt 1): 2 malicious samples
2025-06-07 10:54:33,730 - cyberdata.scripts.generator - INFO - C:\Users\Tianyu Wang\Documents\Notebooks\cyberdata\src\cyberdata\process\generator.py:499 - generate_parallel() - Task business email compromise_mal_0 contributed 2 samples
2025-06-07 10:54:35,769 - cyberdata.scripts.generator - INFO - C:\Users\Tianyu Wang\Documents\Notebooks\cyberdata\src\cyberdata\process\generator.py:350 - execute_generation_task() - Task business email compromise_mal_1 completed: 2 unique samples (0 duplicates filtered) in 42.05s
2025-06-07 10:54:35,770 - cyberdata.scripts.generator - INFO - C:\Users\Tianyu Wang\Documents\Notebooks\cyberdata\src\cyberdata\process\generator.py:318 - execute_generation_task() - Executing task business email compromise_mal_7 (attempt 1): 2 malicious samples
2025-06-07 10:54:35,770 - cyberdata.scripts.generator - INFO - C:\Users\Tianyu Wang\Documents\Notebooks\cyberdata\src\cyberdata\process\generator.py:499 - generate_parallel() - Task business email compromise_mal_1 contributed 2 samples
2025-06-07 10:55:06,770 - cyberdata.scripts.generator - INFO - C:\Users\Tianyu Wang\Documents\Notebooks\cyberdata\src\cyberdata\process\generator.py:350 - execute_generation_task() - Task business email compromise_mal_4 completed: 2 unique samples (0 duplicates filtered) in 37.02s
2025-06-07 10:55:06,772 - cyberdata.scripts.generator - INFO - C:\Users\Tianyu Wang\Documents\Notebooks\cyberdata\src\cyberdata\process\generator.py:318 - execute_generation_task() - Executing task business email compromise_mal_8 (attempt 1): 2 malicious samples
2025-06-07 10:55:06,773 - cyberdata.scripts.generator - INFO - C:\Users\Tianyu Wang\Documents\Notebooks\cyberdata\src\cyberdata\process\generator.py:499 - generate_parallel() - Task business email compromise_mal_4 contributed 2 samples
2025-06-07 10:55:09,162 - cyberdata.scripts.generator - INFO - C:\Users\Tianyu Wang\Documents\Notebooks\cyberdata\src\cyberdata\process\generator.py:350 - execute_generation_task() - Task business email compromise_mal_6 completed: 2 unique samples (0 duplicates filtered) in 35.43s
2025-06-07 10:55:09,163 - cyberdata.scripts.generator - INFO - C:\Users\Tianyu Wang\Documents\Notebooks\cyberdata\src\cyberdata\process\generator.py:318 - execute_generation_task() - Executing task business email compromise_mal_9 (attempt 1): 2 malicious samples
2025-06-07 10:55:09,163 - cyberdata.scripts.generator - INFO - C:\Users\Tianyu Wang\Documents\Notebooks\cyberdata\src\cyberdata\process\generator.py:499 - generate_parallel() - Task business email compromise_mal_6 contributed 2 samples
2025-06-07 10:55:13,010 - cyberdata.scripts.generator - INFO - C:\Users\Tianyu Wang\Documents\Notebooks\cyberdata\src\cyberdata\process\generator.py:350 - execute_generation_task() - Task business email compromise_mal_5 completed: 2 unique samples (0 duplicates filtered) in 39.41s
2025-06-07 10:55:13,011 - cyberdata.scripts.generator - INFO - C:\Users\Tianyu Wang\Documents\Notebooks\cyberdata\src\cyberdata\process\generator.py:318 - execute_generation_task() - Executing task business email compromise_mal_10 (attempt 1): 2 malicious samples
2025-06-07 10:55:13,012 - cyberdata.scripts.generator - INFO - C:\Users\Tianyu Wang\Documents\Notebooks\cyberdata\src\cyberdata\process\generator.py:499 - generate_parallel() - Task business email compromise_mal_5 contributed 2 samples
2025-06-07 10:55:15,555 - cyberdata.scripts.generator - INFO - C:\Users\Tianyu Wang\Documents\Notebooks\cyberdata\src\cyberdata\process\generator.py:350 - execute_generation_task() - Task business email compromise_mal_7 completed: 2 unique samples (0 duplicates filtered) in 39.79s
2025-06-07 10:55:15,558 - cyberdata.scripts.generator - INFO - C:\Users\Tianyu Wang\Documents\Notebooks\cyberdata\src\cyberdata\process\generator.py:318 - execute_generation_task() - Executing task business email compromise_mal_11 (attempt 1): 2 malicious samples
2025-06-07 10:55:15,559 - cyberdata.scripts.generator - INFO - C:\Users\Tianyu Wang\Documents\Notebooks\cyberdata\src\cyberdata\process\generator.py:499 - generate_parallel() - Task business email compromise_mal_7 contributed 2 samples
2025-06-07 10:55:40,528 - cyberdata.scripts.generator - INFO - C:\Users\Tianyu Wang\Documents\Notebooks\cyberdata\src\cyberdata\process\generator.py:350 - execute_generation_task() - Task business email compromise_mal_8 completed: 2 unique samples (0 duplicates filtered) in 33.76s
2025-06-07 10:55:40,530 - cyberdata.scripts.generator - INFO - C:\Users\Tianyu Wang\Documents\Notebooks\cyberdata\src\cyberdata\process\generator.py:318 - execute_generation_task() - Executing task business email compromise_mal_12 (attempt 1): 2 malicious samples
2025-06-07 10:55:40,530 - cyberdata.scripts.generator - INFO - C:\Users\Tianyu Wang\Documents\Notebooks\cyberdata\src\cyberdata\process\generator.py:499 - generate_parallel() - Task business email compromise_mal_8 contributed 2 samples
2025-06-07 10:55:48,470 - cyberdata.scripts.generator - INFO - C:\Users\Tianyu Wang\Documents\Notebooks\cyberdata\src\cyberdata\process\generator.py:350 - execute_generation_task() - Task business email compromise_mal_9 completed: 2 unique samples (0 duplicates filtered) in 39.31s
2025-06-07 10:55:48,473 - cyberdata.scripts.generator - INFO - C:\Users\Tianyu Wang\Documents\Notebooks\cyberdata\src\cyberdata\process\generator.py:318 - execute_generation_task() - Executing task business email compromise_mal_13 (attempt 1): 2 malicious samples
2025-06-07 10:55:48,473 - cyberdata.scripts.generator - INFO - C:\Users\Tianyu Wang\Documents\Notebooks\cyberdata\src\cyberdata\process\generator.py:499 - generate_parallel() - Task business email compromise_mal_9 contributed 2 samples
2025-06-07 10:55:52,599 - cyberdata.scripts.generator - INFO - C:\Users\Tianyu Wang\Documents\Notebooks\cyberdata\src\cyberdata\process\generator.py:350 - execute_generation_task() - Task business email compromise_mal_10 completed: 2 unique samples (0 duplicates filtered) in 39.59s
2025-06-07 10:55:52,599 - cyberdata.scripts.generator - INFO - C:\Users\Tianyu Wang\Documents\Notebooks\cyberdata\src\cyberdata\process\generator.py:318 - execute_generation_task() - Executing task business email compromise_mal_14 (attempt 1): 2 malicious samples
2025-06-07 10:55:52,599 - cyberdata.scripts.generator - INFO - C:\Users\Tianyu Wang\Documents\Notebooks\cyberdata\src\cyberdata\process\generator.py:499 - generate_parallel() - Task business email compromise_mal_10 contributed 2 samples
2025-06-07 10:55:52,830 - cyberdata.scripts.generator - INFO - C:\Users\Tianyu Wang\Documents\Notebooks\cyberdata\src\cyberdata\process\generator.py:350 - execute_generation_task() - Task business email compromise_mal_11 completed: 2 unique samples (0 duplicates filtered) in 37.27s
2025-06-07 10:55:52,832 - cyberdata.scripts.generator - INFO - C:\Users\Tianyu Wang\Documents\Notebooks\cyberdata\src\cyberdata\process\generator.py:318 - execute_generation_task() - Executing task business email compromise_ben_15 (attempt 1): 2 benign samples
2025-06-07 10:55:52,833 - cyberdata.scripts.generator - INFO - C:\Users\Tianyu Wang\Documents\Notebooks\cyberdata\src\cyberdata\process\generator.py:499 - generate_parallel() - Task business email compromise_mal_11 contributed 2 samples
2025-06-07 10:56:09,193 - cyberdata.scripts.generator - INFO - C:\Users\Tianyu Wang\Documents\Notebooks\cyberdata\src\cyberdata\process\generator.py:350 - execute_generation_task() - Task business email compromise_ben_15 completed: 2 unique samples (0 duplicates filtered) in 16.36s
2025-06-07 10:56:09,195 - cyberdata.scripts.generator - INFO - C:\Users\Tianyu Wang\Documents\Notebooks\cyberdata\src\cyberdata\process\generator.py:318 - execute_generation_task() - Executing task business email compromise_ben_16 (attempt 1): 2 benign samples
2025-06-07 10:56:09,196 - cyberdata.scripts.generator - INFO - C:\Users\Tianyu Wang\Documents\Notebooks\cyberdata\src\cyberdata\process\generator.py:499 - generate_parallel() - Task business email compromise_ben_15 contributed 2 samples
2025-06-07 10:56:11,065 - cyberdata.scripts.generator - INFO - C:\Users\Tianyu Wang\Documents\Notebooks\cyberdata\src\cyberdata\process\generator.py:350 - execute_generation_task() - Task business email compromise_mal_12 completed: 2 unique samples (0 duplicates filtered) in 30.54s
2025-06-07 10:56:11,066 - cyberdata.scripts.generator - INFO - C:\Users\Tianyu Wang\Documents\Notebooks\cyberdata\src\cyberdata\process\generator.py:318 - execute_generation_task() - Executing task business email compromise_ben_17 (attempt 1): 2 benign samples
2025-06-07 10:56:11,066 - cyberdata.scripts.generator - INFO - C:\Users\Tianyu Wang\Documents\Notebooks\cyberdata\src\cyberdata\process\generator.py:499 - generate_parallel() - Task business email compromise_mal_12 contributed 2 samples
2025-06-07 10:56:22,771 - cyberdata.scripts.generator - INFO - C:\Users\Tianyu Wang\Documents\Notebooks\cyberdata\src\cyberdata\process\generator.py:350 - execute_generation_task() - Task business email compromise_mal_13 completed: 2 unique samples (0 duplicates filtered) in 34.30s
2025-06-07 10:56:22,772 - cyberdata.scripts.generator - INFO - C:\Users\Tianyu Wang\Documents\Notebooks\cyberdata\src\cyberdata\process\generator.py:318 - execute_generation_task() - Executing task business email compromise_ben_18 (attempt 1): 2 benign samples
2025-06-07 10:56:22,772 - cyberdata.scripts.generator - INFO - C:\Users\Tianyu Wang\Documents\Notebooks\cyberdata\src\cyberdata\process\generator.py:499 - generate_parallel() - Task business email compromise_mal_13 contributed 2 samples
2025-06-07 10:56:23,957 - cyberdata.scripts.generator - INFO - C:\Users\Tianyu Wang\Documents\Notebooks\cyberdata\src\cyberdata\process\generator.py:350 - execute_generation_task() - Task business email compromise_ben_16 completed: 2 unique samples (0 duplicates filtered) in 14.76s
2025-06-07 10:56:23,958 - cyberdata.scripts.generator - INFO - C:\Users\Tianyu Wang\Documents\Notebooks\cyberdata\src\cyberdata\process\generator.py:318 - execute_generation_task() - Executing task business email compromise_ben_19 (attempt 1): 2 benign samples
2025-06-07 10:56:23,958 - cyberdata.scripts.generator - INFO - C:\Users\Tianyu Wang\Documents\Notebooks\cyberdata\src\cyberdata\process\generator.py:499 - generate_parallel() - Task business email compromise_ben_16 contributed 2 samples
2025-06-07 10:56:24,452 - cyberdata.scripts.generator - INFO - C:\Users\Tianyu Wang\Documents\Notebooks\cyberdata\src\cyberdata\process\generator.py:350 - execute_generation_task() - Task business email compromise_ben_17 completed: 2 unique samples (0 duplicates filtered) in 13.39s
2025-06-07 10:56:24,455 - cyberdata.scripts.generator - INFO - C:\Users\Tianyu Wang\Documents\Notebooks\cyberdata\src\cyberdata\process\generator.py:318 - execute_generation_task() - Executing task business email compromise_ben_20 (attempt 1): 2 benign samples
2025-06-07 10:56:24,455 - cyberdata.scripts.generator - INFO - C:\Users\Tianyu Wang\Documents\Notebooks\cyberdata\src\cyberdata\process\generator.py:499 - generate_parallel() - Task business email compromise_ben_17 contributed 2 samples
2025-06-07 10:56:28,024 - cyberdata.scripts.generator - INFO - C:\Users\Tianyu Wang\Documents\Notebooks\cyberdata\src\cyberdata\process\generator.py:350 - execute_generation_task() - Task business email compromise_mal_14 completed: 2 unique samples (0 duplicates filtered) in 35.42s
2025-06-07 10:56:28,025 - cyberdata.scripts.generator - INFO - C:\Users\Tianyu Wang\Documents\Notebooks\cyberdata\src\cyberdata\process\generator.py:318 - execute_generation_task() - Executing task business email compromise_ben_21 (attempt 1): 2 benign samples
2025-06-07 10:56:28,025 - cyberdata.scripts.generator - INFO - C:\Users\Tianyu Wang\Documents\Notebooks\cyberdata\src\cyberdata\process\generator.py:499 - generate_parallel() - Task business email compromise_mal_14 contributed 2 samples
2025-06-07 10:56:37,772 - cyberdata.scripts.generator - INFO - C:\Users\Tianyu Wang\Documents\Notebooks\cyberdata\src\cyberdata\process\generator.py:350 - execute_generation_task() - Task business email compromise_ben_18 completed: 2 unique samples (0 duplicates filtered) in 15.00s
2025-06-07 10:56:37,773 - cyberdata.scripts.generator - INFO - C:\Users\Tianyu Wang\Documents\Notebooks\cyberdata\src\cyberdata\process\generator.py:318 - execute_generation_task() - Executing task business email compromise_ben_22 (attempt 1): 2 benign samples
2025-06-07 10:56:37,773 - cyberdata.scripts.generator - INFO - C:\Users\Tianyu Wang\Documents\Notebooks\cyberdata\src\cyberdata\process\generator.py:499 - generate_parallel() - Task business email compromise_ben_18 contributed 2 samples
2025-06-07 10:56:39,097 - cyberdata.scripts.generator - INFO - C:\Users\Tianyu Wang\Documents\Notebooks\cyberdata\src\cyberdata\process\generator.py:350 - execute_generation_task() - Task business email compromise_ben_19 completed: 2 unique samples (0 duplicates filtered) in 15.14s
2025-06-07 10:56:39,098 - cyberdata.scripts.generator - INFO - C:\Users\Tianyu Wang\Documents\Notebooks\cyberdata\src\cyberdata\process\generator.py:318 - execute_generation_task() - Executing task business email compromise_ben_23 (attempt 1): 2 benign samples
2025-06-07 10:56:39,098 - cyberdata.scripts.generator - INFO - C:\Users\Tianyu Wang\Documents\Notebooks\cyberdata\src\cyberdata\process\generator.py:499 - generate_parallel() - Task business email compromise_ben_19 contributed 2 samples
2025-06-07 10:56:43,962 - cyberdata.scripts.generator - INFO - C:\Users\Tianyu Wang\Documents\Notebooks\cyberdata\src\cyberdata\process\generator.py:350 - execute_generation_task() - Task business email compromise_ben_20 completed: 2 unique samples (0 duplicates filtered) in 19.51s
2025-06-07 10:56:43,962 - cyberdata.scripts.generator - INFO - C:\Users\Tianyu Wang\Documents\Notebooks\cyberdata\src\cyberdata\process\generator.py:318 - execute_generation_task() - Executing task business email compromise_ben_24 (attempt 1): 2 benign samples
2025-06-07 10:56:43,962 - cyberdata.scripts.generator - INFO - C:\Users\Tianyu Wang\Documents\Notebooks\cyberdata\src\cyberdata\process\generator.py:499 - generate_parallel() - Task business email compromise_ben_20 contributed 2 samples
2025-06-07 10:56:44,415 - cyberdata.scripts.generator - INFO - C:\Users\Tianyu Wang\Documents\Notebooks\cyberdata\src\cyberdata\process\generator.py:350 - execute_generation_task() - Task business email compromise_ben_21 completed: 2 unique samples (0 duplicates filtered) in 16.39s
2025-06-07 10:56:44,416 - cyberdata.scripts.generator - INFO - C:\Users\Tianyu Wang\Documents\Notebooks\cyberdata\src\cyberdata\process\generator.py:499 - generate_parallel() - Task business email compromise_ben_21 contributed 2 samples
2025-06-07 10:56:53,681 - cyberdata.scripts.generator - INFO - C:\Users\Tianyu Wang\Documents\Notebooks\cyberdata\src\cyberdata\process\generator.py:350 - execute_generation_task() - Task business email compromise_ben_22 completed: 2 unique samples (0 duplicates filtered) in 15.91s
2025-06-07 10:56:53,683 - cyberdata.scripts.generator - INFO - C:\Users\Tianyu Wang\Documents\Notebooks\cyberdata\src\cyberdata\process\generator.py:499 - generate_parallel() - Task business email compromise_ben_22 contributed 2 samples
2025-06-07 10:56:55,888 - cyberdata.scripts.generator - INFO - C:\Users\Tianyu Wang\Documents\Notebooks\cyberdata\src\cyberdata\process\generator.py:350 - execute_generation_task() - Task business email compromise_ben_23 completed: 2 unique samples (0 duplicates filtered) in 16.79s
2025-06-07 10:56:55,889 - cyberdata.scripts.generator - INFO - C:\Users\Tianyu Wang\Documents\Notebooks\cyberdata\src\cyberdata\process\generator.py:499 - generate_parallel() - Task business email compromise_ben_23 contributed 2 samples
2025-06-07 10:57:03,422 - cyberdata.scripts.generator - INFO - C:\Users\Tianyu Wang\Documents\Notebooks\cyberdata\src\cyberdata\process\generator.py:350 - execute_generation_task() - Task business email compromise_ben_24 completed: 2 unique samples (0 duplicates filtered) in 19.46s
2025-06-07 10:57:03,425 - cyberdata.scripts.generator - INFO - C:\Users\Tianyu Wang\Documents\Notebooks\cyberdata\src\cyberdata\process\generator.py:499 - generate_parallel() - Task business email compromise_ben_24 contributed 2 samples
2025-06-07 10:57:03,427 - cyberdata.scripts.generator - INFO - C:\Users\Tianyu Wang\Documents\Notebooks\cyberdata\src\cyberdata\process\generator.py:511 - generate_parallel() - Parallel generation completed for business email compromise: 50 total samples generated in 189.72 seconds
2025-06-07 10:57:03,435 - cyberdata.scripts.generator - INFO - C:\Users\Tianyu Wang\Documents\Notebooks\cyberdata\src\cyberdata\process\generator.py:562 - save_samples() - Saved 50 new samples to C:\Users\Tianyu Wang\Documents\Notebooks\cyberdata\data\large_samples\Phishing_Attack\business_email_compromise_large.json
2025-06-07 10:57:03,436 - cyberdata.scripts.generator - INFO - C:\Users\Tianyu Wang\Documents\Notebooks\cyberdata\src\cyberdata\process\generator.py:563 - save_samples() - Total samples in file: 50
2025-06-07 10:57:03,436 - cyberdata.scripts.generator - INFO - C:\Users\Tianyu Wang\Documents\Notebooks\cyberdata\src\cyberdata\process\generator.py:564 - save_samples() - Generation rate: 15.8 samples/minute
2025-06-07 10:57:03,437 - cyberdata.scripts.generator - INFO - C:\Users\Tianyu Wang\Documents\Notebooks\cyberdata\src\cyberdata\process\generator.py:649 - main() - Successfully generated 50 samples for business email compromise
2025-06-07 10:57:03,437 - cyberdata.scripts.generator - INFO - C:\Users\Tianyu Wang\Documents\Notebooks\cyberdata\src\cyberdata\process\generator.py:663 - main() - 
============================================================
2025-06-07 10:57:03,438 - cyberdata.scripts.generator - INFO - C:\Users\Tianyu Wang\Documents\Notebooks\cyberdata\src\cyberdata\process\generator.py:664 - main() - GENERATION COMPLETED
2025-06-07 10:57:03,438 - cyberdata.scripts.generator - INFO - C:\Users\Tianyu Wang\Documents\Notebooks\cyberdata\src\cyberdata\process\generator.py:665 - main() - ============================================================
2025-06-07 10:57:03,439 - cyberdata.scripts.generator - INFO - C:\Users\Tianyu Wang\Documents\Notebooks\cyberdata\src\cyberdata\process\generator.py:666 - main() - Problems processed: 3/3
2025-06-07 10:57:03,439 - cyberdata.scripts.generator - INFO - C:\Users\Tianyu Wang\Documents\Notebooks\cyberdata\src\cyberdata\process\generator.py:667 - main() - Total samples generated: 146
2025-06-07 10:57:03,439 - cyberdata.scripts.generator - INFO - C:\Users\Tianyu Wang\Documents\Notebooks\cyberdata\src\cyberdata\process\generator.py:668 - main() - Total duplicates filtered: 0
2025-06-07 10:57:03,440 - cyberdata.scripts.generator - INFO - C:\Users\Tianyu Wang\Documents\Notebooks\cyberdata\src\cyberdata\process\generator.py:669 - main() - Total generation time: 609.20 seconds
2025-06-07 10:57:03,440 - cyberdata.scripts.generator - INFO - C:\Users\Tianyu Wang\Documents\Notebooks\cyberdata\src\cyberdata\process\generator.py:673 - main() - Overall generation rate: 14.4 samples/minute
2025-06-07 10:57:03,440 - cyberdata.scripts.generator - INFO - C:\Users\Tianyu Wang\Documents\Notebooks\cyberdata\src\cyberdata\process\generator.py:675 - main() - ============================================================
