2025-06-18 21:33:02,115 - cyberdata.utils.prompt_loader - INFO - C:\Users\Tianyu Wang\Documents\Notebooks\cyberdata\src\cyberdata\utils\logger_config.py:62 - setup_logger() - Logger initialized. Logs will be saved to C:\Users\Tianyu Wang\Documents\Notebooks\cyberdata\logs\cyberdata.utils.prompt_loader_20250618_213302.log
2025-06-18 21:33:02,121 - cyberdata.utils.prompt_loader - INFO - C:\Users\Tianyu Wang\Documents\Notebooks\cyberdata\src\cyberdata\utils\prompt_loader.py:46 - __init__() - PromptLoader initialized with directory: C:\Users\Tianyu Wang\Documents\Notebooks\cyberdata\config\prompts
2025-06-18 21:33:02,121 - cyberdata.utils.prompt_loader - INFO - C:\Users\Tianyu Wang\Documents\Notebooks\cyberdata\src\cyberdata\utils\prompt_loader.py:87 - load_prompt_file() - Loading prompts from: C:\Users\Tianyu Wang\Documents\Notebooks\cyberdata\config\prompts\generation_config.yaml
2025-06-18 21:33:02,133 - cyberdata.utils.prompt_loader - ERROR - C:\Users\Tianyu Wang\Documents\Notebooks\cyberdata\src\cyberdata\utils\prompt_loader.py:97 - load_prompt_file() - Error parsing YAML file C:\Users\Tianyu Wang\Documents\Notebooks\cyberdata\config\prompts\generation_config.yaml: mapping values are not allowed here
  in "C:\Users\Tianyu Wang\Documents\Notebooks\cyberdata\config\prompts\generation_config.yaml", line 31, column 15
2025-06-18 21:33:02,142 - cyberdata.utils.prompt_loader - INFO - C:\Users\Tianyu Wang\Documents\Notebooks\cyberdata\src\cyberdata\utils\prompt_loader.py:87 - load_prompt_file() - Loading prompts from: C:\Users\Tianyu Wang\Documents\Notebooks\cyberdata\config\prompts\generation_config.yaml
2025-06-18 21:33:02,142 - cyberdata.utils.prompt_loader - INFO - C:\Users\Tianyu Wang\Documents\Notebooks\cyberdata\src\cyberdata\utils\prompt_loader.py:87 - load_prompt_file() - Loading prompts from: C:\Users\Tianyu Wang\Documents\Notebooks\cyberdata\config\prompts\generation_config.yaml
2025-06-18 21:33:02,144 - cyberdata.utils.prompt_loader - ERROR - C:\Users\Tianyu Wang\Documents\Notebooks\cyberdata\src\cyberdata\utils\prompt_loader.py:97 - load_prompt_file() - Error parsing YAML file C:\Users\Tianyu Wang\Documents\Notebooks\cyberdata\config\prompts\generation_config.yaml: mapping values are not allowed here
  in "C:\Users\Tianyu Wang\Documents\Notebooks\cyberdata\config\prompts\generation_config.yaml", line 31, column 15
2025-06-18 21:33:02,145 - cyberdata.utils.prompt_loader - ERROR - C:\Users\Tianyu Wang\Documents\Notebooks\cyberdata\src\cyberdata\utils\prompt_loader.py:97 - load_prompt_file() - Error parsing YAML file C:\Users\Tianyu Wang\Documents\Notebooks\cyberdata\config\prompts\generation_config.yaml: mapping values are not allowed here
  in "C:\Users\Tianyu Wang\Documents\Notebooks\cyberdata\config\prompts\generation_config.yaml", line 31, column 15
2025-06-18 21:33:02,146 - cyberdata.utils.prompt_loader - INFO - C:\Users\Tianyu Wang\Documents\Notebooks\cyberdata\src\cyberdata\utils\prompt_loader.py:87 - load_prompt_file() - Loading prompts from: C:\Users\Tianyu Wang\Documents\Notebooks\cyberdata\config\prompts\generation_config.yaml
2025-06-18 21:33:02,147 - cyberdata.utils.prompt_loader - INFO - C:\Users\Tianyu Wang\Documents\Notebooks\cyberdata\src\cyberdata\utils\prompt_loader.py:87 - load_prompt_file() - Loading prompts from: C:\Users\Tianyu Wang\Documents\Notebooks\cyberdata\config\prompts\generation_config.yaml
2025-06-18 21:33:02,148 - cyberdata.utils.prompt_loader - ERROR - C:\Users\Tianyu Wang\Documents\Notebooks\cyberdata\src\cyberdata\utils\prompt_loader.py:97 - load_prompt_file() - Error parsing YAML file C:\Users\Tianyu Wang\Documents\Notebooks\cyberdata\config\prompts\generation_config.yaml: mapping values are not allowed here
  in "C:\Users\Tianyu Wang\Documents\Notebooks\cyberdata\config\prompts\generation_config.yaml", line 31, column 15
2025-06-18 21:33:02,150 - cyberdata.utils.prompt_loader - ERROR - C:\Users\Tianyu Wang\Documents\Notebooks\cyberdata\src\cyberdata\utils\prompt_loader.py:97 - load_prompt_file() - Error parsing YAML file C:\Users\Tianyu Wang\Documents\Notebooks\cyberdata\config\prompts\generation_config.yaml: mapping values are not allowed here
  in "C:\Users\Tianyu Wang\Documents\Notebooks\cyberdata\config\prompts\generation_config.yaml", line 31, column 15
2025-06-18 21:33:02,152 - cyberdata.utils.prompt_loader - INFO - C:\Users\Tianyu Wang\Documents\Notebooks\cyberdata\src\cyberdata\utils\prompt_loader.py:87 - load_prompt_file() - Loading prompts from: C:\Users\Tianyu Wang\Documents\Notebooks\cyberdata\config\prompts\generation_config.yaml
2025-06-18 21:33:02,154 - cyberdata.utils.prompt_loader - ERROR - C:\Users\Tianyu Wang\Documents\Notebooks\cyberdata\src\cyberdata\utils\prompt_loader.py:97 - load_prompt_file() - Error parsing YAML file C:\Users\Tianyu Wang\Documents\Notebooks\cyberdata\config\prompts\generation_config.yaml: mapping values are not allowed here
  in "C:\Users\Tianyu Wang\Documents\Notebooks\cyberdata\config\prompts\generation_config.yaml", line 31, column 15
2025-06-18 21:33:02,155 - cyberdata.utils.prompt_loader - INFO - C:\Users\Tianyu Wang\Documents\Notebooks\cyberdata\src\cyberdata\utils\prompt_loader.py:87 - load_prompt_file() - Loading prompts from: C:\Users\Tianyu Wang\Documents\Notebooks\cyberdata\config\prompts\generation_config.yaml
2025-06-18 21:33:02,157 - cyberdata.utils.prompt_loader - ERROR - C:\Users\Tianyu Wang\Documents\Notebooks\cyberdata\src\cyberdata\utils\prompt_loader.py:97 - load_prompt_file() - Error parsing YAML file C:\Users\Tianyu Wang\Documents\Notebooks\cyberdata\config\prompts\generation_config.yaml: mapping values are not allowed here
  in "C:\Users\Tianyu Wang\Documents\Notebooks\cyberdata\config\prompts\generation_config.yaml", line 31, column 15
2025-06-18 21:33:02,158 - cyberdata.utils.prompt_loader - INFO - C:\Users\Tianyu Wang\Documents\Notebooks\cyberdata\src\cyberdata\utils\prompt_loader.py:87 - load_prompt_file() - Loading prompts from: C:\Users\Tianyu Wang\Documents\Notebooks\cyberdata\config\prompts\generation_config.yaml
2025-06-18 21:33:02,158 - cyberdata.utils.prompt_loader - INFO - C:\Users\Tianyu Wang\Documents\Notebooks\cyberdata\src\cyberdata\utils\prompt_loader.py:87 - load_prompt_file() - Loading prompts from: C:\Users\Tianyu Wang\Documents\Notebooks\cyberdata\config\prompts\generation_config.yaml
2025-06-18 21:33:02,160 - cyberdata.utils.prompt_loader - ERROR - C:\Users\Tianyu Wang\Documents\Notebooks\cyberdata\src\cyberdata\utils\prompt_loader.py:97 - load_prompt_file() - Error parsing YAML file C:\Users\Tianyu Wang\Documents\Notebooks\cyberdata\config\prompts\generation_config.yaml: mapping values are not allowed here
  in "C:\Users\Tianyu Wang\Documents\Notebooks\cyberdata\config\prompts\generation_config.yaml", line 31, column 15
2025-06-18 21:33:02,162 - cyberdata.utils.prompt_loader - ERROR - C:\Users\Tianyu Wang\Documents\Notebooks\cyberdata\src\cyberdata\utils\prompt_loader.py:97 - load_prompt_file() - Error parsing YAML file C:\Users\Tianyu Wang\Documents\Notebooks\cyberdata\config\prompts\generation_config.yaml: mapping values are not allowed here
  in "C:\Users\Tianyu Wang\Documents\Notebooks\cyberdata\config\prompts\generation_config.yaml", line 31, column 15
2025-06-18 21:33:02,163 - cyberdata.utils.prompt_loader - INFO - C:\Users\Tianyu Wang\Documents\Notebooks\cyberdata\src\cyberdata\utils\prompt_loader.py:87 - load_prompt_file() - Loading prompts from: C:\Users\Tianyu Wang\Documents\Notebooks\cyberdata\config\prompts\generation_config.yaml
2025-06-18 21:33:02,163 - cyberdata.utils.prompt_loader - INFO - C:\Users\Tianyu Wang\Documents\Notebooks\cyberdata\src\cyberdata\utils\prompt_loader.py:87 - load_prompt_file() - Loading prompts from: C:\Users\Tianyu Wang\Documents\Notebooks\cyberdata\config\prompts\generation_config.yaml
2025-06-18 21:33:02,165 - cyberdata.utils.prompt_loader - ERROR - C:\Users\Tianyu Wang\Documents\Notebooks\cyberdata\src\cyberdata\utils\prompt_loader.py:97 - load_prompt_file() - Error parsing YAML file C:\Users\Tianyu Wang\Documents\Notebooks\cyberdata\config\prompts\generation_config.yaml: mapping values are not allowed here
  in "C:\Users\Tianyu Wang\Documents\Notebooks\cyberdata\config\prompts\generation_config.yaml", line 31, column 15
2025-06-18 21:33:02,166 - cyberdata.utils.prompt_loader - ERROR - C:\Users\Tianyu Wang\Documents\Notebooks\cyberdata\src\cyberdata\utils\prompt_loader.py:97 - load_prompt_file() - Error parsing YAML file C:\Users\Tianyu Wang\Documents\Notebooks\cyberdata\config\prompts\generation_config.yaml: mapping values are not allowed here
  in "C:\Users\Tianyu Wang\Documents\Notebooks\cyberdata\config\prompts\generation_config.yaml", line 31, column 15
