2025-06-15 14:04:08,845 - cyberdata.scripts.generator - INFO - /Users/tianyu/Notebooks/cyberdata/src/cyberdata/utils/logger_config.py:62 - setup_logger() - Logger initialized. Logs will be saved to /Users/tianyu/Notebooks/cyberdata/logs/cyberdata.scripts.generator_20250615_140408.log
2025-06-15 14:04:08,849 - cyberdata.scripts.generator - INFO - /Users/tianyu/Notebooks/cyberdata/src/cyberdata/process/synthetic_generator.py:171 - __init__() - Generator initialized: 4 workers, batch size 2, defaults: 100 samples, 0.5 malicious ratio
2025-06-15 14:04:08,849 - cyberdata.scripts.generator - INFO - /Users/tianyu/Notebooks/cyberdata/src/cyberdata/process/synthetic_generator.py:579 - main() - Starting generation: count=100, malicious_ratio=0.5
2025-06-15 14:04:08,849 - cyberdata.scripts.generator - INFO - /Users/tianyu/Notebooks/cyberdata/src/cyberdata/process/synthetic_generator.py:590 - main() - Target distribution: 50 malicious, 50 benign
2025-06-15 14:04:08,849 - cyberdata.scripts.generator - INFO - /Users/tianyu/Notebooks/cyberdata/src/cyberdata/process/synthetic_generator.py:602 - main() - Processing 2 problems
2025-06-15 14:04:08,849 - cyberdata.scripts.generator - INFO - /Users/tianyu/Notebooks/cyberdata/src/cyberdata/process/synthetic_generator.py:618 - main() - 
============================================================
2025-06-15 14:04:08,849 - cyberdata.scripts.generator - INFO - /Users/tianyu/Notebooks/cyberdata/src/cyberdata/process/synthetic_generator.py:619 - main() - Processing problem 1/2: Social Engineering/phishing
2025-06-15 14:04:08,849 - cyberdata.scripts.generator - INFO - /Users/tianyu/Notebooks/cyberdata/src/cyberdata/process/synthetic_generator.py:620 - main() - ============================================================
2025-06-15 14:04:08,849 - cyberdata.scripts.generator - INFO - /Users/tianyu/Notebooks/cyberdata/src/cyberdata/process/synthetic_generator.py:467 - generate_parallel() - Starting parallel generation for phishing: 50 malicious, 50 benign
2025-06-15 14:04:08,849 - cyberdata.scripts.generator - INFO - /Users/tianyu/Notebooks/cyberdata/src/cyberdata/process/synthetic_generator.py:309 - create_generation_tasks() - Created 50 generation tasks for phishing
2025-06-15 14:04:08,849 - cyberdata.scripts.generator - INFO - /Users/tianyu/Notebooks/cyberdata/src/cyberdata/process/synthetic_generator.py:318 - execute_generation_task() - Executing task phishing_mal_0 (attempt 1): 2 malicious samples
2025-06-15 14:04:08,850 - cyberdata.scripts.generator - INFO - /Users/tianyu/Notebooks/cyberdata/src/cyberdata/process/synthetic_generator.py:318 - execute_generation_task() - Executing task phishing_mal_1 (attempt 1): 2 malicious samples
2025-06-15 14:04:08,851 - cyberdata.scripts.generator - INFO - /Users/tianyu/Notebooks/cyberdata/src/cyberdata/process/synthetic_generator.py:318 - execute_generation_task() - Executing task phishing_mal_2 (attempt 1): 2 malicious samples
2025-06-15 14:04:08,853 - cyberdata.scripts.generator - INFO - /Users/tianyu/Notebooks/cyberdata/src/cyberdata/process/synthetic_generator.py:318 - execute_generation_task() - Executing task phishing_mal_3 (attempt 1): 2 malicious samples
2025-06-15 14:04:11,018 - cyberdata.scripts.generator - INFO - /Users/tianyu/Notebooks/cyberdata/src/cyberdata/process/synthetic_generator.py:350 - execute_generation_task() - Task phishing_mal_2 completed: 1 unique samples (1 duplicates filtered) in 2.17s
2025-06-15 14:04:11,018 - cyberdata.scripts.generator - INFO - /Users/tianyu/Notebooks/cyberdata/src/cyberdata/process/synthetic_generator.py:318 - execute_generation_task() - Executing task phishing_mal_4 (attempt 1): 2 malicious samples
2025-06-15 14:04:11,018 - cyberdata.scripts.generator - INFO - /Users/tianyu/Notebooks/cyberdata/src/cyberdata/process/synthetic_generator.py:499 - generate_parallel() - Task phishing_mal_2 contributed 1 samples
2025-06-15 14:04:11,041 - cyberdata.scripts.generator - INFO - /Users/tianyu/Notebooks/cyberdata/src/cyberdata/process/synthetic_generator.py:350 - execute_generation_task() - Task phishing_mal_0 completed: 0 unique samples (2 duplicates filtered) in 2.19s
2025-06-15 14:04:11,042 - cyberdata.scripts.generator - INFO - /Users/tianyu/Notebooks/cyberdata/src/cyberdata/process/synthetic_generator.py:318 - execute_generation_task() - Executing task phishing_mal_5 (attempt 1): 2 malicious samples
2025-06-15 14:04:11,042 - cyberdata.scripts.generator - INFO - /Users/tianyu/Notebooks/cyberdata/src/cyberdata/process/synthetic_generator.py:499 - generate_parallel() - Task phishing_mal_0 contributed 0 samples
2025-06-15 14:04:11,193 - cyberdata.scripts.generator - INFO - /Users/tianyu/Notebooks/cyberdata/src/cyberdata/process/synthetic_generator.py:350 - execute_generation_task() - Task phishing_mal_3 completed: 0 unique samples (2 duplicates filtered) in 2.34s
2025-06-15 14:04:11,193 - cyberdata.scripts.generator - INFO - /Users/tianyu/Notebooks/cyberdata/src/cyberdata/process/synthetic_generator.py:318 - execute_generation_task() - Executing task phishing_mal_6 (attempt 1): 2 malicious samples
2025-06-15 14:04:11,193 - cyberdata.scripts.generator - INFO - /Users/tianyu/Notebooks/cyberdata/src/cyberdata/process/synthetic_generator.py:499 - generate_parallel() - Task phishing_mal_3 contributed 0 samples
2025-06-15 14:04:11,622 - cyberdata.scripts.generator - INFO - /Users/tianyu/Notebooks/cyberdata/src/cyberdata/process/synthetic_generator.py:350 - execute_generation_task() - Task phishing_mal_1 completed: 0 unique samples (2 duplicates filtered) in 2.77s
2025-06-15 14:04:11,623 - cyberdata.scripts.generator - INFO - /Users/tianyu/Notebooks/cyberdata/src/cyberdata/process/synthetic_generator.py:318 - execute_generation_task() - Executing task phishing_mal_7 (attempt 1): 2 malicious samples
2025-06-15 14:04:11,623 - cyberdata.scripts.generator - INFO - /Users/tianyu/Notebooks/cyberdata/src/cyberdata/process/synthetic_generator.py:499 - generate_parallel() - Task phishing_mal_1 contributed 0 samples
2025-06-15 14:04:13,582 - cyberdata.scripts.generator - INFO - /Users/tianyu/Notebooks/cyberdata/src/cyberdata/process/synthetic_generator.py:350 - execute_generation_task() - Task phishing_mal_5 completed: 0 unique samples (2 duplicates filtered) in 2.54s
2025-06-15 14:04:13,582 - cyberdata.scripts.generator - INFO - /Users/tianyu/Notebooks/cyberdata/src/cyberdata/process/synthetic_generator.py:318 - execute_generation_task() - Executing task phishing_mal_8 (attempt 1): 2 malicious samples
2025-06-15 14:04:13,582 - cyberdata.scripts.generator - INFO - /Users/tianyu/Notebooks/cyberdata/src/cyberdata/process/synthetic_generator.py:499 - generate_parallel() - Task phishing_mal_5 contributed 0 samples
2025-06-15 14:04:13,671 - cyberdata.scripts.generator - INFO - /Users/tianyu/Notebooks/cyberdata/src/cyberdata/process/synthetic_generator.py:350 - execute_generation_task() - Task phishing_mal_7 completed: 0 unique samples (2 duplicates filtered) in 2.05s
2025-06-15 14:04:13,671 - cyberdata.scripts.generator - INFO - /Users/tianyu/Notebooks/cyberdata/src/cyberdata/process/synthetic_generator.py:318 - execute_generation_task() - Executing task phishing_mal_9 (attempt 1): 2 malicious samples
2025-06-15 14:04:13,671 - cyberdata.scripts.generator - INFO - /Users/tianyu/Notebooks/cyberdata/src/cyberdata/process/synthetic_generator.py:499 - generate_parallel() - Task phishing_mal_7 contributed 0 samples
2025-06-15 14:04:14,391 - cyberdata.scripts.generator - INFO - /Users/tianyu/Notebooks/cyberdata/src/cyberdata/process/synthetic_generator.py:350 - execute_generation_task() - Task phishing_mal_4 completed: 0 unique samples (2 duplicates filtered) in 3.37s
2025-06-15 14:04:14,392 - cyberdata.scripts.generator - INFO - /Users/tianyu/Notebooks/cyberdata/src/cyberdata/process/synthetic_generator.py:318 - execute_generation_task() - Executing task phishing_mal_10 (attempt 1): 2 malicious samples
2025-06-15 14:04:14,392 - cyberdata.scripts.generator - INFO - /Users/tianyu/Notebooks/cyberdata/src/cyberdata/process/synthetic_generator.py:499 - generate_parallel() - Task phishing_mal_4 contributed 0 samples
2025-06-15 14:04:14,560 - cyberdata.scripts.generator - INFO - /Users/tianyu/Notebooks/cyberdata/src/cyberdata/process/synthetic_generator.py:350 - execute_generation_task() - Task phishing_mal_6 completed: 0 unique samples (2 duplicates filtered) in 3.37s
2025-06-15 14:04:14,561 - cyberdata.scripts.generator - INFO - /Users/tianyu/Notebooks/cyberdata/src/cyberdata/process/synthetic_generator.py:318 - execute_generation_task() - Executing task phishing_mal_11 (attempt 1): 2 malicious samples
2025-06-15 14:04:14,561 - cyberdata.scripts.generator - INFO - /Users/tianyu/Notebooks/cyberdata/src/cyberdata/process/synthetic_generator.py:499 - generate_parallel() - Task phishing_mal_6 contributed 0 samples
2025-06-15 14:04:15,997 - cyberdata.scripts.generator - INFO - /Users/tianyu/Notebooks/cyberdata/src/cyberdata/process/synthetic_generator.py:350 - execute_generation_task() - Task phishing_mal_8 completed: 0 unique samples (2 duplicates filtered) in 2.41s
2025-06-15 14:04:15,997 - cyberdata.scripts.generator - INFO - /Users/tianyu/Notebooks/cyberdata/src/cyberdata/process/synthetic_generator.py:318 - execute_generation_task() - Executing task phishing_mal_12 (attempt 1): 2 malicious samples
2025-06-15 14:04:15,997 - cyberdata.scripts.generator - INFO - /Users/tianyu/Notebooks/cyberdata/src/cyberdata/process/synthetic_generator.py:499 - generate_parallel() - Task phishing_mal_8 contributed 0 samples
2025-06-15 14:04:16,437 - cyberdata.scripts.generator - INFO - /Users/tianyu/Notebooks/cyberdata/src/cyberdata/process/synthetic_generator.py:350 - execute_generation_task() - Task phishing_mal_9 completed: 0 unique samples (2 duplicates filtered) in 2.77s
2025-06-15 14:04:16,437 - cyberdata.scripts.generator - INFO - /Users/tianyu/Notebooks/cyberdata/src/cyberdata/process/synthetic_generator.py:318 - execute_generation_task() - Executing task phishing_mal_13 (attempt 1): 2 malicious samples
2025-06-15 14:04:16,437 - cyberdata.scripts.generator - INFO - /Users/tianyu/Notebooks/cyberdata/src/cyberdata/process/synthetic_generator.py:499 - generate_parallel() - Task phishing_mal_9 contributed 0 samples
2025-06-15 14:04:16,728 - cyberdata.scripts.generator - INFO - /Users/tianyu/Notebooks/cyberdata/src/cyberdata/process/synthetic_generator.py:350 - execute_generation_task() - Task phishing_mal_10 completed: 0 unique samples (2 duplicates filtered) in 2.34s
2025-06-15 14:04:16,728 - cyberdata.scripts.generator - INFO - /Users/tianyu/Notebooks/cyberdata/src/cyberdata/process/synthetic_generator.py:318 - execute_generation_task() - Executing task phishing_mal_14 (attempt 1): 2 malicious samples
2025-06-15 14:04:16,728 - cyberdata.scripts.generator - INFO - /Users/tianyu/Notebooks/cyberdata/src/cyberdata/process/synthetic_generator.py:499 - generate_parallel() - Task phishing_mal_10 contributed 0 samples
2025-06-15 14:04:17,564 - cyberdata.scripts.generator - INFO - /Users/tianyu/Notebooks/cyberdata/src/cyberdata/process/synthetic_generator.py:350 - execute_generation_task() - Task phishing_mal_11 completed: 0 unique samples (2 duplicates filtered) in 3.00s
2025-06-15 14:04:17,564 - cyberdata.scripts.generator - INFO - /Users/tianyu/Notebooks/cyberdata/src/cyberdata/process/synthetic_generator.py:318 - execute_generation_task() - Executing task phishing_mal_15 (attempt 1): 2 malicious samples
2025-06-15 14:04:17,564 - cyberdata.scripts.generator - INFO - /Users/tianyu/Notebooks/cyberdata/src/cyberdata/process/synthetic_generator.py:499 - generate_parallel() - Task phishing_mal_11 contributed 0 samples
2025-06-15 14:04:18,393 - cyberdata.scripts.generator - INFO - /Users/tianyu/Notebooks/cyberdata/src/cyberdata/process/synthetic_generator.py:350 - execute_generation_task() - Task phishing_mal_12 completed: 0 unique samples (2 duplicates filtered) in 2.40s
2025-06-15 14:04:18,393 - cyberdata.scripts.generator - INFO - /Users/tianyu/Notebooks/cyberdata/src/cyberdata/process/synthetic_generator.py:318 - execute_generation_task() - Executing task phishing_mal_16 (attempt 1): 2 malicious samples
2025-06-15 14:04:18,394 - cyberdata.scripts.generator - INFO - /Users/tianyu/Notebooks/cyberdata/src/cyberdata/process/synthetic_generator.py:499 - generate_parallel() - Task phishing_mal_12 contributed 0 samples
2025-06-15 14:04:18,786 - cyberdata.scripts.generator - INFO - /Users/tianyu/Notebooks/cyberdata/src/cyberdata/process/synthetic_generator.py:350 - execute_generation_task() - Task phishing_mal_14 completed: 0 unique samples (2 duplicates filtered) in 2.06s
2025-06-15 14:04:18,787 - cyberdata.scripts.generator - INFO - /Users/tianyu/Notebooks/cyberdata/src/cyberdata/process/synthetic_generator.py:318 - execute_generation_task() - Executing task phishing_mal_17 (attempt 1): 2 malicious samples
2025-06-15 14:04:18,787 - cyberdata.scripts.generator - INFO - /Users/tianyu/Notebooks/cyberdata/src/cyberdata/process/synthetic_generator.py:499 - generate_parallel() - Task phishing_mal_14 contributed 0 samples
2025-06-15 14:04:20,841 - cyberdata.scripts.generator - INFO - /Users/tianyu/Notebooks/cyberdata/src/cyberdata/process/synthetic_generator.py:350 - execute_generation_task() - Task phishing_mal_13 completed: 0 unique samples (2 duplicates filtered) in 4.40s
2025-06-15 14:04:20,842 - cyberdata.scripts.generator - INFO - /Users/tianyu/Notebooks/cyberdata/src/cyberdata/process/synthetic_generator.py:318 - execute_generation_task() - Executing task phishing_mal_18 (attempt 1): 2 malicious samples
2025-06-15 14:04:20,842 - cyberdata.scripts.generator - INFO - /Users/tianyu/Notebooks/cyberdata/src/cyberdata/process/synthetic_generator.py:499 - generate_parallel() - Task phishing_mal_13 contributed 0 samples
2025-06-15 14:04:21,258 - cyberdata.scripts.generator - INFO - /Users/tianyu/Notebooks/cyberdata/src/cyberdata/process/synthetic_generator.py:350 - execute_generation_task() - Task phishing_mal_17 completed: 0 unique samples (2 duplicates filtered) in 2.47s
2025-06-15 14:04:21,259 - cyberdata.scripts.generator - INFO - /Users/tianyu/Notebooks/cyberdata/src/cyberdata/process/synthetic_generator.py:318 - execute_generation_task() - Executing task phishing_mal_19 (attempt 1): 2 malicious samples
2025-06-15 14:04:21,259 - cyberdata.scripts.generator - INFO - /Users/tianyu/Notebooks/cyberdata/src/cyberdata/process/synthetic_generator.py:499 - generate_parallel() - Task phishing_mal_17 contributed 0 samples
2025-06-15 14:04:21,262 - cyberdata.scripts.generator - INFO - /Users/tianyu/Notebooks/cyberdata/src/cyberdata/process/synthetic_generator.py:350 - execute_generation_task() - Task phishing_mal_15 completed: 0 unique samples (2 duplicates filtered) in 3.70s
2025-06-15 14:04:21,262 - cyberdata.scripts.generator - INFO - /Users/tianyu/Notebooks/cyberdata/src/cyberdata/process/synthetic_generator.py:318 - execute_generation_task() - Executing task phishing_mal_20 (attempt 1): 2 malicious samples
2025-06-15 14:04:21,262 - cyberdata.scripts.generator - INFO - /Users/tianyu/Notebooks/cyberdata/src/cyberdata/process/synthetic_generator.py:499 - generate_parallel() - Task phishing_mal_15 contributed 0 samples
2025-06-15 14:04:22,067 - cyberdata.scripts.generator - INFO - /Users/tianyu/Notebooks/cyberdata/src/cyberdata/process/synthetic_generator.py:350 - execute_generation_task() - Task phishing_mal_16 completed: 0 unique samples (2 duplicates filtered) in 3.67s
2025-06-15 14:04:22,068 - cyberdata.scripts.generator - INFO - /Users/tianyu/Notebooks/cyberdata/src/cyberdata/process/synthetic_generator.py:318 - execute_generation_task() - Executing task phishing_mal_21 (attempt 1): 2 malicious samples
2025-06-15 14:04:22,068 - cyberdata.scripts.generator - INFO - /Users/tianyu/Notebooks/cyberdata/src/cyberdata/process/synthetic_generator.py:499 - generate_parallel() - Task phishing_mal_16 contributed 0 samples
2025-06-15 14:04:24,324 - cyberdata.scripts.generator - INFO - /Users/tianyu/Notebooks/cyberdata/src/cyberdata/process/synthetic_generator.py:350 - execute_generation_task() - Task phishing_mal_20 completed: 0 unique samples (2 duplicates filtered) in 3.06s
2025-06-15 14:04:24,324 - cyberdata.scripts.generator - INFO - /Users/tianyu/Notebooks/cyberdata/src/cyberdata/process/synthetic_generator.py:318 - execute_generation_task() - Executing task phishing_mal_22 (attempt 1): 2 malicious samples
2025-06-15 14:04:24,324 - cyberdata.scripts.generator - INFO - /Users/tianyu/Notebooks/cyberdata/src/cyberdata/process/synthetic_generator.py:499 - generate_parallel() - Task phishing_mal_20 contributed 0 samples
2025-06-15 14:04:25,349 - cyberdata.scripts.generator - INFO - /Users/tianyu/Notebooks/cyberdata/src/cyberdata/process/synthetic_generator.py:350 - execute_generation_task() - Task phishing_mal_21 completed: 0 unique samples (2 duplicates filtered) in 3.28s
2025-06-15 14:04:25,349 - cyberdata.scripts.generator - INFO - /Users/tianyu/Notebooks/cyberdata/src/cyberdata/process/synthetic_generator.py:318 - execute_generation_task() - Executing task phishing_mal_23 (attempt 1): 2 malicious samples
2025-06-15 14:04:25,349 - cyberdata.scripts.generator - INFO - /Users/tianyu/Notebooks/cyberdata/src/cyberdata/process/synthetic_generator.py:499 - generate_parallel() - Task phishing_mal_21 contributed 0 samples
2025-06-15 14:04:26,165 - cyberdata.scripts.generator - INFO - /Users/tianyu/Notebooks/cyberdata/src/cyberdata/process/synthetic_generator.py:350 - execute_generation_task() - Task phishing_mal_18 completed: 0 unique samples (2 duplicates filtered) in 5.32s
2025-06-15 14:04:26,165 - cyberdata.scripts.generator - INFO - /Users/tianyu/Notebooks/cyberdata/src/cyberdata/process/synthetic_generator.py:318 - execute_generation_task() - Executing task phishing_mal_24 (attempt 1): 2 malicious samples
2025-06-15 14:04:26,165 - cyberdata.scripts.generator - INFO - /Users/tianyu/Notebooks/cyberdata/src/cyberdata/process/synthetic_generator.py:499 - generate_parallel() - Task phishing_mal_18 contributed 0 samples
2025-06-15 14:04:27,497 - cyberdata.scripts.generator - INFO - /Users/tianyu/Notebooks/cyberdata/src/cyberdata/process/synthetic_generator.py:350 - execute_generation_task() - Task phishing_mal_19 completed: 0 unique samples (2 duplicates filtered) in 6.24s
2025-06-15 14:04:27,497 - cyberdata.scripts.generator - INFO - /Users/tianyu/Notebooks/cyberdata/src/cyberdata/process/synthetic_generator.py:318 - execute_generation_task() - Executing task phishing_ben_25 (attempt 1): 2 benign samples
2025-06-15 14:04:27,498 - cyberdata.scripts.generator - INFO - /Users/tianyu/Notebooks/cyberdata/src/cyberdata/process/synthetic_generator.py:499 - generate_parallel() - Task phishing_mal_19 contributed 0 samples
2025-06-15 14:04:27,717 - cyberdata.scripts.generator - INFO - /Users/tianyu/Notebooks/cyberdata/src/cyberdata/process/synthetic_generator.py:350 - execute_generation_task() - Task phishing_mal_22 completed: 0 unique samples (2 duplicates filtered) in 3.39s
2025-06-15 14:04:27,717 - cyberdata.scripts.generator - INFO - /Users/tianyu/Notebooks/cyberdata/src/cyberdata/process/synthetic_generator.py:318 - execute_generation_task() - Executing task phishing_ben_26 (attempt 1): 2 benign samples
2025-06-15 14:04:27,718 - cyberdata.scripts.generator - INFO - /Users/tianyu/Notebooks/cyberdata/src/cyberdata/process/synthetic_generator.py:499 - generate_parallel() - Task phishing_mal_22 contributed 0 samples
2025-06-15 14:04:28,622 - cyberdata.scripts.generator - INFO - /Users/tianyu/Notebooks/cyberdata/src/cyberdata/process/synthetic_generator.py:350 - execute_generation_task() - Task phishing_mal_23 completed: 0 unique samples (2 duplicates filtered) in 3.27s
2025-06-15 14:04:28,622 - cyberdata.scripts.generator - INFO - /Users/tianyu/Notebooks/cyberdata/src/cyberdata/process/synthetic_generator.py:318 - execute_generation_task() - Executing task phishing_ben_27 (attempt 1): 2 benign samples
2025-06-15 14:04:28,622 - cyberdata.scripts.generator - INFO - /Users/tianyu/Notebooks/cyberdata/src/cyberdata/process/synthetic_generator.py:499 - generate_parallel() - Task phishing_mal_23 contributed 0 samples
2025-06-15 14:04:28,825 - cyberdata.scripts.generator - INFO - /Users/tianyu/Notebooks/cyberdata/src/cyberdata/process/synthetic_generator.py:350 - execute_generation_task() - Task phishing_mal_24 completed: 0 unique samples (2 duplicates filtered) in 2.66s
2025-06-15 14:04:28,825 - cyberdata.scripts.generator - INFO - /Users/tianyu/Notebooks/cyberdata/src/cyberdata/process/synthetic_generator.py:318 - execute_generation_task() - Executing task phishing_ben_28 (attempt 1): 2 benign samples
2025-06-15 14:04:28,825 - cyberdata.scripts.generator - INFO - /Users/tianyu/Notebooks/cyberdata/src/cyberdata/process/synthetic_generator.py:499 - generate_parallel() - Task phishing_mal_24 contributed 0 samples
2025-06-15 14:04:41,744 - cyberdata.scripts.generator - INFO - /Users/tianyu/Notebooks/cyberdata/src/cyberdata/process/synthetic_generator.py:350 - execute_generation_task() - Task phishing_ben_26 completed: 2 unique samples (0 duplicates filtered) in 14.03s
2025-06-15 14:04:41,744 - cyberdata.scripts.generator - INFO - /Users/tianyu/Notebooks/cyberdata/src/cyberdata/process/synthetic_generator.py:318 - execute_generation_task() - Executing task phishing_ben_29 (attempt 1): 2 benign samples
2025-06-15 14:04:41,744 - cyberdata.scripts.generator - INFO - /Users/tianyu/Notebooks/cyberdata/src/cyberdata/process/synthetic_generator.py:499 - generate_parallel() - Task phishing_ben_26 contributed 2 samples
2025-06-15 14:04:42,344 - cyberdata.scripts.generator - INFO - /Users/tianyu/Notebooks/cyberdata/src/cyberdata/process/synthetic_generator.py:350 - execute_generation_task() - Task phishing_ben_25 completed: 2 unique samples (0 duplicates filtered) in 14.85s
2025-06-15 14:04:42,344 - cyberdata.scripts.generator - INFO - /Users/tianyu/Notebooks/cyberdata/src/cyberdata/process/synthetic_generator.py:318 - execute_generation_task() - Executing task phishing_ben_30 (attempt 1): 2 benign samples
2025-06-15 14:04:42,344 - cyberdata.scripts.generator - INFO - /Users/tianyu/Notebooks/cyberdata/src/cyberdata/process/synthetic_generator.py:499 - generate_parallel() - Task phishing_ben_25 contributed 2 samples
2025-06-15 14:04:45,007 - cyberdata.scripts.generator - INFO - /Users/tianyu/Notebooks/cyberdata/src/cyberdata/process/synthetic_generator.py:350 - execute_generation_task() - Task phishing_ben_28 completed: 2 unique samples (0 duplicates filtered) in 16.18s
2025-06-15 14:04:45,007 - cyberdata.scripts.generator - INFO - /Users/tianyu/Notebooks/cyberdata/src/cyberdata/process/synthetic_generator.py:318 - execute_generation_task() - Executing task phishing_ben_31 (attempt 1): 2 benign samples
2025-06-15 14:04:45,007 - cyberdata.scripts.generator - INFO - /Users/tianyu/Notebooks/cyberdata/src/cyberdata/process/synthetic_generator.py:499 - generate_parallel() - Task phishing_ben_28 contributed 2 samples
2025-06-15 14:04:49,074 - cyberdata.scripts.generator - INFO - /Users/tianyu/Notebooks/cyberdata/src/cyberdata/process/synthetic_generator.py:350 - execute_generation_task() - Task phishing_ben_27 completed: 2 unique samples (0 duplicates filtered) in 20.45s
2025-06-15 14:04:49,074 - cyberdata.scripts.generator - INFO - /Users/tianyu/Notebooks/cyberdata/src/cyberdata/process/synthetic_generator.py:318 - execute_generation_task() - Executing task phishing_ben_32 (attempt 1): 2 benign samples
2025-06-15 14:04:49,074 - cyberdata.scripts.generator - INFO - /Users/tianyu/Notebooks/cyberdata/src/cyberdata/process/synthetic_generator.py:499 - generate_parallel() - Task phishing_ben_27 contributed 2 samples
2025-06-15 14:04:58,424 - cyberdata.scripts.generator - INFO - /Users/tianyu/Notebooks/cyberdata/src/cyberdata/process/synthetic_generator.py:350 - execute_generation_task() - Task phishing_ben_29 completed: 2 unique samples (0 duplicates filtered) in 16.68s
2025-06-15 14:04:58,425 - cyberdata.scripts.generator - INFO - /Users/tianyu/Notebooks/cyberdata/src/cyberdata/process/synthetic_generator.py:318 - execute_generation_task() - Executing task phishing_ben_33 (attempt 1): 2 benign samples
2025-06-15 14:04:58,425 - cyberdata.scripts.generator - INFO - /Users/tianyu/Notebooks/cyberdata/src/cyberdata/process/synthetic_generator.py:499 - generate_parallel() - Task phishing_ben_29 contributed 2 samples
2025-06-15 14:05:03,345 - cyberdata.scripts.generator - INFO - /Users/tianyu/Notebooks/cyberdata/src/cyberdata/process/synthetic_generator.py:350 - execute_generation_task() - Task phishing_ben_31 completed: 2 unique samples (0 duplicates filtered) in 18.34s
2025-06-15 14:05:03,345 - cyberdata.scripts.generator - INFO - /Users/tianyu/Notebooks/cyberdata/src/cyberdata/process/synthetic_generator.py:318 - execute_generation_task() - Executing task phishing_ben_34 (attempt 1): 2 benign samples
2025-06-15 14:05:03,346 - cyberdata.scripts.generator - INFO - /Users/tianyu/Notebooks/cyberdata/src/cyberdata/process/synthetic_generator.py:499 - generate_parallel() - Task phishing_ben_31 contributed 2 samples
2025-06-15 14:05:03,510 - cyberdata.scripts.generator - WARNING - /Users/tianyu/Notebooks/cyberdata/src/cyberdata/process/synthetic_generator.py:462 - _extract_json_from_response() - Failed to parse JSON response
2025-06-15 14:05:03,510 - cyberdata.scripts.generator - INFO - /Users/tianyu/Notebooks/cyberdata/src/cyberdata/process/synthetic_generator.py:350 - execute_generation_task() - Task phishing_ben_30 completed: 0 unique samples (0 duplicates filtered) in 21.17s
2025-06-15 14:05:03,510 - cyberdata.scripts.generator - INFO - /Users/tianyu/Notebooks/cyberdata/src/cyberdata/process/synthetic_generator.py:318 - execute_generation_task() - Executing task phishing_ben_35 (attempt 1): 2 benign samples
2025-06-15 14:05:03,510 - cyberdata.scripts.generator - INFO - /Users/tianyu/Notebooks/cyberdata/src/cyberdata/process/synthetic_generator.py:499 - generate_parallel() - Task phishing_ben_30 contributed 0 samples
2025-06-15 14:05:05,387 - cyberdata.scripts.generator - INFO - /Users/tianyu/Notebooks/cyberdata/src/cyberdata/process/synthetic_generator.py:350 - execute_generation_task() - Task phishing_ben_32 completed: 2 unique samples (0 duplicates filtered) in 16.31s
2025-06-15 14:05:05,387 - cyberdata.scripts.generator - INFO - /Users/tianyu/Notebooks/cyberdata/src/cyberdata/process/synthetic_generator.py:318 - execute_generation_task() - Executing task phishing_ben_36 (attempt 1): 2 benign samples
2025-06-15 14:05:05,387 - cyberdata.scripts.generator - INFO - /Users/tianyu/Notebooks/cyberdata/src/cyberdata/process/synthetic_generator.py:499 - generate_parallel() - Task phishing_ben_32 contributed 2 samples
2025-06-15 14:05:19,724 - cyberdata.scripts.generator - INFO - /Users/tianyu/Notebooks/cyberdata/src/cyberdata/process/synthetic_generator.py:350 - execute_generation_task() - Task phishing_ben_33 completed: 2 unique samples (0 duplicates filtered) in 21.30s
2025-06-15 14:05:19,724 - cyberdata.scripts.generator - INFO - /Users/tianyu/Notebooks/cyberdata/src/cyberdata/process/synthetic_generator.py:318 - execute_generation_task() - Executing task phishing_ben_37 (attempt 1): 2 benign samples
2025-06-15 14:05:19,725 - cyberdata.scripts.generator - INFO - /Users/tianyu/Notebooks/cyberdata/src/cyberdata/process/synthetic_generator.py:499 - generate_parallel() - Task phishing_ben_33 contributed 2 samples
2025-06-15 14:05:21,425 - cyberdata.scripts.generator - INFO - /Users/tianyu/Notebooks/cyberdata/src/cyberdata/process/synthetic_generator.py:350 - execute_generation_task() - Task phishing_ben_35 completed: 2 unique samples (0 duplicates filtered) in 17.91s
2025-06-15 14:05:21,426 - cyberdata.scripts.generator - INFO - /Users/tianyu/Notebooks/cyberdata/src/cyberdata/process/synthetic_generator.py:318 - execute_generation_task() - Executing task phishing_ben_38 (attempt 1): 2 benign samples
2025-06-15 14:05:21,427 - cyberdata.scripts.generator - INFO - /Users/tianyu/Notebooks/cyberdata/src/cyberdata/process/synthetic_generator.py:499 - generate_parallel() - Task phishing_ben_35 contributed 2 samples
2025-06-15 14:05:21,877 - cyberdata.scripts.generator - INFO - /Users/tianyu/Notebooks/cyberdata/src/cyberdata/process/synthetic_generator.py:350 - execute_generation_task() - Task phishing_ben_34 completed: 2 unique samples (0 duplicates filtered) in 18.53s
2025-06-15 14:05:21,877 - cyberdata.scripts.generator - INFO - /Users/tianyu/Notebooks/cyberdata/src/cyberdata/process/synthetic_generator.py:318 - execute_generation_task() - Executing task phishing_ben_39 (attempt 1): 2 benign samples
2025-06-15 14:05:21,877 - cyberdata.scripts.generator - INFO - /Users/tianyu/Notebooks/cyberdata/src/cyberdata/process/synthetic_generator.py:499 - generate_parallel() - Task phishing_ben_34 contributed 2 samples
2025-06-15 14:05:22,617 - cyberdata.scripts.generator - INFO - /Users/tianyu/Notebooks/cyberdata/src/cyberdata/process/synthetic_generator.py:350 - execute_generation_task() - Task phishing_ben_36 completed: 2 unique samples (0 duplicates filtered) in 17.23s
2025-06-15 14:05:22,617 - cyberdata.scripts.generator - INFO - /Users/tianyu/Notebooks/cyberdata/src/cyberdata/process/synthetic_generator.py:318 - execute_generation_task() - Executing task phishing_ben_40 (attempt 1): 2 benign samples
2025-06-15 14:05:22,617 - cyberdata.scripts.generator - INFO - /Users/tianyu/Notebooks/cyberdata/src/cyberdata/process/synthetic_generator.py:499 - generate_parallel() - Task phishing_ben_36 contributed 2 samples
2025-06-15 14:05:36,658 - cyberdata.scripts.generator - INFO - /Users/tianyu/Notebooks/cyberdata/src/cyberdata/process/synthetic_generator.py:350 - execute_generation_task() - Task phishing_ben_37 completed: 2 unique samples (0 duplicates filtered) in 16.93s
2025-06-15 14:05:36,659 - cyberdata.scripts.generator - INFO - /Users/tianyu/Notebooks/cyberdata/src/cyberdata/process/synthetic_generator.py:318 - execute_generation_task() - Executing task phishing_ben_41 (attempt 1): 2 benign samples
2025-06-15 14:05:36,659 - cyberdata.scripts.generator - INFO - /Users/tianyu/Notebooks/cyberdata/src/cyberdata/process/synthetic_generator.py:499 - generate_parallel() - Task phishing_ben_37 contributed 2 samples
2025-06-15 14:05:37,230 - cyberdata.scripts.generator - INFO - /Users/tianyu/Notebooks/cyberdata/src/cyberdata/process/synthetic_generator.py:350 - execute_generation_task() - Task phishing_ben_39 completed: 2 unique samples (0 duplicates filtered) in 15.35s
2025-06-15 14:05:37,230 - cyberdata.scripts.generator - INFO - /Users/tianyu/Notebooks/cyberdata/src/cyberdata/process/synthetic_generator.py:318 - execute_generation_task() - Executing task phishing_ben_42 (attempt 1): 2 benign samples
2025-06-15 14:05:37,230 - cyberdata.scripts.generator - INFO - /Users/tianyu/Notebooks/cyberdata/src/cyberdata/process/synthetic_generator.py:499 - generate_parallel() - Task phishing_ben_39 contributed 2 samples
2025-06-15 14:05:42,651 - cyberdata.scripts.generator - INFO - /Users/tianyu/Notebooks/cyberdata/src/cyberdata/process/synthetic_generator.py:350 - execute_generation_task() - Task phishing_ben_38 completed: 2 unique samples (0 duplicates filtered) in 21.23s
2025-06-15 14:05:42,651 - cyberdata.scripts.generator - INFO - /Users/tianyu/Notebooks/cyberdata/src/cyberdata/process/synthetic_generator.py:318 - execute_generation_task() - Executing task phishing_ben_43 (attempt 1): 2 benign samples
2025-06-15 14:05:42,651 - cyberdata.scripts.generator - INFO - /Users/tianyu/Notebooks/cyberdata/src/cyberdata/process/synthetic_generator.py:499 - generate_parallel() - Task phishing_ben_38 contributed 2 samples
2025-06-15 14:05:43,747 - cyberdata.scripts.generator - WARNING - /Users/tianyu/Notebooks/cyberdata/src/cyberdata/process/synthetic_generator.py:462 - _extract_json_from_response() - Failed to parse JSON response
2025-06-15 14:05:43,747 - cyberdata.scripts.generator - INFO - /Users/tianyu/Notebooks/cyberdata/src/cyberdata/process/synthetic_generator.py:350 - execute_generation_task() - Task phishing_ben_40 completed: 0 unique samples (0 duplicates filtered) in 21.13s
2025-06-15 14:05:43,747 - cyberdata.scripts.generator - INFO - /Users/tianyu/Notebooks/cyberdata/src/cyberdata/process/synthetic_generator.py:318 - execute_generation_task() - Executing task phishing_ben_44 (attempt 1): 2 benign samples
2025-06-15 14:05:43,747 - cyberdata.scripts.generator - INFO - /Users/tianyu/Notebooks/cyberdata/src/cyberdata/process/synthetic_generator.py:499 - generate_parallel() - Task phishing_ben_40 contributed 0 samples
2025-06-15 14:05:52,084 - cyberdata.scripts.generator - INFO - /Users/tianyu/Notebooks/cyberdata/src/cyberdata/process/synthetic_generator.py:350 - execute_generation_task() - Task phishing_ben_41 completed: 2 unique samples (0 duplicates filtered) in 15.43s
2025-06-15 14:05:52,085 - cyberdata.scripts.generator - INFO - /Users/tianyu/Notebooks/cyberdata/src/cyberdata/process/synthetic_generator.py:318 - execute_generation_task() - Executing task phishing_ben_45 (attempt 1): 2 benign samples
2025-06-15 14:05:52,086 - cyberdata.scripts.generator - INFO - /Users/tianyu/Notebooks/cyberdata/src/cyberdata/process/synthetic_generator.py:499 - generate_parallel() - Task phishing_ben_41 contributed 2 samples
2025-06-15 14:05:55,559 - cyberdata.scripts.generator - INFO - /Users/tianyu/Notebooks/cyberdata/src/cyberdata/process/synthetic_generator.py:350 - execute_generation_task() - Task phishing_ben_42 completed: 2 unique samples (0 duplicates filtered) in 18.33s
2025-06-15 14:05:55,559 - cyberdata.scripts.generator - INFO - /Users/tianyu/Notebooks/cyberdata/src/cyberdata/process/synthetic_generator.py:318 - execute_generation_task() - Executing task phishing_ben_46 (attempt 1): 2 benign samples
2025-06-15 14:05:55,560 - cyberdata.scripts.generator - INFO - /Users/tianyu/Notebooks/cyberdata/src/cyberdata/process/synthetic_generator.py:499 - generate_parallel() - Task phishing_ben_42 contributed 2 samples
2025-06-15 14:06:02,460 - cyberdata.scripts.generator - INFO - /Users/tianyu/Notebooks/cyberdata/src/cyberdata/process/synthetic_generator.py:350 - execute_generation_task() - Task phishing_ben_43 completed: 2 unique samples (0 duplicates filtered) in 19.81s
2025-06-15 14:06:02,460 - cyberdata.scripts.generator - INFO - /Users/tianyu/Notebooks/cyberdata/src/cyberdata/process/synthetic_generator.py:318 - execute_generation_task() - Executing task phishing_ben_47 (attempt 1): 2 benign samples
2025-06-15 14:06:02,460 - cyberdata.scripts.generator - INFO - /Users/tianyu/Notebooks/cyberdata/src/cyberdata/process/synthetic_generator.py:499 - generate_parallel() - Task phishing_ben_43 contributed 2 samples
2025-06-15 14:06:05,700 - cyberdata.scripts.generator - INFO - /Users/tianyu/Notebooks/cyberdata/src/cyberdata/process/synthetic_generator.py:350 - execute_generation_task() - Task phishing_ben_44 completed: 2 unique samples (0 duplicates filtered) in 21.95s
2025-06-15 14:06:05,700 - cyberdata.scripts.generator - INFO - /Users/tianyu/Notebooks/cyberdata/src/cyberdata/process/synthetic_generator.py:318 - execute_generation_task() - Executing task phishing_ben_48 (attempt 1): 2 benign samples
2025-06-15 14:06:05,700 - cyberdata.scripts.generator - INFO - /Users/tianyu/Notebooks/cyberdata/src/cyberdata/process/synthetic_generator.py:499 - generate_parallel() - Task phishing_ben_44 contributed 2 samples
2025-06-15 14:06:14,302 - cyberdata.scripts.generator - INFO - /Users/tianyu/Notebooks/cyberdata/src/cyberdata/process/synthetic_generator.py:350 - execute_generation_task() - Task phishing_ben_45 completed: 2 unique samples (0 duplicates filtered) in 22.22s
2025-06-15 14:06:14,302 - cyberdata.scripts.generator - INFO - /Users/tianyu/Notebooks/cyberdata/src/cyberdata/process/synthetic_generator.py:318 - execute_generation_task() - Executing task phishing_ben_49 (attempt 1): 2 benign samples
2025-06-15 14:06:14,302 - cyberdata.scripts.generator - INFO - /Users/tianyu/Notebooks/cyberdata/src/cyberdata/process/synthetic_generator.py:499 - generate_parallel() - Task phishing_ben_45 contributed 2 samples
2025-06-15 14:06:16,871 - cyberdata.scripts.generator - INFO - /Users/tianyu/Notebooks/cyberdata/src/cyberdata/process/synthetic_generator.py:350 - execute_generation_task() - Task phishing_ben_46 completed: 2 unique samples (0 duplicates filtered) in 21.31s
2025-06-15 14:06:16,871 - cyberdata.scripts.generator - INFO - /Users/tianyu/Notebooks/cyberdata/src/cyberdata/process/synthetic_generator.py:499 - generate_parallel() - Task phishing_ben_46 contributed 2 samples
2025-06-15 14:06:21,288 - cyberdata.scripts.generator - INFO - /Users/tianyu/Notebooks/cyberdata/src/cyberdata/process/synthetic_generator.py:350 - execute_generation_task() - Task phishing_ben_47 completed: 2 unique samples (0 duplicates filtered) in 18.83s
2025-06-15 14:06:21,289 - cyberdata.scripts.generator - INFO - /Users/tianyu/Notebooks/cyberdata/src/cyberdata/process/synthetic_generator.py:499 - generate_parallel() - Task phishing_ben_47 contributed 2 samples
2025-06-15 14:06:25,754 - cyberdata.scripts.generator - INFO - /Users/tianyu/Notebooks/cyberdata/src/cyberdata/process/synthetic_generator.py:350 - execute_generation_task() - Task phishing_ben_48 completed: 2 unique samples (0 duplicates filtered) in 20.05s
2025-06-15 14:06:25,754 - cyberdata.scripts.generator - INFO - /Users/tianyu/Notebooks/cyberdata/src/cyberdata/process/synthetic_generator.py:499 - generate_parallel() - Task phishing_ben_48 contributed 2 samples
2025-06-15 14:06:33,911 - cyberdata.scripts.generator - INFO - /Users/tianyu/Notebooks/cyberdata/src/cyberdata/process/synthetic_generator.py:350 - execute_generation_task() - Task phishing_ben_49 completed: 2 unique samples (0 duplicates filtered) in 19.61s
2025-06-15 14:06:33,911 - cyberdata.scripts.generator - INFO - /Users/tianyu/Notebooks/cyberdata/src/cyberdata/process/synthetic_generator.py:499 - generate_parallel() - Task phishing_ben_49 contributed 2 samples
2025-06-15 14:06:33,912 - cyberdata.scripts.generator - INFO - /Users/tianyu/Notebooks/cyberdata/src/cyberdata/process/synthetic_generator.py:511 - generate_parallel() - Parallel generation completed for phishing: 47 total samples generated in 145.06 seconds
2025-06-15 14:06:33,918 - cyberdata.scripts.generator - INFO - /Users/tianyu/Notebooks/cyberdata/src/cyberdata/process/synthetic_generator.py:562 - save_samples() - Saved 47 new samples to /Users/tianyu/Notebooks/cyberdata/data/large_samples/Social_Engineering/phishing_large.json
2025-06-15 14:06:33,918 - cyberdata.scripts.generator - INFO - /Users/tianyu/Notebooks/cyberdata/src/cyberdata/process/synthetic_generator.py:563 - save_samples() - Total samples in file: 47
2025-06-15 14:06:33,918 - cyberdata.scripts.generator - INFO - /Users/tianyu/Notebooks/cyberdata/src/cyberdata/process/synthetic_generator.py:564 - save_samples() - Generation rate: 19.4 samples/minute
2025-06-15 14:06:33,918 - cyberdata.scripts.generator - INFO - /Users/tianyu/Notebooks/cyberdata/src/cyberdata/process/synthetic_generator.py:649 - main() - Successfully generated 47 samples for phishing
2025-06-15 14:06:33,918 - cyberdata.scripts.generator - INFO - /Users/tianyu/Notebooks/cyberdata/src/cyberdata/process/synthetic_generator.py:618 - main() - 
============================================================
2025-06-15 14:06:33,918 - cyberdata.scripts.generator - INFO - /Users/tianyu/Notebooks/cyberdata/src/cyberdata/process/synthetic_generator.py:619 - main() - Processing problem 2/2: Social Engineering/Phishing and Spam Email Attacks
2025-06-15 14:06:33,918 - cyberdata.scripts.generator - INFO - /Users/tianyu/Notebooks/cyberdata/src/cyberdata/process/synthetic_generator.py:620 - main() - ============================================================
2025-06-15 14:06:33,918 - cyberdata.scripts.generator - INFO - /Users/tianyu/Notebooks/cyberdata/src/cyberdata/process/synthetic_generator.py:467 - generate_parallel() - Starting parallel generation for Phishing and Spam Email Attacks: 50 malicious, 50 benign
2025-06-15 14:06:33,919 - cyberdata.scripts.generator - INFO - /Users/tianyu/Notebooks/cyberdata/src/cyberdata/process/synthetic_generator.py:309 - create_generation_tasks() - Created 50 generation tasks for Phishing and Spam Email Attacks
2025-06-15 14:06:33,919 - cyberdata.scripts.generator - INFO - /Users/tianyu/Notebooks/cyberdata/src/cyberdata/process/synthetic_generator.py:318 - execute_generation_task() - Executing task Phishing and Spam Email Attacks_mal_0 (attempt 1): 2 malicious samples
2025-06-15 14:06:33,920 - cyberdata.scripts.generator - INFO - /Users/tianyu/Notebooks/cyberdata/src/cyberdata/process/synthetic_generator.py:318 - execute_generation_task() - Executing task Phishing and Spam Email Attacks_mal_1 (attempt 1): 2 malicious samples
2025-06-15 14:06:33,920 - cyberdata.scripts.generator - INFO - /Users/tianyu/Notebooks/cyberdata/src/cyberdata/process/synthetic_generator.py:318 - execute_generation_task() - Executing task Phishing and Spam Email Attacks_mal_2 (attempt 1): 2 malicious samples
2025-06-15 14:06:33,920 - cyberdata.scripts.generator - INFO - /Users/tianyu/Notebooks/cyberdata/src/cyberdata/process/synthetic_generator.py:318 - execute_generation_task() - Executing task Phishing and Spam Email Attacks_mal_3 (attempt 1): 2 malicious samples
2025-06-15 14:06:51,619 - cyberdata.scripts.generator - INFO - /Users/tianyu/Notebooks/cyberdata/src/cyberdata/process/synthetic_generator.py:350 - execute_generation_task() - Task Phishing and Spam Email Attacks_mal_1 completed: 2 unique samples (0 duplicates filtered) in 17.70s
2025-06-15 14:06:51,619 - cyberdata.scripts.generator - INFO - /Users/tianyu/Notebooks/cyberdata/src/cyberdata/process/synthetic_generator.py:318 - execute_generation_task() - Executing task Phishing and Spam Email Attacks_mal_4 (attempt 1): 2 malicious samples
2025-06-15 14:06:51,619 - cyberdata.scripts.generator - INFO - /Users/tianyu/Notebooks/cyberdata/src/cyberdata/process/synthetic_generator.py:499 - generate_parallel() - Task Phishing and Spam Email Attacks_mal_1 contributed 2 samples
2025-06-15 14:06:51,704 - cyberdata.scripts.generator - INFO - /Users/tianyu/Notebooks/cyberdata/src/cyberdata/process/synthetic_generator.py:350 - execute_generation_task() - Task Phishing and Spam Email Attacks_mal_3 completed: 2 unique samples (0 duplicates filtered) in 17.78s
2025-06-15 14:06:51,704 - cyberdata.scripts.generator - INFO - /Users/tianyu/Notebooks/cyberdata/src/cyberdata/process/synthetic_generator.py:318 - execute_generation_task() - Executing task Phishing and Spam Email Attacks_mal_5 (attempt 1): 2 malicious samples
2025-06-15 14:06:51,704 - cyberdata.scripts.generator - INFO - /Users/tianyu/Notebooks/cyberdata/src/cyberdata/process/synthetic_generator.py:499 - generate_parallel() - Task Phishing and Spam Email Attacks_mal_3 contributed 2 samples
2025-06-15 14:06:52,381 - cyberdata.scripts.generator - INFO - /Users/tianyu/Notebooks/cyberdata/src/cyberdata/process/synthetic_generator.py:350 - execute_generation_task() - Task Phishing and Spam Email Attacks_mal_2 completed: 2 unique samples (0 duplicates filtered) in 18.46s
2025-06-15 14:06:52,381 - cyberdata.scripts.generator - INFO - /Users/tianyu/Notebooks/cyberdata/src/cyberdata/process/synthetic_generator.py:318 - execute_generation_task() - Executing task Phishing and Spam Email Attacks_mal_6 (attempt 1): 2 malicious samples
2025-06-15 14:06:52,381 - cyberdata.scripts.generator - INFO - /Users/tianyu/Notebooks/cyberdata/src/cyberdata/process/synthetic_generator.py:499 - generate_parallel() - Task Phishing and Spam Email Attacks_mal_2 contributed 2 samples
2025-06-15 14:06:52,478 - cyberdata.scripts.generator - INFO - /Users/tianyu/Notebooks/cyberdata/src/cyberdata/process/synthetic_generator.py:350 - execute_generation_task() - Task Phishing and Spam Email Attacks_mal_0 completed: 2 unique samples (0 duplicates filtered) in 18.56s
2025-06-15 14:06:52,478 - cyberdata.scripts.generator - INFO - /Users/tianyu/Notebooks/cyberdata/src/cyberdata/process/synthetic_generator.py:318 - execute_generation_task() - Executing task Phishing and Spam Email Attacks_mal_7 (attempt 1): 2 malicious samples
2025-06-15 14:06:52,478 - cyberdata.scripts.generator - INFO - /Users/tianyu/Notebooks/cyberdata/src/cyberdata/process/synthetic_generator.py:499 - generate_parallel() - Task Phishing and Spam Email Attacks_mal_0 contributed 2 samples
2025-06-15 14:07:11,340 - cyberdata.scripts.generator - INFO - /Users/tianyu/Notebooks/cyberdata/src/cyberdata/process/synthetic_generator.py:350 - execute_generation_task() - Task Phishing and Spam Email Attacks_mal_5 completed: 2 unique samples (0 duplicates filtered) in 19.64s
2025-06-15 14:07:11,341 - cyberdata.scripts.generator - INFO - /Users/tianyu/Notebooks/cyberdata/src/cyberdata/process/synthetic_generator.py:318 - execute_generation_task() - Executing task Phishing and Spam Email Attacks_mal_8 (attempt 1): 2 malicious samples
2025-06-15 14:07:11,341 - cyberdata.scripts.generator - INFO - /Users/tianyu/Notebooks/cyberdata/src/cyberdata/process/synthetic_generator.py:499 - generate_parallel() - Task Phishing and Spam Email Attacks_mal_5 contributed 2 samples
2025-06-15 14:07:15,925 - cyberdata.scripts.generator - INFO - /Users/tianyu/Notebooks/cyberdata/src/cyberdata/process/synthetic_generator.py:350 - execute_generation_task() - Task Phishing and Spam Email Attacks_mal_4 completed: 2 unique samples (0 duplicates filtered) in 24.31s
2025-06-15 14:07:15,926 - cyberdata.scripts.generator - INFO - /Users/tianyu/Notebooks/cyberdata/src/cyberdata/process/synthetic_generator.py:318 - execute_generation_task() - Executing task Phishing and Spam Email Attacks_mal_9 (attempt 1): 2 malicious samples
2025-06-15 14:07:15,926 - cyberdata.scripts.generator - INFO - /Users/tianyu/Notebooks/cyberdata/src/cyberdata/process/synthetic_generator.py:499 - generate_parallel() - Task Phishing and Spam Email Attacks_mal_4 contributed 2 samples
2025-06-15 14:07:19,253 - cyberdata.scripts.generator - INFO - /Users/tianyu/Notebooks/cyberdata/src/cyberdata/process/synthetic_generator.py:350 - execute_generation_task() - Task Phishing and Spam Email Attacks_mal_6 completed: 2 unique samples (0 duplicates filtered) in 26.87s
2025-06-15 14:07:19,253 - cyberdata.scripts.generator - INFO - /Users/tianyu/Notebooks/cyberdata/src/cyberdata/process/synthetic_generator.py:318 - execute_generation_task() - Executing task Phishing and Spam Email Attacks_mal_10 (attempt 1): 2 malicious samples
2025-06-15 14:07:19,253 - cyberdata.scripts.generator - INFO - /Users/tianyu/Notebooks/cyberdata/src/cyberdata/process/synthetic_generator.py:499 - generate_parallel() - Task Phishing and Spam Email Attacks_mal_6 contributed 2 samples
2025-06-15 14:07:23,731 - cyberdata.scripts.generator - INFO - /Users/tianyu/Notebooks/cyberdata/src/cyberdata/process/synthetic_generator.py:350 - execute_generation_task() - Task Phishing and Spam Email Attacks_mal_7 completed: 2 unique samples (0 duplicates filtered) in 31.25s
2025-06-15 14:07:23,731 - cyberdata.scripts.generator - INFO - /Users/tianyu/Notebooks/cyberdata/src/cyberdata/process/synthetic_generator.py:318 - execute_generation_task() - Executing task Phishing and Spam Email Attacks_mal_11 (attempt 1): 2 malicious samples
2025-06-15 14:07:23,731 - cyberdata.scripts.generator - INFO - /Users/tianyu/Notebooks/cyberdata/src/cyberdata/process/synthetic_generator.py:499 - generate_parallel() - Task Phishing and Spam Email Attacks_mal_7 contributed 2 samples
2025-06-15 14:07:33,664 - cyberdata.scripts.generator - INFO - /Users/tianyu/Notebooks/cyberdata/src/cyberdata/process/synthetic_generator.py:350 - execute_generation_task() - Task Phishing and Spam Email Attacks_mal_8 completed: 2 unique samples (0 duplicates filtered) in 22.32s
2025-06-15 14:07:33,664 - cyberdata.scripts.generator - INFO - /Users/tianyu/Notebooks/cyberdata/src/cyberdata/process/synthetic_generator.py:318 - execute_generation_task() - Executing task Phishing and Spam Email Attacks_mal_12 (attempt 1): 2 malicious samples
2025-06-15 14:07:33,664 - cyberdata.scripts.generator - INFO - /Users/tianyu/Notebooks/cyberdata/src/cyberdata/process/synthetic_generator.py:499 - generate_parallel() - Task Phishing and Spam Email Attacks_mal_8 contributed 2 samples
2025-06-15 14:07:35,709 - cyberdata.scripts.generator - INFO - /Users/tianyu/Notebooks/cyberdata/src/cyberdata/process/synthetic_generator.py:350 - execute_generation_task() - Task Phishing and Spam Email Attacks_mal_10 completed: 2 unique samples (0 duplicates filtered) in 16.46s
2025-06-15 14:07:35,709 - cyberdata.scripts.generator - INFO - /Users/tianyu/Notebooks/cyberdata/src/cyberdata/process/synthetic_generator.py:318 - execute_generation_task() - Executing task Phishing and Spam Email Attacks_mal_13 (attempt 1): 2 malicious samples
2025-06-15 14:07:35,710 - cyberdata.scripts.generator - INFO - /Users/tianyu/Notebooks/cyberdata/src/cyberdata/process/synthetic_generator.py:499 - generate_parallel() - Task Phishing and Spam Email Attacks_mal_10 contributed 2 samples
2025-06-15 14:07:37,673 - cyberdata.scripts.generator - INFO - /Users/tianyu/Notebooks/cyberdata/src/cyberdata/process/synthetic_generator.py:350 - execute_generation_task() - Task Phishing and Spam Email Attacks_mal_9 completed: 2 unique samples (0 duplicates filtered) in 21.75s
2025-06-15 14:07:37,673 - cyberdata.scripts.generator - INFO - /Users/tianyu/Notebooks/cyberdata/src/cyberdata/process/synthetic_generator.py:318 - execute_generation_task() - Executing task Phishing and Spam Email Attacks_mal_14 (attempt 1): 2 malicious samples
2025-06-15 14:07:37,674 - cyberdata.scripts.generator - INFO - /Users/tianyu/Notebooks/cyberdata/src/cyberdata/process/synthetic_generator.py:499 - generate_parallel() - Task Phishing and Spam Email Attacks_mal_9 contributed 2 samples
2025-06-15 14:07:45,643 - cyberdata.scripts.generator - INFO - /Users/tianyu/Notebooks/cyberdata/src/cyberdata/process/synthetic_generator.py:350 - execute_generation_task() - Task Phishing and Spam Email Attacks_mal_11 completed: 2 unique samples (0 duplicates filtered) in 21.91s
2025-06-15 14:07:45,643 - cyberdata.scripts.generator - INFO - /Users/tianyu/Notebooks/cyberdata/src/cyberdata/process/synthetic_generator.py:318 - execute_generation_task() - Executing task Phishing and Spam Email Attacks_mal_15 (attempt 1): 2 malicious samples
2025-06-15 14:07:45,643 - cyberdata.scripts.generator - INFO - /Users/tianyu/Notebooks/cyberdata/src/cyberdata/process/synthetic_generator.py:499 - generate_parallel() - Task Phishing and Spam Email Attacks_mal_11 contributed 2 samples
2025-06-15 14:07:56,279 - cyberdata.scripts.generator - INFO - /Users/tianyu/Notebooks/cyberdata/src/cyberdata/process/synthetic_generator.py:350 - execute_generation_task() - Task Phishing and Spam Email Attacks_mal_12 completed: 2 unique samples (0 duplicates filtered) in 22.62s
2025-06-15 14:07:56,280 - cyberdata.scripts.generator - INFO - /Users/tianyu/Notebooks/cyberdata/src/cyberdata/process/synthetic_generator.py:318 - execute_generation_task() - Executing task Phishing and Spam Email Attacks_mal_16 (attempt 1): 2 malicious samples
2025-06-15 14:07:56,280 - cyberdata.scripts.generator - INFO - /Users/tianyu/Notebooks/cyberdata/src/cyberdata/process/synthetic_generator.py:499 - generate_parallel() - Task Phishing and Spam Email Attacks_mal_12 contributed 2 samples
2025-06-15 14:07:56,350 - cyberdata.scripts.generator - INFO - /Users/tianyu/Notebooks/cyberdata/src/cyberdata/process/synthetic_generator.py:350 - execute_generation_task() - Task Phishing and Spam Email Attacks_mal_13 completed: 2 unique samples (0 duplicates filtered) in 20.64s
2025-06-15 14:07:56,350 - cyberdata.scripts.generator - INFO - /Users/tianyu/Notebooks/cyberdata/src/cyberdata/process/synthetic_generator.py:318 - execute_generation_task() - Executing task Phishing and Spam Email Attacks_mal_17 (attempt 1): 2 malicious samples
2025-06-15 14:07:56,350 - cyberdata.scripts.generator - INFO - /Users/tianyu/Notebooks/cyberdata/src/cyberdata/process/synthetic_generator.py:499 - generate_parallel() - Task Phishing and Spam Email Attacks_mal_13 contributed 2 samples
2025-06-15 14:08:03,148 - cyberdata.scripts.generator - INFO - /Users/tianyu/Notebooks/cyberdata/src/cyberdata/process/synthetic_generator.py:350 - execute_generation_task() - Task Phishing and Spam Email Attacks_mal_14 completed: 2 unique samples (0 duplicates filtered) in 25.47s
2025-06-15 14:08:03,148 - cyberdata.scripts.generator - INFO - /Users/tianyu/Notebooks/cyberdata/src/cyberdata/process/synthetic_generator.py:318 - execute_generation_task() - Executing task Phishing and Spam Email Attacks_mal_18 (attempt 1): 2 malicious samples
2025-06-15 14:08:03,148 - cyberdata.scripts.generator - INFO - /Users/tianyu/Notebooks/cyberdata/src/cyberdata/process/synthetic_generator.py:499 - generate_parallel() - Task Phishing and Spam Email Attacks_mal_14 contributed 2 samples
2025-06-15 14:08:07,520 - cyberdata.scripts.generator - INFO - /Users/tianyu/Notebooks/cyberdata/src/cyberdata/process/synthetic_generator.py:350 - execute_generation_task() - Task Phishing and Spam Email Attacks_mal_15 completed: 2 unique samples (0 duplicates filtered) in 21.88s
2025-06-15 14:08:07,520 - cyberdata.scripts.generator - INFO - /Users/tianyu/Notebooks/cyberdata/src/cyberdata/process/synthetic_generator.py:318 - execute_generation_task() - Executing task Phishing and Spam Email Attacks_mal_19 (attempt 1): 2 malicious samples
2025-06-15 14:08:07,520 - cyberdata.scripts.generator - INFO - /Users/tianyu/Notebooks/cyberdata/src/cyberdata/process/synthetic_generator.py:499 - generate_parallel() - Task Phishing and Spam Email Attacks_mal_15 contributed 2 samples
2025-06-15 14:08:18,945 - cyberdata.scripts.generator - INFO - /Users/tianyu/Notebooks/cyberdata/src/cyberdata/process/synthetic_generator.py:350 - execute_generation_task() - Task Phishing and Spam Email Attacks_mal_17 completed: 2 unique samples (0 duplicates filtered) in 22.60s
2025-06-15 14:08:18,946 - cyberdata.scripts.generator - INFO - /Users/tianyu/Notebooks/cyberdata/src/cyberdata/process/synthetic_generator.py:318 - execute_generation_task() - Executing task Phishing and Spam Email Attacks_mal_20 (attempt 1): 2 malicious samples
2025-06-15 14:08:18,946 - cyberdata.scripts.generator - INFO - /Users/tianyu/Notebooks/cyberdata/src/cyberdata/process/synthetic_generator.py:499 - generate_parallel() - Task Phishing and Spam Email Attacks_mal_17 contributed 2 samples
2025-06-15 14:08:23,179 - cyberdata.scripts.generator - INFO - /Users/tianyu/Notebooks/cyberdata/src/cyberdata/process/synthetic_generator.py:350 - execute_generation_task() - Task Phishing and Spam Email Attacks_mal_16 completed: 2 unique samples (0 duplicates filtered) in 26.90s
2025-06-15 14:08:23,180 - cyberdata.scripts.generator - INFO - /Users/tianyu/Notebooks/cyberdata/src/cyberdata/process/synthetic_generator.py:318 - execute_generation_task() - Executing task Phishing and Spam Email Attacks_mal_21 (attempt 1): 2 malicious samples
2025-06-15 14:08:23,180 - cyberdata.scripts.generator - INFO - /Users/tianyu/Notebooks/cyberdata/src/cyberdata/process/synthetic_generator.py:499 - generate_parallel() - Task Phishing and Spam Email Attacks_mal_16 contributed 2 samples
2025-06-15 14:08:28,577 - cyberdata.scripts.generator - INFO - /Users/tianyu/Notebooks/cyberdata/src/cyberdata/process/synthetic_generator.py:350 - execute_generation_task() - Task Phishing and Spam Email Attacks_mal_18 completed: 2 unique samples (0 duplicates filtered) in 25.43s
2025-06-15 14:08:28,577 - cyberdata.scripts.generator - INFO - /Users/tianyu/Notebooks/cyberdata/src/cyberdata/process/synthetic_generator.py:318 - execute_generation_task() - Executing task Phishing and Spam Email Attacks_mal_22 (attempt 1): 2 malicious samples
2025-06-15 14:08:28,578 - cyberdata.scripts.generator - INFO - /Users/tianyu/Notebooks/cyberdata/src/cyberdata/process/synthetic_generator.py:499 - generate_parallel() - Task Phishing and Spam Email Attacks_mal_18 contributed 2 samples
2025-06-15 14:08:31,400 - cyberdata.scripts.generator - INFO - /Users/tianyu/Notebooks/cyberdata/src/cyberdata/process/synthetic_generator.py:350 - execute_generation_task() - Task Phishing and Spam Email Attacks_mal_19 completed: 2 unique samples (0 duplicates filtered) in 23.88s
2025-06-15 14:08:31,400 - cyberdata.scripts.generator - INFO - /Users/tianyu/Notebooks/cyberdata/src/cyberdata/process/synthetic_generator.py:318 - execute_generation_task() - Executing task Phishing and Spam Email Attacks_mal_23 (attempt 1): 2 malicious samples
2025-06-15 14:08:31,400 - cyberdata.scripts.generator - INFO - /Users/tianyu/Notebooks/cyberdata/src/cyberdata/process/synthetic_generator.py:499 - generate_parallel() - Task Phishing and Spam Email Attacks_mal_19 contributed 2 samples
2025-06-15 14:08:39,728 - cyberdata.scripts.generator - INFO - /Users/tianyu/Notebooks/cyberdata/src/cyberdata/process/synthetic_generator.py:350 - execute_generation_task() - Task Phishing and Spam Email Attacks_mal_20 completed: 2 unique samples (0 duplicates filtered) in 20.78s
2025-06-15 14:08:39,729 - cyberdata.scripts.generator - INFO - /Users/tianyu/Notebooks/cyberdata/src/cyberdata/process/synthetic_generator.py:318 - execute_generation_task() - Executing task Phishing and Spam Email Attacks_mal_24 (attempt 1): 2 malicious samples
2025-06-15 14:08:39,729 - cyberdata.scripts.generator - INFO - /Users/tianyu/Notebooks/cyberdata/src/cyberdata/process/synthetic_generator.py:499 - generate_parallel() - Task Phishing and Spam Email Attacks_mal_20 contributed 2 samples
2025-06-15 14:08:46,589 - cyberdata.scripts.generator - INFO - /Users/tianyu/Notebooks/cyberdata/src/cyberdata/process/synthetic_generator.py:350 - execute_generation_task() - Task Phishing and Spam Email Attacks_mal_23 completed: 2 unique samples (0 duplicates filtered) in 15.19s
2025-06-15 14:08:46,590 - cyberdata.scripts.generator - INFO - /Users/tianyu/Notebooks/cyberdata/src/cyberdata/process/synthetic_generator.py:318 - execute_generation_task() - Executing task Phishing and Spam Email Attacks_ben_25 (attempt 1): 2 benign samples
2025-06-15 14:08:46,590 - cyberdata.scripts.generator - INFO - /Users/tianyu/Notebooks/cyberdata/src/cyberdata/process/synthetic_generator.py:499 - generate_parallel() - Task Phishing and Spam Email Attacks_mal_23 contributed 2 samples
2025-06-15 14:08:47,982 - cyberdata.scripts.generator - INFO - /Users/tianyu/Notebooks/cyberdata/src/cyberdata/process/synthetic_generator.py:350 - execute_generation_task() - Task Phishing and Spam Email Attacks_mal_21 completed: 2 unique samples (0 duplicates filtered) in 24.80s
2025-06-15 14:08:47,983 - cyberdata.scripts.generator - INFO - /Users/tianyu/Notebooks/cyberdata/src/cyberdata/process/synthetic_generator.py:318 - execute_generation_task() - Executing task Phishing and Spam Email Attacks_ben_26 (attempt 1): 2 benign samples
2025-06-15 14:08:47,983 - cyberdata.scripts.generator - INFO - /Users/tianyu/Notebooks/cyberdata/src/cyberdata/process/synthetic_generator.py:499 - generate_parallel() - Task Phishing and Spam Email Attacks_mal_21 contributed 2 samples
2025-06-15 14:08:49,704 - cyberdata.scripts.generator - INFO - /Users/tianyu/Notebooks/cyberdata/src/cyberdata/process/synthetic_generator.py:350 - execute_generation_task() - Task Phishing and Spam Email Attacks_mal_22 completed: 2 unique samples (0 duplicates filtered) in 21.13s
2025-06-15 14:08:49,705 - cyberdata.scripts.generator - INFO - /Users/tianyu/Notebooks/cyberdata/src/cyberdata/process/synthetic_generator.py:318 - execute_generation_task() - Executing task Phishing and Spam Email Attacks_ben_27 (attempt 1): 2 benign samples
2025-06-15 14:08:49,705 - cyberdata.scripts.generator - INFO - /Users/tianyu/Notebooks/cyberdata/src/cyberdata/process/synthetic_generator.py:499 - generate_parallel() - Task Phishing and Spam Email Attacks_mal_22 contributed 2 samples
2025-06-15 14:08:57,631 - cyberdata.scripts.generator - INFO - /Users/tianyu/Notebooks/cyberdata/src/cyberdata/process/synthetic_generator.py:350 - execute_generation_task() - Task Phishing and Spam Email Attacks_mal_24 completed: 2 unique samples (0 duplicates filtered) in 17.90s
2025-06-15 14:08:57,631 - cyberdata.scripts.generator - INFO - /Users/tianyu/Notebooks/cyberdata/src/cyberdata/process/synthetic_generator.py:318 - execute_generation_task() - Executing task Phishing and Spam Email Attacks_ben_28 (attempt 1): 2 benign samples
2025-06-15 14:08:57,631 - cyberdata.scripts.generator - INFO - /Users/tianyu/Notebooks/cyberdata/src/cyberdata/process/synthetic_generator.py:499 - generate_parallel() - Task Phishing and Spam Email Attacks_mal_24 contributed 2 samples
