2025-06-18 21:24:47,180 - cyberdata.scripts.generator - INFO - C:\Users\Tianyu Wang\Documents\Notebooks\cyberdata\src\cyberdata\utils\logger_config.py:62 - setup_logger() - Logger initialized. Logs will be saved to C:\Users\Tianyu Wang\Documents\Notebooks\cyberdata\logs\cyberdata.scripts.generator_20250618_212447.log
2025-06-18 21:24:47,207 - cyberdata.scripts.generator - INFO - c:\Users\Tianyu Wang\Documents\Notebooks\cyberdata\src\cyberdata\process\synthetic_generator.py:200 - __init__() - Generator initialized: 4 workers, batch size 2, defaults: 10 samples, 0.5 malicious ratio
2025-06-18 21:24:47,208 - cyberdata.scripts.generator - INFO - c:\Users\Tianyu Wang\Documents\Notebooks\cyberdata\src\cyberdata\process\synthetic_generator.py:1126 - main() - Starting enhanced generation: count=10, malicious_ratio=0.5
2025-06-18 21:24:47,208 - cyberdata.scripts.generator - INFO - c:\Users\Tianyu Wang\Documents\Notebooks\cyberdata\src\cyberdata\process\synthetic_generator.py:1137 - main() - Target distribution: 5 malicious, 5 benign
2025-06-18 21:24:47,209 - cyberdata.scripts.generator - INFO - c:\Users\Tianyu Wang\Documents\Notebooks\cyberdata\src\cyberdata\process\synthetic_generator.py:1149 - main() - Processing 1 problems
2025-06-18 21:24:47,209 - cyberdata.scripts.generator - INFO - c:\Users\Tianyu Wang\Documents\Notebooks\cyberdata\src\cyberdata\process\synthetic_generator.py:1167 - main() - 
============================================================
2025-06-18 21:24:47,209 - cyberdata.scripts.generator - INFO - c:\Users\Tianyu Wang\Documents\Notebooks\cyberdata\src\cyberdata\process\synthetic_generator.py:1168 - main() - Processing problem 1/1: network_security_intrusion_detection/rare and sophisticated network intrusion attacks focusing on Remote-to-Local (R2L) and User-to-Root (U2R) privilege escalation
2025-06-18 21:24:47,210 - cyberdata.scripts.generator - INFO - c:\Users\Tianyu Wang\Documents\Notebooks\cyberdata\src\cyberdata\process\synthetic_generator.py:1169 - main() - ============================================================
2025-06-18 21:24:47,210 - cyberdata.scripts.generator - INFO - c:\Users\Tianyu Wang\Documents\Notebooks\cyberdata\src\cyberdata\process\synthetic_generator.py:967 - generate_parallel() - Starting parallel generation for rare and sophisticated network intrusion attacks focusing on Remote-to-Local (R2L) and User-to-Root (U2R) privilege escalation: 5 malicious, 5 benign
2025-06-18 21:24:47,211 - cyberdata.scripts.generator - INFO - c:\Users\Tianyu Wang\Documents\Notebooks\cyberdata\src\cyberdata\process\synthetic_generator.py:380 - load_examples() - Loaded 6 examples for rare and sophisticated network intrusion attacks focusing on Remote-to-Local (R2L) and User-to-Root (U2R) privilege escalation (data_info enhanced: True)
2025-06-18 21:24:47,211 - cyberdata.scripts.generator - INFO - c:\Users\Tianyu Wang\Documents\Notebooks\cyberdata\src\cyberdata\process\synthetic_generator.py:420 - create_generation_tasks() - Creating tasks for rare and sophisticated network intrusion attacks focusing on Remote-to-Local (R2L) and User-to-Root (U2R) privilege escalation (enhanced: False)
2025-06-18 21:24:47,211 - cyberdata.scripts.generator - INFO - c:\Users\Tianyu Wang\Documents\Notebooks\cyberdata\src\cyberdata\process\synthetic_generator.py:467 - create_generation_tasks() - Created 6 generation tasks for rare and sophisticated network intrusion attacks focusing on Remote-to-Local (R2L) and User-to-Root (U2R) privilege escalation (enhanced: False)
2025-06-18 21:24:47,212 - cyberdata.scripts.generator - INFO - c:\Users\Tianyu Wang\Documents\Notebooks\cyberdata\src\cyberdata\process\synthetic_generator.py:481 - execute_generation_task() - Executing task rare and sophisticated network intrusion attacks focusing on Remote-to-Local (R2L) and User-to-Root (U2R) privilege escalation_mal_0 (attempt 1): 2 malicious samples (enhanced: False)
2025-06-18 21:24:47,212 - cyberdata.scripts.generator - INFO - c:\Users\Tianyu Wang\Documents\Notebooks\cyberdata\src\cyberdata\process\synthetic_generator.py:481 - execute_generation_task() - Executing task rare and sophisticated network intrusion attacks focusing on Remote-to-Local (R2L) and User-to-Root (U2R) privilege escalation_mal_1 (attempt 1): 2 malicious samples (enhanced: False)
2025-06-18 21:24:47,213 - cyberdata.scripts.generator - INFO - c:\Users\Tianyu Wang\Documents\Notebooks\cyberdata\src\cyberdata\process\synthetic_generator.py:481 - execute_generation_task() - Executing task rare and sophisticated network intrusion attacks focusing on Remote-to-Local (R2L) and User-to-Root (U2R) privilege escalation_mal_2 (attempt 1): 1 malicious samples (enhanced: False)
2025-06-18 21:24:47,216 - cyberdata.scripts.generator - INFO - c:\Users\Tianyu Wang\Documents\Notebooks\cyberdata\src\cyberdata\process\synthetic_generator.py:481 - execute_generation_task() - Executing task rare and sophisticated network intrusion attacks focusing on Remote-to-Local (R2L) and User-to-Root (U2R) privilege escalation_ben_3 (attempt 1): 2 benign samples (enhanced: False)
2025-06-18 21:24:57,085 - cyberdata.scripts.generator - INFO - c:\Users\Tianyu Wang\Documents\Notebooks\cyberdata\src\cyberdata\process\synthetic_generator.py:527 - execute_generation_task() - Task rare and sophisticated network intrusion attacks focusing on Remote-to-Local (R2L) and User-to-Root (U2R) privilege escalation_mal_2 completed: 1 unique samples (0 duplicates filtered) in 9.87s
2025-06-18 21:24:57,085 - cyberdata.scripts.generator - INFO - c:\Users\Tianyu Wang\Documents\Notebooks\cyberdata\src\cyberdata\process\synthetic_generator.py:481 - execute_generation_task() - Executing task rare and sophisticated network intrusion attacks focusing on Remote-to-Local (R2L) and User-to-Root (U2R) privilege escalation_ben_4 (attempt 1): 2 benign samples (enhanced: False)
2025-06-18 21:24:57,085 - cyberdata.scripts.generator - INFO - c:\Users\Tianyu Wang\Documents\Notebooks\cyberdata\src\cyberdata\process\synthetic_generator.py:999 - generate_parallel() - Task rare and sophisticated network intrusion attacks focusing on Remote-to-Local (R2L) and User-to-Root (U2R) privilege escalation_mal_2 contributed 1 samples
2025-06-18 21:24:57,929 - cyberdata.scripts.generator - INFO - c:\Users\Tianyu Wang\Documents\Notebooks\cyberdata\src\cyberdata\process\synthetic_generator.py:527 - execute_generation_task() - Task rare and sophisticated network intrusion attacks focusing on Remote-to-Local (R2L) and User-to-Root (U2R) privilege escalation_ben_3 completed: 2 unique samples (0 duplicates filtered) in 10.71s
2025-06-18 21:24:57,930 - cyberdata.scripts.generator - INFO - c:\Users\Tianyu Wang\Documents\Notebooks\cyberdata\src\cyberdata\process\synthetic_generator.py:481 - execute_generation_task() - Executing task rare and sophisticated network intrusion attacks focusing on Remote-to-Local (R2L) and User-to-Root (U2R) privilege escalation_ben_5 (attempt 1): 1 benign samples (enhanced: False)
2025-06-18 21:24:57,931 - cyberdata.scripts.generator - INFO - c:\Users\Tianyu Wang\Documents\Notebooks\cyberdata\src\cyberdata\process\synthetic_generator.py:999 - generate_parallel() - Task rare and sophisticated network intrusion attacks focusing on Remote-to-Local (R2L) and User-to-Root (U2R) privilege escalation_ben_3 contributed 2 samples
2025-06-18 21:25:03,900 - cyberdata.scripts.generator - INFO - c:\Users\Tianyu Wang\Documents\Notebooks\cyberdata\src\cyberdata\process\synthetic_generator.py:527 - execute_generation_task() - Task rare and sophisticated network intrusion attacks focusing on Remote-to-Local (R2L) and User-to-Root (U2R) privilege escalation_ben_5 completed: 1 unique samples (0 duplicates filtered) in 5.97s
2025-06-18 21:25:03,902 - cyberdata.scripts.generator - INFO - c:\Users\Tianyu Wang\Documents\Notebooks\cyberdata\src\cyberdata\process\synthetic_generator.py:999 - generate_parallel() - Task rare and sophisticated network intrusion attacks focusing on Remote-to-Local (R2L) and User-to-Root (U2R) privilege escalation_ben_5 contributed 1 samples
2025-06-18 21:25:08,785 - cyberdata.scripts.generator - INFO - c:\Users\Tianyu Wang\Documents\Notebooks\cyberdata\src\cyberdata\process\synthetic_generator.py:527 - execute_generation_task() - Task rare and sophisticated network intrusion attacks focusing on Remote-to-Local (R2L) and User-to-Root (U2R) privilege escalation_mal_1 completed: 1 unique samples (1 duplicates filtered) in 21.57s
2025-06-18 21:25:08,786 - cyberdata.scripts.generator - INFO - c:\Users\Tianyu Wang\Documents\Notebooks\cyberdata\src\cyberdata\process\synthetic_generator.py:999 - generate_parallel() - Task rare and sophisticated network intrusion attacks focusing on Remote-to-Local (R2L) and User-to-Root (U2R) privilege escalation_mal_1 contributed 1 samples
2025-06-18 21:25:08,786 - cyberdata.scripts.generator - INFO - c:\Users\Tianyu Wang\Documents\Notebooks\cyberdata\src\cyberdata\process\synthetic_generator.py:527 - execute_generation_task() - Task rare and sophisticated network intrusion attacks focusing on Remote-to-Local (R2L) and User-to-Root (U2R) privilege escalation_mal_0 completed: 0 unique samples (2 duplicates filtered) in 21.57s
2025-06-18 21:25:08,787 - cyberdata.scripts.generator - INFO - c:\Users\Tianyu Wang\Documents\Notebooks\cyberdata\src\cyberdata\process\synthetic_generator.py:999 - generate_parallel() - Task rare and sophisticated network intrusion attacks focusing on Remote-to-Local (R2L) and User-to-Root (U2R) privilege escalation_mal_0 contributed 0 samples
2025-06-18 21:25:08,801 - cyberdata.scripts.generator - INFO - c:\Users\Tianyu Wang\Documents\Notebooks\cyberdata\src\cyberdata\process\synthetic_generator.py:527 - execute_generation_task() - Task rare and sophisticated network intrusion attacks focusing on Remote-to-Local (R2L) and User-to-Root (U2R) privilege escalation_ben_4 completed: 0 unique samples (2 duplicates filtered) in 11.72s
2025-06-18 21:25:08,801 - cyberdata.scripts.generator - INFO - c:\Users\Tianyu Wang\Documents\Notebooks\cyberdata\src\cyberdata\process\synthetic_generator.py:999 - generate_parallel() - Task rare and sophisticated network intrusion attacks focusing on Remote-to-Local (R2L) and User-to-Root (U2R) privilege escalation_ben_4 contributed 0 samples
2025-06-18 21:25:08,802 - cyberdata.scripts.generator - INFO - c:\Users\Tianyu Wang\Documents\Notebooks\cyberdata\src\cyberdata\process\synthetic_generator.py:1011 - generate_parallel() - Parallel generation completed for rare and sophisticated network intrusion attacks focusing on Remote-to-Local (R2L) and User-to-Root (U2R) privilege escalation: 5 total samples generated in 21.59 seconds
2025-06-18 21:25:08,805 - cyberdata.scripts.generator - INFO - c:\Users\Tianyu Wang\Documents\Notebooks\cyberdata\src\cyberdata\process\synthetic_generator.py:1069 - save_samples() - Saved 5 new samples to C:\Users\Tianyu Wang\Documents\Notebooks\cyberdata\data\large_samples\network_security_intrusion_detection\rare_and_sophisticated_network_intrusion_attacks_focusing_on_Remote_to_Local_R2L_and_User_to_Root_U2R_privilege_escalation_large.json
2025-06-18 21:25:08,805 - cyberdata.scripts.generator - INFO - c:\Users\Tianyu Wang\Documents\Notebooks\cyberdata\src\cyberdata\process\synthetic_generator.py:1070 - save_samples() - Total samples in file: 5 (enhanced: True)
2025-06-18 21:25:08,806 - cyberdata.scripts.generator - INFO - c:\Users\Tianyu Wang\Documents\Notebooks\cyberdata\src\cyberdata\process\synthetic_generator.py:1071 - save_samples() - Generation rate: 13.9 samples/minute
2025-06-18 21:25:08,806 - cyberdata.scripts.generator - INFO - c:\Users\Tianyu Wang\Documents\Notebooks\cyberdata\src\cyberdata\process\synthetic_generator.py:1207 - main() - Successfully generated 5 samples for rare and sophisticated network intrusion attacks focusing on Remote-to-Local (R2L) and User-to-Root (U2R) privilege escalation (enhanced: True)
2025-06-18 21:25:08,807 - cyberdata.scripts.generator - INFO - c:\Users\Tianyu Wang\Documents\Notebooks\cyberdata\src\cyberdata\process\synthetic_generator.py:1221 - main() - 
============================================================
2025-06-18 21:25:08,807 - cyberdata.scripts.generator - INFO - c:\Users\Tianyu Wang\Documents\Notebooks\cyberdata\src\cyberdata\process\synthetic_generator.py:1222 - main() - ENHANCED GENERATION COMPLETED
2025-06-18 21:25:08,808 - cyberdata.scripts.generator - INFO - c:\Users\Tianyu Wang\Documents\Notebooks\cyberdata\src\cyberdata\process\synthetic_generator.py:1223 - main() - ============================================================
2025-06-18 21:25:08,808 - cyberdata.scripts.generator - INFO - c:\Users\Tianyu Wang\Documents\Notebooks\cyberdata\src\cyberdata\process\synthetic_generator.py:1224 - main() - Problems processed: 1/1
2025-06-18 21:25:08,808 - cyberdata.scripts.generator - INFO - c:\Users\Tianyu Wang\Documents\Notebooks\cyberdata\src\cyberdata\process\synthetic_generator.py:1225 - main() - Enhanced with data_info.yaml: 1
2025-06-18 21:25:08,808 - cyberdata.scripts.generator - INFO - c:\Users\Tianyu Wang\Documents\Notebooks\cyberdata\src\cyberdata\process\synthetic_generator.py:1226 - main() - Enhanced context used: 1
2025-06-18 21:25:08,809 - cyberdata.scripts.generator - INFO - c:\Users\Tianyu Wang\Documents\Notebooks\cyberdata\src\cyberdata\process\synthetic_generator.py:1227 - main() - Total samples generated: 5
2025-06-18 21:25:08,809 - cyberdata.scripts.generator - INFO - c:\Users\Tianyu Wang\Documents\Notebooks\cyberdata\src\cyberdata\process\synthetic_generator.py:1228 - main() - Total duplicates filtered: 5
2025-06-18 21:25:08,809 - cyberdata.scripts.generator - INFO - c:\Users\Tianyu Wang\Documents\Notebooks\cyberdata\src\cyberdata\process\synthetic_generator.py:1229 - main() - Total generation time: 21.60 seconds
2025-06-18 21:25:08,809 - cyberdata.scripts.generator - INFO - c:\Users\Tianyu Wang\Documents\Notebooks\cyberdata\src\cyberdata\process\synthetic_generator.py:1233 - main() - Overall generation rate: 13.9 samples/minute
2025-06-18 21:25:08,810 - cyberdata.scripts.generator - INFO - c:\Users\Tianyu Wang\Documents\Notebooks\cyberdata\src\cyberdata\process\synthetic_generator.py:1235 - main() - ============================================================
